Archive member included to satisfy reference by file (symbol)

f:/programy/truestudio for stm32 9.0.1/armtools/bin/../lib/gcc/arm-atollic-eabi/6.3.1/../../../../arm-atollic-eabi/lib/armv7-m\libc_nano.a(lib_a-init.o)
                              startup\startup_stm32f103xb.o (__libc_init_array)
f:/programy/truestudio for stm32 9.0.1/armtools/bin/../lib/gcc/arm-atollic-eabi/6.3.1/../../../../arm-atollic-eabi/lib/armv7-m\libc_nano.a(lib_a-memcpy-stub.o)
                              Src\usbd_cdc_if.o (memcpy)
f:/programy/truestudio for stm32 9.0.1/armtools/bin/../lib/gcc/arm-atollic-eabi/6.3.1/../../../../arm-atollic-eabi/lib/armv7-m\libc_nano.a(lib_a-memset.o)
                              Drivers\STM32F1xx_HAL_Driver\stm32f1xx_hal_rcc.o (memset)
f:/programy/truestudio for stm32 9.0.1/armtools/bin/../lib/gcc/arm-atollic-eabi/6.3.1/../../../../arm-atollic-eabi/lib/armv7-m\libc_nano.a(lib_a-sprintf.o)
                              Src\usbcommands.o (sprintf)
f:/programy/truestudio for stm32 9.0.1/armtools/bin/../lib/gcc/arm-atollic-eabi/6.3.1/../../../../arm-atollic-eabi/lib/armv7-m\libc_nano.a(lib_a-sscanf.o)
                              Src\usbcommands.o (sscanf)
f:/programy/truestudio for stm32 9.0.1/armtools/bin/../lib/gcc/arm-atollic-eabi/6.3.1/../../../../arm-atollic-eabi/lib/armv7-m\libc_nano.a(lib_a-stdio.o)
                              f:/programy/truestudio for stm32 9.0.1/armtools/bin/../lib/gcc/arm-atollic-eabi/6.3.1/../../../../arm-atollic-eabi/lib/armv7-m\libc_nano.a(lib_a-sscanf.o) (__seofread)
f:/programy/truestudio for stm32 9.0.1/armtools/bin/../lib/gcc/arm-atollic-eabi/6.3.1/../../../../arm-atollic-eabi/lib/armv7-m\libc_nano.a(lib_a-strcmp.o)
                              Src\usbcommands.o (strcmp)
f:/programy/truestudio for stm32 9.0.1/armtools/bin/../lib/gcc/arm-atollic-eabi/6.3.1/../../../../arm-atollic-eabi/lib/armv7-m\libc_nano.a(lib_a-strcpy.o)
                              Src\myfuncs.o (strcpy)
f:/programy/truestudio for stm32 9.0.1/armtools/bin/../lib/gcc/arm-atollic-eabi/6.3.1/../../../../arm-atollic-eabi/lib/armv7-m\libc_nano.a(lib_a-strlen.o)
                              Src\myfuncs.o (strlen)
f:/programy/truestudio for stm32 9.0.1/armtools/bin/../lib/gcc/arm-atollic-eabi/6.3.1/../../../../arm-atollic-eabi/lib/armv7-m\libc_nano.a(lib_a-writer.o)
                              f:/programy/truestudio for stm32 9.0.1/armtools/bin/../lib/gcc/arm-atollic-eabi/6.3.1/../../../../arm-atollic-eabi/lib/armv7-m\libc_nano.a(lib_a-stdio.o) (_write_r)
f:/programy/truestudio for stm32 9.0.1/armtools/bin/../lib/gcc/arm-atollic-eabi/6.3.1/../../../../arm-atollic-eabi/lib/armv7-m\libc_nano.a(lib_a-closer.o)
                              f:/programy/truestudio for stm32 9.0.1/armtools/bin/../lib/gcc/arm-atollic-eabi/6.3.1/../../../../arm-atollic-eabi/lib/armv7-m\libc_nano.a(lib_a-stdio.o) (_close_r)
f:/programy/truestudio for stm32 9.0.1/armtools/bin/../lib/gcc/arm-atollic-eabi/6.3.1/../../../../arm-atollic-eabi/lib/armv7-m\libc_nano.a(lib_a-impure.o)
                              f:/programy/truestudio for stm32 9.0.1/armtools/bin/../lib/gcc/arm-atollic-eabi/6.3.1/../../../../arm-atollic-eabi/lib/armv7-m\libc_nano.a(lib_a-sprintf.o) (_impure_ptr)
f:/programy/truestudio for stm32 9.0.1/armtools/bin/../lib/gcc/arm-atollic-eabi/6.3.1/../../../../arm-atollic-eabi/lib/armv7-m\libc_nano.a(lib_a-lseekr.o)
                              f:/programy/truestudio for stm32 9.0.1/armtools/bin/../lib/gcc/arm-atollic-eabi/6.3.1/../../../../arm-atollic-eabi/lib/armv7-m\libc_nano.a(lib_a-stdio.o) (_lseek_r)
f:/programy/truestudio for stm32 9.0.1/armtools/bin/../lib/gcc/arm-atollic-eabi/6.3.1/../../../../arm-atollic-eabi/lib/armv7-m\libc_nano.a(lib_a-nano-svfprintf.o)
                              f:/programy/truestudio for stm32 9.0.1/armtools/bin/../lib/gcc/arm-atollic-eabi/6.3.1/../../../../arm-atollic-eabi/lib/armv7-m\libc_nano.a(lib_a-sprintf.o) (_svfprintf_r)
f:/programy/truestudio for stm32 9.0.1/armtools/bin/../lib/gcc/arm-atollic-eabi/6.3.1/../../../../arm-atollic-eabi/lib/armv7-m\libc_nano.a(lib_a-nano-svfscanf.o)
                              f:/programy/truestudio for stm32 9.0.1/armtools/bin/../lib/gcc/arm-atollic-eabi/6.3.1/../../../../arm-atollic-eabi/lib/armv7-m\libc_nano.a(lib_a-sscanf.o) (__ssvfscanf_r)
f:/programy/truestudio for stm32 9.0.1/armtools/bin/../lib/gcc/arm-atollic-eabi/6.3.1/../../../../arm-atollic-eabi/lib/armv7-m\libc_nano.a(lib_a-nano-vfprintf_i.o)
                              f:/programy/truestudio for stm32 9.0.1/armtools/bin/../lib/gcc/arm-atollic-eabi/6.3.1/../../../../arm-atollic-eabi/lib/armv7-m\libc_nano.a(lib_a-nano-svfprintf.o) (_printf_i)
f:/programy/truestudio for stm32 9.0.1/armtools/bin/../lib/gcc/arm-atollic-eabi/6.3.1/../../../../arm-atollic-eabi/lib/armv7-m\libc_nano.a(lib_a-nano-vfscanf_i.o)
[...]
Memory Configuration

Name             Origin             Length             Attributes
RAM              0x20000000         0x00005000         xrw
FLASH            0x08000000         0x00010000         xr
*default*        0x00000000         0xffffffff

Linker script and memory map

LOAD f:/programy/truestudio for stm32 9.0.1/armtools/bin/../lib/gcc/arm-atollic-eabi/6.3.1/armv7-m/crti.o
LOAD f:/programy/truestudio for stm32 9.0.1/armtools/bin/../lib/gcc/arm-atollic-eabi/6.3.1/armv7-m/crtbegin.o
LOAD Drivers\STM32F1xx_HAL_Driver\stm32f1xx_hal.o
LOAD Drivers\STM32F1xx_HAL_Driver\stm32f1xx_hal_cortex.o
LOAD Drivers\STM32F1xx_HAL_Driver\stm32f1xx_hal_dma.o
LOAD Drivers\STM32F1xx_HAL_Driver\stm32f1xx_hal_flash.o
LOAD Drivers\STM32F1xx_HAL_Driver\stm32f1xx_hal_flash_ex.o
LOAD Drivers\STM32F1xx_HAL_Driver\stm32f1xx_hal_gpio.o
LOAD Drivers\STM32F1xx_HAL_Driver\stm32f1xx_hal_gpio_ex.o
LOAD Drivers\STM32F1xx_HAL_Driver\stm32f1xx_hal_i2c.o
LOAD Drivers\STM32F1xx_HAL_Driver\stm32f1xx_hal_pcd.o
LOAD Drivers\STM32F1xx_HAL_Driver\stm32f1xx_hal_pcd_ex.o
LOAD Drivers\STM32F1xx_HAL_Driver\stm32f1xx_hal_pwr.o
LOAD Drivers\STM32F1xx_HAL_Driver\stm32f1xx_hal_rcc.o
LOAD Drivers\STM32F1xx_HAL_Driver\stm32f1xx_hal_rcc_ex.o
LOAD Drivers\STM32F1xx_HAL_Driver\stm32f1xx_hal_spi.o
LOAD Drivers\STM32F1xx_HAL_Driver\stm32f1xx_hal_spi_ex.o
LOAD Drivers\STM32F1xx_HAL_Driver\stm32f1xx_hal_tim.o
LOAD Drivers\STM32F1xx_HAL_Driver\stm32f1xx_hal_tim_ex.o
LOAD Drivers\STM32F1xx_HAL_Driver\stm32f1xx_hal_uart.o
LOAD Drivers\STM32F1xx_HAL_Driver\stm32f1xx_ll_usb.o
LOAD Middlewares\USB_Device_Library\usbd_cdc.o
LOAD Middlewares\USB_Device_Library\usbd_core.o
LOAD Middlewares\USB_Device_Library\usbd_ctlreq.o
LOAD Middlewares\USB_Device_Library\usbd_ioreq.o
LOAD Src\main.o
LOAD Src\myfuncs.o
LOAD Src\stm32f1xx_hal_msp.o
LOAD Src\stm32f1xx_it.o
LOAD Src\system_stm32f1xx.o
LOAD Src\usb_device.o
LOAD Src\usbcommands.o
LOAD Src\usbd_cdc_if.o
LOAD Src\usbd_conf.o
LOAD Src\usbd_desc.o
LOAD startup\startup_stm32f103xb.o
                0x00000080                malloc_getpagesize_P = 0x80
START GROUP
LOAD f:/programy/truestudio for stm32 9.0.1/armtools/bin/../lib/gcc/arm-atollic-eabi/6.3.1/../../../../arm-atollic-eabi/lib/armv7-m\libc_nano.a
LOAD f:/programy/truestudio for stm32 9.0.1/armtools/bin/../lib/gcc/arm-atollic-eabi/6.3.1/../../../../arm-atollic-eabi/lib/armv7-m\libm.a
END GROUP
START GROUP
LOAD f:/programy/truestudio for stm32 9.0.1/armtools/bin/../lib/gcc/arm-atollic-eabi/6.3.1/armv7-m\libgcc.a
LOAD f:/programy/truestudio for stm32 9.0.1/armtools/bin/../lib/gcc/arm-atollic-eabi/6.3.1/../../../../arm-atollic-eabi/lib/armv7-m\libc_nano.a
END GROUP
START GROUP
LOAD f:/programy/truestudio for stm32 9.0.1/armtools/bin/../lib/gcc/arm-atollic-eabi/6.3.1/armv7-m\libgcc.a
LOAD f:/programy/truestudio for stm32 9.0.1/armtools/bin/../lib/gcc/arm-atollic-eabi/6.3.1/../../../../arm-atollic-eabi/lib/armv7-m\libc_nano.a
LOAD f:/programy/truestudio for stm32 9.0.1/armtools/bin/../lib/gcc/arm-atollic-eabi/6.3.1/../../../../arm-atollic-eabi/lib/armv7-m\libnosys.a
END GROUP
START GROUP
LOAD f:/programy/truestudio for stm32 9.0.1/armtools/bin/../lib/gcc/arm-atollic-eabi/6.3.1/armv7-m\libgcc.a
LOAD f:/programy/truestudio for stm32 9.0.1/armtools/bin/../lib/gcc/arm-atollic-eabi/6.3.1/../../../../arm-atollic-eabi/lib/armv7-m\libc_nano.a
LOAD f:/programy/truestudio for stm32 9.0.1/armtools/bin/../lib/gcc/arm-atollic-eabi/6.3.1/../../../../arm-atollic-eabi/lib/armv7-m\libnosys.a
END GROUP
LOAD f:/programy/truestudio for stm32 9.0.1/armtools/bin/../lib/gcc/arm-atollic-eabi/6.3.1/armv7-m/crtend.o
LOAD f:/programy/truestudio for stm32 9.0.1/armtools/bin/../lib/gcc/arm-atollic-eabi/6.3.1/armv7-m/crtn.o
                0x20005000                _estack = 0x20005000
                0x00000200                _Min_Heap_Size = 0x200
                0x00000400                _Min_Stack_Size = 0x400

.isr_vector     0x08000000      0x10c
                0x08000000                . = ALIGN (0x4)
 *(.isr_vector)
 .isr_vector    0x08000000      0x10c startup\startup_stm32f103xb.o
                0x08000000                g_pfnVectors
                0x0800010c                . = ALIGN (0x4)

.text           0x0800010c     0x4ee0
                0x0800010c                . = ALIGN (0x4)
 *(.text)
 .text          0x0800010c       0x40 f:/programy/truestudio for stm32 9.0.1/armtools/bin/../lib/gcc/arm-atollic-eabi/6.3.1/armv7-m/crtbegin.o
 .text          0x0800014c       0x14 f:/programy/truestudio for stm32 9.0.1/armtools/bin/../lib/gcc/arm-atollic-eabi/6.3.1/../../../../arm-atollic-eabi/lib/armv7-m\libc_nano.a(lib_a-strcmp.o)
                0x0800014c                strcmp
 .text          0x08000160       0x10 f:/programy/truestudio for stm32 9.0.1/armtools/bin/../lib/gcc/arm-atollic-eabi/6.3.1/../../../../arm-atollic-eabi/lib/armv7-m\libc_nano.a(lib_a-strlen.o)
                0x08000160                strlen
 *(.text*)
 .text.HAL_InitTick
                0x08000170       0x48 Drivers\STM32F1xx_HAL_Driver\stm32f1xx_hal.o
                0x08000170                HAL_InitTick
 .text.HAL_Init
                0x080001b8       0x24 Drivers\STM32F1xx_HAL_Driver\stm32f1xx_hal.o
                0x080001b8                HAL_Init
 .text.HAL_IncTick
                0x080001dc       0x18 Drivers\STM32F1xx_HAL_Driver\stm32f1xx_hal.o
                0x080001dc                HAL_IncTick
 .text.HAL_GetTick
                0x080001f4        0xc Drivers\STM32F1xx_HAL_Driver\stm32f1xx_hal.o
                0x080001f4                HAL_GetTick
 .text.HAL_Delay
                0x08000200       0x24 Drivers\STM32F1xx_HAL_Driver\stm32f1xx_hal.o
                0x08000200                HAL_Delay
 .text.HAL_NVIC_SetPriorityGrouping
                0x08000224       0x24 Drivers\STM32F1xx_HAL_Driver\stm32f1xx_hal_cortex.o
                0x08000224                HAL_NVIC_SetPriorityGrouping
 .text.HAL_NVIC_SetPriority
                0x08000248       0x68 Drivers\STM32F1xx_HAL_Driver\stm32f1xx_hal_cortex.o
                0x08000248                HAL_NVIC_SetPriority
 .text.HAL_NVIC_EnableIRQ
                0x080002b0       0x18 Drivers\STM32F1xx_HAL_Driver\stm32f1xx_hal_cortex.o
                0x080002b0                HAL_NVIC_EnableIRQ
 .text.HAL_SYSTICK_Config
                0x080002c8       0x2c Drivers\STM32F1xx_HAL_Driver\stm32f1xx_hal_cortex.o
                0x080002c8                HAL_SYSTICK_Config
 .text.HAL_SYSTICK_CLKSourceConfig
                0x080002f4       0x18 Drivers\STM32F1xx_HAL_Driver\stm32f1xx_hal_cortex.o
                0x080002f4                HAL_SYSTICK_CLKSourceConfig
 .text.HAL_SYSTICK_Callback
                0x0800030c        0x2 Drivers\STM32F1xx_HAL_Driver\stm32f1xx_hal_cortex.o
                0x0800030c                HAL_SYSTICK_Callback
 .text.HAL_SYSTICK_IRQHandler
                0x0800030e        0x8 Drivers\STM32F1xx_HAL_Driver\stm32f1xx_hal_cortex.o
                0x0800030e                HAL_SYSTICK_IRQHandler
 *fill*         0x08000316        0x2 
 .text.HAL_GPIO_Init
                0x08000318      0x1c0 Drivers\STM32F1xx_HAL_Driver\stm32f1xx_hal_gpio.o
                0x08000318                HAL_GPIO_Init
 .text.HAL_GPIO_WritePin
                0x080004d8        0xa Drivers\STM32F1xx_HAL_Driver\stm32f1xx_hal_gpio.o
                0x080004d8                HAL_GPIO_WritePin
 .text.I2C_IsAcknowledgeFailed
                0x080004e2       0x2a Drivers\STM32F1xx_HAL_Driver\stm32f1xx_hal_i2c.o
 .text.I2C_WaitOnMasterAddressFlagUntilTimeout
                0x0800050c       0x80 Drivers\STM32F1xx_HAL_Driver\stm32f1xx_hal_i2c.o
 .text.I2C_WaitOnFlagUntilTimeout
                0x0800058c       0x5c Drivers\STM32F1xx_HAL_Driver\stm32f1xx_hal_i2c.o
 .text.I2C_WaitOnTXEFlagUntilTimeout
                0x080005e8       0x4c Drivers\STM32F1xx_HAL_Driver\stm32f1xx_hal_i2c.o
 .text.I2C_WaitOnRXNEFlagUntilTimeout
                0x08000634       0x5a Drivers\STM32F1xx_HAL_Driver\stm32f1xx_hal_i2c.o
 .text.I2C_WaitOnBTFFlagUntilTimeout
                0x0800068e       0x4c Drivers\STM32F1xx_HAL_Driver\stm32f1xx_hal_i2c.o
 *fill*         0x080006da        0x2 
 .text.HAL_I2C_Init
                0x080006dc      0x100 Drivers\STM32F1xx_HAL_Driver\stm32f1xx_hal_i2c.o
                0x080006dc                HAL_I2C_Init
 .text.HAL_I2C_Master_Transmit
                0x080007dc      0x1ac Drivers\STM32F1xx_HAL_Driver\stm32f1xx_hal_i2c.o
                0x080007dc                HAL_I2C_Master_Transmit
 .text.HAL_I2C_Master_Receive
                0x08000988      0x304 Drivers\STM32F1xx_HAL_Driver\stm32f1xx_hal_i2c.o
                0x08000988                HAL_I2C_Master_Receive
 .text.HAL_PCD_Init
                0x08000c8c       0xd2 Drivers\STM32F1xx_HAL_Driver\stm32f1xx_hal_pcd.o
                0x08000c8c                HAL_PCD_Init
 .text.HAL_PCD_Start
                0x08000d5e       0x2e Drivers\STM32F1xx_HAL_Driver\stm32f1xx_hal_pcd.o
                0x08000d5e                HAL_PCD_Start
 .text.HAL_PCD_SetAddress
                0x08000d8c       0x28 Drivers\STM32F1xx_HAL_Driver\stm32f1xx_hal_pcd.o
                0x08000d8c                HAL_PCD_SetAddress
 .text.HAL_PCD_EP_Open
                0x08000db4       0x46 Drivers\STM32F1xx_HAL_Driver\stm32f1xx_hal_pcd.o
                0x08000db4                HAL_PCD_EP_Open
 .text.HAL_PCD_EP_Close
                0x08000dfa       0x42 Drivers\STM32F1xx_HAL_Driver\stm32f1xx_hal_pcd.o
                0x08000dfa                HAL_PCD_EP_Close
 .text.HAL_PCD_EP_Receive
                0x08000e3c       0x30 Drivers\STM32F1xx_HAL_Driver\stm32f1xx_hal_pcd.o
                0x08000e3c                HAL_PCD_EP_Receive
 .text.HAL_PCD_EP_GetRxCount
                0x08000e6c        0xe Drivers\STM32F1xx_HAL_Driver\stm32f1xx_hal_pcd.o
                0x08000e6c                HAL_PCD_EP_GetRxCount
 .text.HAL_PCD_EP_Transmit
                0x08000e7a       0x2c Drivers\STM32F1xx_HAL_Driver\stm32f1xx_hal_pcd.o
                0x08000e7a                HAL_PCD_EP_Transmit
 *fill*         0x08000ea6        0x2 
 .text.HAL_PCD_IRQHandler
                0x08000ea8      0x4f0 Drivers\STM32F1xx_HAL_Driver\stm32f1xx_hal_pcd.o
                0x08000ea8                HAL_PCD_IRQHandler
 .text.HAL_PCD_EP_SetStall
                0x08001398       0x52 Drivers\STM32F1xx_HAL_Driver\stm32f1xx_hal_pcd.o
                0x08001398                HAL_PCD_EP_SetStall
 .text.HAL_PCD_EP_ClrStall
                0x080013ea       0x46 Drivers\STM32F1xx_HAL_Driver\stm32f1xx_hal_pcd.o
                0x080013ea                HAL_PCD_EP_ClrStall
 .text.HAL_PCDEx_PMAConfig
                0x08001430       0x30 Drivers\STM32F1xx_HAL_Driver\stm32f1xx_hal_pcd_ex.o
                0x08001430                HAL_PCDEx_PMAConfig
 .text.HAL_RCC_OscConfig
                0x08001460      0x318 Drivers\STM32F1xx_HAL_Driver\stm32f1xx_hal_rcc.o
                0x08001460                HAL_RCC_OscConfig
 .text.HAL_RCC_GetSysClockFreq
                0x08001778       0x78 Drivers\STM32F1xx_HAL_Driver\stm32f1xx_hal_rcc.o
                0x08001778                HAL_RCC_GetSysClockFreq
 .text.HAL_RCC_ClockConfig
                0x080017f0      0x148 Drivers\STM32F1xx_HAL_Driver\stm32f1xx_hal_rcc.o
                0x080017f0                HAL_RCC_ClockConfig
 .text.HAL_RCC_GetHCLKFreq
                0x08001938        0xc Drivers\STM32F1xx_HAL_Driver\stm32f1xx_hal_rcc.o
                0x08001938                HAL_RCC_GetHCLKFreq
 .text.HAL_RCC_GetPCLK1Freq
                0x08001944       0x20 Drivers\STM32F1xx_HAL_Driver\stm32f1xx_hal_rcc.o
                0x08001944                HAL_RCC_GetPCLK1Freq
 .text.HAL_RCC_GetPCLK2Freq
                0x08001964       0x20 Drivers\STM32F1xx_HAL_Driver\stm32f1xx_hal_rcc.o
                0x08001964                HAL_RCC_GetPCLK2Freq
 .text.HAL_RCCEx_PeriphCLKConfig
                0x08001984       0xf0 Drivers\STM32F1xx_HAL_Driver\stm32f1xx_hal_rcc_ex.o
                0x08001984                HAL_RCCEx_PeriphCLKConfig
 .text.HAL_SPI_Init
                0x08001a74       0x76 Drivers\STM32F1xx_HAL_Driver\stm32f1xx_hal_spi_ex.o
                0x08001a74                HAL_SPI_Init
 .text.HAL_TIM_PeriodElapsedCallback
                0x08001aea        0x2 Drivers\STM32F1xx_HAL_Driver\stm32f1xx_hal_tim.o
                0x08001aea                HAL_TIM_PeriodElapsedCallback
 .text.HAL_TIM_OC_DelayElapsedCallback
                0x08001aec        0x2 Drivers\STM32F1xx_HAL_Driver\stm32f1xx_hal_tim.o
                0x08001aec                HAL_TIM_OC_DelayElapsedCallback
 .text.HAL_TIM_IC_CaptureCallback
                0x08001aee        0x2 Drivers\STM32F1xx_HAL_Driver\stm32f1xx_hal_tim.o
                0x08001aee                HAL_TIM_IC_CaptureCallback
 .text.HAL_TIM_PWM_PulseFinishedCallback
                0x08001af0        0x2 Drivers\STM32F1xx_HAL_Driver\stm32f1xx_hal_tim.o
                0x08001af0                HAL_TIM_PWM_PulseFinishedCallback
 .text.HAL_TIM_TriggerCallback
                0x08001af2        0x2 Drivers\STM32F1xx_HAL_Driver\stm32f1xx_hal_tim.o
                0x08001af2                HAL_TIM_TriggerCallback
 .text.HAL_TIM_IRQHandler
                0x08001af4      0x144 Drivers\STM32F1xx_HAL_Driver\stm32f1xx_hal_tim.o
                0x08001af4                HAL_TIM_IRQHandler
 .text.HAL_TIMEx_CommutationCallback
                0x08001c38        0x2 Drivers\STM32F1xx_HAL_Driver\stm32f1xx_hal_tim_ex.o
                0x08001c38                HAL_TIMEx_CommutationCallback
 .text.HAL_TIMEx_BreakCallback
                0x08001c3a        0x2 Drivers\STM32F1xx_HAL_Driver\stm32f1xx_hal_tim_ex.o
                0x08001c3a                HAL_TIMEx_BreakCallback
 .text.UART_SetConfig
                0x08001c3c      0x13c Drivers\STM32F1xx_HAL_Driver\stm32f1xx_hal_uart.o
 .text.HAL_UART_Init
                0x08001d78       0x5c Drivers\STM32F1xx_HAL_Driver\stm32f1xx_hal_uart.o
                0x08001d78                HAL_UART_Init
 .text.USB_CoreInit
                0x08001dd4        0xe Drivers\STM32F1xx_HAL_Driver\stm32f1xx_ll_usb.o
                0x08001dd4                USB_CoreInit
 .text.USB_EnableGlobalInt
                0x08001de2       0x12 Drivers\STM32F1xx_HAL_Driver\stm32f1xx_ll_usb.o
                0x08001de2                USB_EnableGlobalInt
 .text.USB_DisableGlobalInt
                0x08001df4       0x14 Drivers\STM32F1xx_HAL_Driver\stm32f1xx_ll_usb.o
                0x08001df4                USB_DisableGlobalInt
 .text.USB_SetCurrentMode
                0x08001e08        0x4 Drivers\STM32F1xx_HAL_Driver\stm32f1xx_ll_usb.o
                0x08001e08                USB_SetCurrentMode
 .text.USB_DevInit
                0x08001e0c       0x36 Drivers\STM32F1xx_HAL_Driver\stm32f1xx_ll_usb.o
                0x08001e0c                USB_DevInit
 *fill*         0x08001e42        0x2 
 .text.USB_ActivateEndpoint
                0x08001e44      0x2e4 Drivers\STM32F1xx_HAL_Driver\stm32f1xx_ll_usb.o
                0x08001e44                USB_ActivateEndpoint
 .text.USB_DeactivateEndpoint
                0x08002128      0x19c Drivers\STM32F1xx_HAL_Driver\stm32f1xx_ll_usb.o
                0x08002128                USB_DeactivateEndpoint
 .text.USB_EPSetStall
                0x080022c4       0x64 Drivers\STM32F1xx_HAL_Driver\stm32f1xx_ll_usb.o
                0x080022c4                USB_EPSetStall
 .text.USB_EPClearStall
                0x08002328       0x84 Drivers\STM32F1xx_HAL_Driver\stm32f1xx_ll_usb.o
                0x08002328                USB_EPClearStall
 .text.USB_SetDevAddress
                0x080023ac        0xc Drivers\STM32F1xx_HAL_Driver\stm32f1xx_ll_usb.o
                0x080023ac                USB_SetDevAddress
 .text.USB_DevConnect
                0x080023b8        0x4 Drivers\STM32F1xx_HAL_Driver\stm32f1xx_ll_usb.o
                0x080023b8                USB_DevConnect
 .text.USB_DevDisconnect
                0x080023bc        0x4 Drivers\STM32F1xx_HAL_Driver\stm32f1xx_ll_usb.o
                0x080023bc                USB_DevDisconnect
 .text.USB_ReadInterrupts
                0x080023c0        0x8 Drivers\STM32F1xx_HAL_Driver\stm32f1xx_ll_usb.o
                0x080023c0                USB_ReadInterrupts
 .text.USB_EP0_OutStart
                0x080023c8        0x4 Drivers\STM32F1xx_HAL_Driver\stm32f1xx_ll_usb.o
                0x080023c8                USB_EP0_OutStart
 .text.USB_WritePMA
                0x080023cc       0x22 Drivers\STM32F1xx_HAL_Driver\stm32f1xx_ll_usb.o
                0x080023cc                USB_WritePMA
 *fill*         0x080023ee        0x2 
 .text.USB_EPStartXfer
                0x080023f0      0x200 Drivers\STM32F1xx_HAL_Driver\stm32f1xx_ll_usb.o
                0x080023f0                USB_EPStartXfer
 .text.USB_ReadPMA
                0x080025f0       0x22 Drivers\STM32F1xx_HAL_Driver\stm32f1xx_ll_usb.o
                0x080025f0                USB_ReadPMA
 .text.USBD_CDC_DataIn
                0x08002612       0x12 Middlewares\USB_Device_Library\usbd_cdc.o
 .text.USBD_CDC_EP0_RxReady
                0x08002624       0x28 Middlewares\USB_Device_Library\usbd_cdc.o
 .text.USBD_CDC_GetFSCfgDesc
                0x0800264c        0xc Middlewares\USB_Device_Library\usbd_cdc.o
 .text.USBD_CDC_GetHSCfgDesc
                0x08002658        0xc Middlewares\USB_Device_Library\usbd_cdc.o
 .text.USBD_CDC_GetOtherSpeedCfgDesc
                0x08002664        0xc Middlewares\USB_Device_Library\usbd_cdc.o
 .text.USBD_CDC_GetDeviceQualifierDescriptor
                0x08002670        0xc Middlewares\USB_Device_Library\usbd_cdc.o
                0x08002670                USBD_CDC_GetDeviceQualifierDescriptor
 .text.USBD_CDC_DataOut
                0x0800267c       0x2e Middlewares\USB_Device_Library\usbd_cdc.o
 *fill*         0x080026aa        0x2 
 .text.USBD_CDC_Setup
                0x080026ac       0x68 Middlewares\USB_Device_Library\usbd_cdc.o
 .text.USBD_CDC_DeInit
                0x08002714       0x3a Middlewares\USB_Device_Library\usbd_cdc.o
 .text.USBD_CDC_Init
                0x0800274e       0x8c Middlewares\USB_Device_Library\usbd_cdc.o
 .text.USBD_CDC_RegisterInterface
                0x080027da        0xe Middlewares\USB_Device_Library\usbd_cdc.o
                0x080027da                USBD_CDC_RegisterInterface
 .text.USBD_CDC_SetTxBuffer
                0x080027e8       0x10 Middlewares\USB_Device_Library\usbd_cdc.o
                0x080027e8                USBD_CDC_SetTxBuffer
 .text.USBD_CDC_SetRxBuffer
                0x080027f8        0xc Middlewares\USB_Device_Library\usbd_cdc.o
                0x080027f8                USBD_CDC_SetRxBuffer
 .text.USBD_CDC_TransmitPacket
                0x08002804       0x2e Middlewares\USB_Device_Library\usbd_cdc.o
                0x08002804                USBD_CDC_TransmitPacket
 .text.USBD_CDC_ReceivePacket
                0x08002832       0x26 Middlewares\USB_Device_Library\usbd_cdc.o
                0x08002832                USBD_CDC_ReceivePacket
 .text.USBD_Init
                0x08002858       0x2a Middlewares\USB_Device_Library\usbd_core.o
                0x08002858                USBD_Init
 .text.USBD_RegisterClass
                0x08002882        0xe Middlewares\USB_Device_Library\usbd_core.o
                0x08002882                USBD_RegisterClass
 .text.USBD_Start
                0x08002890        0xa Middlewares\USB_Device_Library\usbd_core.o
                0x08002890                USBD_Start
 .text.USBD_SetClassConfig
                0x0800289a       0x16 Middlewares\USB_Device_Library\usbd_core.o
                0x0800289a                USBD_SetClassConfig
 .text.USBD_ClrClassConfig
                0x080028b0        0xe Middlewares\USB_Device_Library\usbd_core.o
                0x080028b0                USBD_ClrClassConfig
 .text.USBD_LL_SetupStage
                0x080028be       0x5a Middlewares\USB_Device_Library\usbd_core.o
                0x080028be                USBD_LL_SetupStage
 .text.USBD_LL_DataOutStage
                0x08002918       0x64 Middlewares\USB_Device_Library\usbd_core.o
                0x08002918                USBD_LL_DataOutStage
 .text.USBD_LL_DataInStage
                0x0800297c       0x9e Middlewares\USB_Device_Library\usbd_core.o
                0x0800297c                USBD_LL_DataInStage
 .text.USBD_LL_Reset
                0x08002a1a       0x3e Middlewares\USB_Device_Library\usbd_core.o
                0x08002a1a                USBD_LL_Reset
 .text.USBD_LL_SetSpeed
                0x08002a58        0x6 Middlewares\USB_Device_Library\usbd_core.o
                0x08002a58                USBD_LL_SetSpeed
 .text.USBD_LL_Suspend
                0x08002a5e       0x12 Middlewares\USB_Device_Library\usbd_core.o
                0x08002a5e                USBD_LL_Suspend
 .text.USBD_LL_Resume
                0x08002a70        0xc Middlewares\USB_Device_Library\usbd_core.o
                0x08002a70                USBD_LL_Resume
 .text.USBD_LL_SOF
                0x08002a7c       0x18 Middlewares\USB_Device_Library\usbd_core.o
                0x08002a7c                USBD_LL_SOF
 .text.USBD_CtlError.constprop.0
                0x08002a94       0x16 Middlewares\USB_Device_Library\usbd_ctlreq.o
 *fill*         0x08002aaa        0x2 
 .text.USBD_StdDevReq
                0x08002aac      0x1f4 Middlewares\USB_Device_Library\usbd_ctlreq.o
                0x08002aac                USBD_StdDevReq
 .text.USBD_StdItfReq
                0x08002ca0       0x30 Middlewares\USB_Device_Library\usbd_ctlreq.o
                0x08002ca0                USBD_StdItfReq
 .text.USBD_StdEPReq
                0x08002cd0       0xc6 Middlewares\USB_Device_Library\usbd_ctlreq.o
                0x08002cd0                USBD_StdEPReq
 .text.USBD_ParseSetupRequest
                0x08002d96       0x28 Middlewares\USB_Device_Library\usbd_ctlreq.o
                0x08002d96                USBD_ParseSetupRequest
 .text.USBD_GetString
                0x08002dbe       0x38 Middlewares\USB_Device_Library\usbd_ctlreq.o
                0x08002dbe                USBD_GetString
 .text.USBD_CtlSendData
                0x08002df6       0x1a Middlewares\USB_Device_Library\usbd_ioreq.o
                0x08002df6                USBD_CtlSendData
 .text.USBD_CtlContinueSendData
                0x08002e10       0x10 Middlewares\USB_Device_Library\usbd_ioreq.o
                0x08002e10                USBD_CtlContinueSendData
 .text.USBD_CtlPrepareRx
                0x08002e20       0x1e Middlewares\USB_Device_Library\usbd_ioreq.o
                0x08002e20                USBD_CtlPrepareRx
 .text.USBD_CtlContinueRx
                0x08002e3e       0x10 Middlewares\USB_Device_Library\usbd_ioreq.o
                0x08002e3e                USBD_CtlContinueRx
 .text.USBD_CtlSendStatus
                0x08002e4e       0x16 Middlewares\USB_Device_Library\usbd_ioreq.o
                0x08002e4e                USBD_CtlSendStatus
 .text.USBD_CtlReceiveStatus
                0x08002e64       0x16 Middlewares\USB_Device_Library\usbd_ioreq.o
                0x08002e64                USBD_CtlReceiveStatus
 .text.SystemClock_Config
                0x08002e7a       0x7e Src\main.o
                0x08002e7a                SystemClock_Config
 .text.startup.main
                0x08002ef8      0x1e8 Src\main.o
                0x08002ef8                main
 .text._Error_Handler
                0x080030e0        0x2 Src\main.o
                0x080030e0                _Error_Handler
 .text.Delay_us
                0x080030e2       0x16 Src\myfuncs.o
                0x080030e2                Delay_us
 .text.DHT22_GetHumidity
                0x080030f8       0x18 Src\myfuncs.o
                0x080030f8                DHT22_GetHumidity
 .text.DHT22_GetTemperature
                0x08003110       0x18 Src\myfuncs.o
                0x08003110                DHT22_GetTemperature
 .text.readDHT22Data
                0x08003128      0x130 Src\myfuncs.o
                0x08003128                readDHT22Data
 .text.DHT22_DecodeReadings
                0x08003258       0xd4 Src\myfuncs.o
                0x08003258                DHT22_DecodeReadings
 .text.readUSBSerial
                0x0800332c       0x20 Src\myfuncs.o
                0x0800332c                readUSBSerial
 .text.writeUSBSerial
                0x0800334c       0x14 Src\myfuncs.o
                0x0800334c                writeUSBSerial
 .text.MinToBIN
                0x08003360       0x12 Src\myfuncs.o
                0x08003360                MinToBIN
 .text.HourToBIN
                0x08003372       0x2e Src\myfuncs.o
                0x08003372                HourToBIN
 .text.setCurrentTime
                0x080033a0       0x48 Src\myfuncs.o
                0x080033a0                setCurrentTime
 .text.BINtoMin
                0x080033e8       0x12 Src\myfuncs.o
                0x080033e8                BINtoMin
 .text.BINtoHour
                0x080033fa       0x40 Src\myfuncs.o
                0x080033fa                BINtoHour
 *fill*         0x0800343a        0x2 
 .text.getCurrentTime
                0x0800343c       0x64 Src\myfuncs.o
                0x0800343c                getCurrentTime
 .text.HAL_MspInit
                0x080034a0       0x8c Src\stm32f1xx_hal_msp.o
                0x080034a0                HAL_MspInit
 .text.HAL_I2C_MspInit
                0x0800352c       0x44 Src\stm32f1xx_hal_msp.o
                0x0800352c                HAL_I2C_MspInit
 .text.HAL_SPI_MspInit
                0x08003570       0x54 Src\stm32f1xx_hal_msp.o
                0x08003570                HAL_SPI_MspInit
 .text.HAL_UART_MspInit
                0x080035c4       0x58 Src\stm32f1xx_hal_msp.o
                0x080035c4                HAL_UART_MspInit
 .text.NMI_Handler
                0x0800361c        0x2 Src\stm32f1xx_it.o
                0x0800361c                NMI_Handler
 .text.HardFault_Handler
                0x0800361e        0x2 Src\stm32f1xx_it.o
                0x0800361e                HardFault_Handler
 .text.MemManage_Handler
                0x08003620        0x2 Src\stm32f1xx_it.o
                0x08003620                MemManage_Handler
 .text.BusFault_Handler
                0x08003622        0x2 Src\stm32f1xx_it.o
                0x08003622                BusFault_Handler
 .text.UsageFault_Handler
                0x08003624        0x2 Src\stm32f1xx_it.o
                0x08003624                UsageFault_Handler
 .text.SVC_Handler
                0x08003626        0x2 Src\stm32f1xx_it.o
                0x08003626                SVC_Handler
 .text.DebugMon_Handler
                0x08003628        0x2 Src\stm32f1xx_it.o
                0x08003628                DebugMon_Handler
 .text.PendSV_Handler
                0x0800362a        0x2 Src\stm32f1xx_it.o
                0x0800362a                PendSV_Handler
 .text.SysTick_Handler
                0x0800362c        0xe Src\stm32f1xx_it.o
                0x0800362c                SysTick_Handler
 *fill*         0x0800363a        0x2 
 .text.USB_LP_CAN1_RX0_IRQHandler
                0x0800363c        0xc Src\stm32f1xx_it.o
                0x0800363c                USB_LP_CAN1_RX0_IRQHandler
 .text.TIM1_CC_IRQHandler
                0x08003648        0xc Src\stm32f1xx_it.o
                0x08003648                TIM1_CC_IRQHandler
 .text.TIM1_TRG_COM_IRQHandler
                0x08003654        0x4 Src\stm32f1xx_it.o
                0x08003654                TIM1_TRG_COM_IRQHandler
 .text.TIM1_UP_IRQHandler
                0x08003658        0x4 Src\stm32f1xx_it.o
                0x08003658                TIM1_UP_IRQHandler
 .text.TIM1_BRK_IRQHandler
                0x0800365c        0x4 Src\stm32f1xx_it.o
                0x0800365c                TIM1_BRK_IRQHandler
 .text.SystemInit
                0x08003660       0x4c Src\system_stm32f1xx.o
                0x08003660                SystemInit
 .text.MX_USB_DEVICE_Init
                0x080036ac       0x38 Src\usb_device.o
                0x080036ac                MX_USB_DEVICE_Init
 .text.DoCommand
                0x080036e4      0x120 Src\usbcommands.o
                0x080036e4                DoCommand
 .text.GetFirstWord
                0x08003804       0x5c Src\usbcommands.o
                0x08003804                GetFirstWord
 .text.DecodeCommand
                0x08003860       0xc8 Src\usbcommands.o
                0x08003860                DecodeCommand
 .text.CDC_DeInit_FS
                0x08003928        0x4 Src\usbd_cdc_if.o
 .text.CDC_Control_FS
                0x0800392c        0x4 Src\usbd_cdc_if.o
 .text.CDC_Init_FS
                0x08003930       0x28 Src\usbd_cdc_if.o
 .text.CDC_Receive_FS
                0x08003958       0x4c Src\usbd_cdc_if.o
 .text.CDC_Transmit_FS
                0x080039a4       0x2c Src\usbd_cdc_if.o
                0x080039a4                CDC_Transmit_FS
 .text.HAL_PCD_MspInit
                0x080039d0       0x3c Src\usbd_conf.o
                0x080039d0                HAL_PCD_MspInit
 .text.HAL_PCD_SetupStageCallback
                0x08003a0c        0xc Src\usbd_conf.o
                0x08003a0c                HAL_PCD_SetupStageCallback
 .text.HAL_PCD_DataOutStageCallback
                0x08003a18       0x10 Src\usbd_conf.o
                0x08003a18                HAL_PCD_DataOutStageCallback
 .text.HAL_PCD_DataInStageCallback
                0x08003a28        0xe Src\usbd_conf.o
                0x08003a28                HAL_PCD_DataInStageCallback
 .text.HAL_PCD_SOFCallback
                0x08003a36        0x8 Src\usbd_conf.o
                0x08003a36                HAL_PCD_SOFCallback
 .text.HAL_PCD_ResetCallback
                0x08003a3e       0x1a Src\usbd_conf.o
                0x08003a3e                HAL_PCD_ResetCallback
 .text.HAL_PCD_SuspendCallback
                0x08003a58       0x20 Src\usbd_conf.o
                0x08003a58                HAL_PCD_SuspendCallback
 .text.HAL_PCD_ResumeCallback
                0x08003a78        0x8 Src\usbd_conf.o
                0x08003a78                HAL_PCD_ResumeCallback
 .text.USBD_LL_Init
                0x08003a80       0x90 Src\usbd_conf.o
                0x08003a80                USBD_LL_Init
 .text.USBD_LL_Start
                0x08003b10       0x1c Src\usbd_conf.o
                0x08003b10                USBD_LL_Start
 .text.USBD_LL_OpenEP
                0x08003b2c       0x20 Src\usbd_conf.o
                0x08003b2c                USBD_LL_OpenEP
 .text.USBD_LL_CloseEP
                0x08003b4c       0x1c Src\usbd_conf.o
                0x08003b4c                USBD_LL_CloseEP
 .text.USBD_LL_StallEP
                0x08003b68       0x1c Src\usbd_conf.o
                0x08003b68                USBD_LL_StallEP
 .text.USBD_LL_ClearStallEP
                0x08003b84       0x1c Src\usbd_conf.o
                0x08003b84                USBD_LL_ClearStallEP
 .text.USBD_LL_IsStallEP
                0x08003ba0       0x20 Src\usbd_conf.o
                0x08003ba0                USBD_LL_IsStallEP
 .text.USBD_LL_SetUSBAddress
                0x08003bc0       0x1c Src\usbd_conf.o
                0x08003bc0                USBD_LL_SetUSBAddress
 .text.USBD_LL_Transmit
                0x08003bdc       0x1c Src\usbd_conf.o
                0x08003bdc                USBD_LL_Transmit
 .text.USBD_LL_PrepareReceive
                0x08003bf8       0x1c Src\usbd_conf.o
                0x08003bf8                USBD_LL_PrepareReceive
 .text.USBD_LL_GetRxDataSize
                0x08003c14        0xc Src\usbd_conf.o
                0x08003c14                USBD_LL_GetRxDataSize
 .text.USBD_static_malloc
                0x08003c20        0x8 Src\usbd_conf.o
                0x08003c20                USBD_static_malloc
 .text.USBD_static_free
                0x08003c28        0x2 Src\usbd_conf.o
                0x08003c28                USBD_static_free
 .text.HAL_PCDEx_SetConnectionState
                0x08003c2a        0x2 Src\usbd_conf.o
                0x08003c2a                HAL_PCDEx_SetConnectionState
 .text.USBD_FS_DeviceDescriptor
                0x08003c2c        0xc Src\usbd_desc.o
                0x08003c2c                USBD_FS_DeviceDescriptor
 .text.USBD_FS_LangIDStrDescriptor
                0x08003c38        0xc Src\usbd_desc.o
                0x08003c38                USBD_FS_LangIDStrDescriptor
 .text.USBD_FS_ManufacturerStrDescriptor
                0x08003c44       0x1c Src\usbd_desc.o
                0x08003c44                USBD_FS_ManufacturerStrDescriptor
 .text.USBD_FS_ProductStrDescriptor
                0x08003c60       0x1c Src\usbd_desc.o
                0x08003c60                USBD_FS_ProductStrDescriptor
 .text.USBD_FS_SerialStrDescriptor
                0x08003c7c       0x1c Src\usbd_desc.o
                0x08003c7c                USBD_FS_SerialStrDescriptor
 .text.USBD_FS_ConfigStrDescriptor
                0x08003c98       0x1c Src\usbd_desc.o
                0x08003c98                USBD_FS_ConfigStrDescriptor
 .text.USBD_FS_InterfaceStrDescriptor
                0x08003cb4       0x1c Src\usbd_desc.o
                0x08003cb4                USBD_FS_InterfaceStrDescriptor
 .text.Reset_Handler
                0x08003cd0       0x48 startup\startup_stm32f103xb.o
                0x08003cd0                Reset_Handler
 .text.Default_Handler
                0x08003d18        0x2 startup\startup_stm32f103xb.o
                0x08003d18                RTC_Alarm_IRQHandler
                0x08003d18                EXTI2_IRQHandler
                0x08003d18                PVD_IRQHandler
                0x08003d18                EXTI3_IRQHandler
                0x08003d18                EXTI0_IRQHandler
                0x08003d18                I2C2_EV_IRQHandler
                0x08003d18                ADC1_2_IRQHandler
                0x08003d18                SPI1_IRQHandler
                0x08003d18                TAMPER_IRQHandler
                0x08003d18                DMA1_Channel4_IRQHandler
                0x08003d18                USART3_IRQHandler
                0x08003d18                RTC_IRQHandler
                0x08003d18                DMA1_Channel7_IRQHandler
                0x08003d18                CAN1_RX1_IRQHandler
                0x08003d18                TIM4_IRQHandler
                0x08003d18                I2C1_EV_IRQHandler
                0x08003d18                DMA1_Channel6_IRQHandler
                0x08003d18                TIM3_IRQHandler
                0x08003d18                RCC_IRQHandler
                0x08003d18                DMA1_Channel1_IRQHandler
                0x08003d18                Default_Handler
                0x08003d18                EXTI15_10_IRQHandler
                0x08003d18                EXTI9_5_IRQHandler
                0x08003d18                SPI2_IRQHandler
                0x08003d18                DMA1_Channel5_IRQHandler
                0x08003d18                EXTI4_IRQHandler
                0x08003d18                USB_HP_CAN1_TX_IRQHandler
                0x08003d18                DMA1_Channel3_IRQHandler
                0x08003d18                WWDG_IRQHandler
                0x08003d18                TIM2_IRQHandler
                0x08003d18                EXTI1_IRQHandler
                0x08003d18                USART2_IRQHandler
                0x08003d18                I2C2_ER_IRQHandler
                0x08003d18                DMA1_Channel2_IRQHandler
                0x08003d18                CAN1_SCE_IRQHandler
                0x08003d18                FLASH_IRQHandler
                0x08003d18                USART1_IRQHandler
                0x08003d18                I2C1_ER_IRQHandler
                0x08003d18                USBWakeUp_IRQHandler
 *fill*         0x08003d1a        0x2 
 .text.__libc_init_array
                0x08003d1c       0x48 f:/programy/truestudio for stm32 9.0.1/armtools/bin/../lib/gcc/arm-atollic-eabi/6.3.1/../../../../arm-atollic-eabi/lib/armv7-m\libc_nano.a(lib_a-init.o)
                0x08003d1c                __libc_init_array
 .text.memcpy   0x08003d64       0x16 f:/programy/truestudio for stm32 9.0.1/armtools/bin/../lib/gcc/arm-atollic-eabi/6.3.1/../../../../arm-atollic-eabi/lib/armv7-m\libc_nano.a(lib_a-memcpy-stub.o)
                0x08003d64                memcpy
 .text.memset   0x08003d7a       0x10 f:/programy/truestudio for stm32 9.0.1/armtools/bin/../lib/gcc/arm-atollic-eabi/6.3.1/../../../../arm-atollic-eabi/lib/armv7-m\libc_nano.a(lib_a-memset.o)
                0x08003d7a                memset
 *fill*         0x08003d8a        0x2 
 .text.sprintf  0x08003d8c       0x48 f:/programy/truestudio for stm32 9.0.1/armtools/bin/../lib/gcc/arm-atollic-eabi/6.3.1/../../../../arm-atollic-eabi/lib/armv7-m\libc_nano.a(lib_a-sprintf.o)
                0x08003d8c                siprintf
                0x08003d8c                sprintf
 .text.sscanf   0x08003dd4       0x54 f:/programy/truestudio for stm32 9.0.1/armtools/bin/../lib/gcc/arm-atollic-eabi/6.3.1/../../../../arm-atollic-eabi/lib/armv7-m\libc_nano.a(lib_a-sscanf.o)
                0x08003dd4                siscanf
                0x08003dd4                sscanf
 .text.__seofread
                0x08003e28        0x4 f:/programy/truestudio for stm32 9.0.1/armtools/bin/../lib/gcc/arm-atollic-eabi/6.3.1/../../../../arm-atollic-eabi/lib/armv7-m\libc_nano.a(lib_a-stdio.o)
                0x08003e28                __seofread
 .text.strcpy   0x08003e2c       0x10 f:/programy/truestudio for stm32 9.0.1/armtools/bin/../lib/gcc/arm-atollic-eabi/6.3.1/../../../../arm-atollic-eabi/lib/armv7-m\libc_nano.a(lib_a-strcpy.o)
                0x08003e2c                strcpy
 .text.__ssputs_r
                0x08003e3c       0xb6 f:/programy/truestudio for stm32 9.0.1/armtools/bin/../lib/gcc/arm-atollic-eabi/6.3.1/../../../../arm-atollic-eabi/lib/armv7-m\libc_nano.a(lib_a-nano-svfprintf.o)
                0x08003e3c                __ssputs_r
 *fill*         0x08003ef2        0x2 
 .text._svfprintf_r
                0x08003ef4      0x1e8 f:/programy/truestudio for stm32 9.0.1/armtools/bin/../lib/gcc/arm-atollic-eabi/6.3.1/../../../../arm-atollic-eabi/lib/armv7-m\libc_nano.a(lib_a-nano-svfprintf.o)
                0x08003ef4                _svfiprintf_r
                0x08003ef4                _svfprintf_r
 .text._sungetc_r
                0x080040dc       0x7a f:/programy/truestudio for stm32 9.0.1/armtools/bin/../lib/gcc/arm-atollic-eabi/6.3.1/../../../../arm-atollic-eabi/lib/armv7-m\libc_nano.a(lib_a-nano-svfscanf.o)
                0x080040dc                _sungetc_r
 .text.__ssrefill_r
                0x08004156       0x3a f:/programy/truestudio for stm32 9.0.1/armtools/bin/../lib/gcc/arm-atollic-eabi/6.3.1/../../../../arm-atollic-eabi/lib/armv7-m\libc_nano.a(lib_a-nano-svfscanf.o)
                0x08004156                __ssrefill_r
 .text.__ssvfscanf_r
                0x08004190      0x2a8 f:/programy/truestudio for stm32 9.0.1/armtools/bin/../lib/gcc/arm-atollic-eabi/6.3.1/../../../../arm-atollic-eabi/lib/armv7-m\libc_nano.a(lib_a-nano-svfscanf.o)
                0x08004190                __ssvfiscanf_r
                0x08004190                __ssvfscanf_r
 .text._printf_common
                0x08004438       0xee f:/programy/truestudio for stm32 9.0.1/armtools/bin/../lib/gcc/arm-atollic-eabi/6.3.1/../../../../arm-atollic-eabi/lib/armv7-m\libc_nano.a(lib_a-nano-vfprintf_i.o)
                0x08004438                _printf_common
 *fill*         0x08004526        0x2 
 .text._printf_i
                0x08004528      0x240 f:/programy/truestudio for stm32 9.0.1/armtools/bin/../lib/gcc/arm-atollic-eabi/6.3.1/../../../../arm-atollic-eabi/lib/armv7-m\libc_nano.a(lib_a-nano-vfprintf_i.o)
                0x08004528                _printf_i
 .text._scanf_chars
                0x08004768       0xc6 f:/programy/truestudio for stm32 9.0.1/armtools/bin/../lib/gcc/arm-atollic-eabi/6.3.1/../../../../arm-atollic-eabi/lib/armv7-m\libc_nano.a(lib_a-nano-vfscanf_i.o)
                0x08004768                _scanf_chars
 *fill*         0x0800482e        0x2 
 .text._scanf_i
                0x08004830      0x1ec f:/programy/truestudio for stm32 9.0.1/armtools/bin/../lib/gcc/arm-atollic-eabi/6.3.1/../../../../arm-atollic-eabi/lib/armv7-m\libc_nano.a(lib_a-nano-vfscanf_i.o)
                0x08004830                _scanf_i
 .text.__sccl   0x08004a1c       0x5e f:/programy/truestudio for stm32 9.0.1/armtools/bin/../lib/gcc/arm-atollic-eabi/6.3.1/../../../../arm-atollic-eabi/lib/armv7-m\libc_nano.a(lib_a-sccl.o)
                0x08004a1c                __sccl
 .text._strtol_l.isra.0
                0x08004a7a      0x100 f:/programy/truestudio for stm32 9.0.1/armtools/bin/../lib/gcc/arm-atollic-eabi/6.3.1/../../../../arm-atollic-eabi/lib/armv7-m\libc_nano.a(lib_a-strtol.o)
 *fill*         0x08004b7a        0x2 
 .text._strtol_r
                0x08004b7c       0x24 f:/programy/truestudio for stm32 9.0.1/armtools/bin/../lib/gcc/arm-atollic-eabi/6.3.1/../../../../arm-atollic-eabi/lib/armv7-m\libc_nano.a(lib_a-strtol.o)
                0x08004b7c                _strtol_r
 .text._strtoul_l.isra.0
                0x08004ba0       0xfa f:/programy/truestudio for stm32 9.0.1/armtools/bin/../lib/gcc/arm-atollic-eabi/6.3.1/../../../../arm-atollic-eabi/lib/armv7-m\libc_nano.a(lib_a-strtoul.o)
 *fill*         0x08004c9a        0x2 
 .text._strtoul_r
                0x08004c9c       0x24 f:/programy/truestudio for stm32 9.0.1/armtools/bin/../lib/gcc/arm-atollic-eabi/6.3.1/../../../../arm-atollic-eabi/lib/armv7-m\libc_nano.a(lib_a-strtoul.o)
                0x08004c9c                _strtoul_r
 .text.__submore
                0x08004cc0       0x72 f:/programy/truestudio for stm32 9.0.1/armtools/bin/../lib/gcc/arm-atollic-eabi/6.3.1/../../../../arm-atollic-eabi/lib/armv7-m\libc_nano.a(lib_a-ungetc.o)
                0x08004cc0                __submore
 .text.__locale_ctype_ptr_l
                0x08004d32        0x6 f:/programy/truestudio for stm32 9.0.1/armtools/bin/../lib/gcc/arm-atollic-eabi/6.3.1/../../../../arm-atollic-eabi/lib/armv7-m\libc_nano.a(lib_a-locale.o)
                0x08004d32                __locale_ctype_ptr_l
 .text.__locale_ctype_ptr
                0x08004d38       0x1c f:/programy/truestudio for stm32 9.0.1/armtools/bin/../lib/gcc/arm-atollic-eabi/6.3.1/../../../../arm-atollic-eabi/lib/armv7-m\libc_nano.a(lib_a-locale.o)
                0x08004d38                __locale_ctype_ptr
 .text.__ascii_mbtowc
                0x08004d54       0x24 f:/programy/truestudio for stm32 9.0.1/armtools/bin/../lib/gcc/arm-atollic-eabi/6.3.1/../../../../arm-atollic-eabi/lib/armv7-m\libc_nano.a(lib_a-mbtowc_r.o)
                0x08004d54                __ascii_mbtowc
 .text.memchr   0x08004d78       0x1c f:/programy/truestudio for stm32 9.0.1/armtools/bin/../lib/gcc/arm-atollic-eabi/6.3.1/../../../../arm-atollic-eabi/lib/armv7-m\libc_nano.a(lib_a-memchr-stub.o)
                0x08004d78                memchr
 .text.memmove  0x08004d94       0x34 f:/programy/truestudio for stm32 9.0.1/armtools/bin/../lib/gcc/arm-atollic-eabi/6.3.1/../../../../arm-atollic-eabi/lib/armv7-m\libc_nano.a(lib_a-memmove.o)
                0x08004d94                memmove
 .text._free_r  0x08004dc8       0x98 f:/programy/truestudio for stm32 9.0.1/armtools/bin/../lib/gcc/arm-atollic-eabi/6.3.1/../../../../arm-atollic-eabi/lib/armv7-m\libc_nano.a(lib_a-nano-freer.o)
                0x08004dc8                _free_r
 .text._malloc_r
                0x08004e60       0xbc f:/programy/truestudio for stm32 9.0.1/armtools/bin/../lib/gcc/arm-atollic-eabi/6.3.1/../../../../arm-atollic-eabi/lib/armv7-m\libc_nano.a(lib_a-nano-mallocr.o)
                0x08004e60                _malloc_r
 .text._realloc_r
                0x08004f1c       0x4c f:/programy/truestudio for stm32 9.0.1/armtools/bin/../lib/gcc/arm-atollic-eabi/6.3.1/../../../../arm-atollic-eabi/lib/armv7-m\libc_nano.a(lib_a-nano-reallocr.o)
                0x08004f1c                _realloc_r
 .text._sbrk_r  0x08004f68       0x20 f:/programy/truestudio for stm32 9.0.1/armtools/bin/../lib/gcc/arm-atollic-eabi/6.3.1/../../../../arm-atollic-eabi/lib/armv7-m\libc_nano.a(lib_a-sbrkr.o)
                0x08004f68                _sbrk_r
 .text.__ascii_wctomb
                0x08004f88       0x1a f:/programy/truestudio for stm32 9.0.1/armtools/bin/../lib/gcc/arm-atollic-eabi/6.3.1/../../../../arm-atollic-eabi/lib/armv7-m\libc_nano.a(lib_a-wctomb_r.o)
                0x08004f88                __ascii_wctomb
 .text.__malloc_lock
                0x08004fa2        0x2 f:/programy/truestudio for stm32 9.0.1/armtools/bin/../lib/gcc/arm-atollic-eabi/6.3.1/../../../../arm-atollic-eabi/lib/armv7-m\libc_nano.a(lib_a-mlock.o)
                0x08004fa2                __malloc_lock
 .text.__malloc_unlock
                0x08004fa4        0x2 f:/programy/truestudio for stm32 9.0.1/armtools/bin/../lib/gcc/arm-atollic-eabi/6.3.1/../../../../arm-atollic-eabi/lib/armv7-m\libc_nano.a(lib_a-mlock.o)
                0x08004fa4                __malloc_unlock
 .text._malloc_usable_size_r
                0x08004fa6       0x12 f:/programy/truestudio for stm32 9.0.1/armtools/bin/../lib/gcc/arm-atollic-eabi/6.3.1/../../../../arm-atollic-eabi/lib/armv7-m\libc_nano.a(lib_a-nano-msizer.o)
                0x08004fa6                _malloc_usable_size_r
 .text._sbrk    0x08004fb8       0x1c f:/programy/truestudio for stm32 9.0.1/armtools/bin/../lib/gcc/arm-atollic-eabi/6.3.1/../../../../arm-atollic-eabi/lib/armv7-m\libnosys.a(sbrk.o)
                0x08004fb8                _sbrk
 *(.glue_7)
 .glue_7        0x08004fd4        0x0 linker stubs
 *(.glue_7t)
 .glue_7t       0x08004fd4        0x0 linker stubs
 *(.eh_frame)
 .eh_frame      0x08004fd4        0x0 f:/programy/truestudio for stm32 9.0.1/armtools/bin/../lib/gcc/arm-atollic-eabi/6.3.1/armv7-m/crtbegin.o
 *(.init)
 .init          0x08004fd4        0x4 f:/programy/truestudio for stm32 9.0.1/armtools/bin/../lib/gcc/arm-atollic-eabi/6.3.1/armv7-m/crti.o
                0x08004fd4                _init
 .init          0x08004fd8        0x8 f:/programy/truestudio for stm32 9.0.1/armtools/bin/../lib/gcc/arm-atollic-eabi/6.3.1/armv7-m/crtn.o
 *(.fini)
 .fini          0x08004fe0        0x4 f:/programy/truestudio for stm32 9.0.1/armtools/bin/../lib/gcc/arm-atollic-eabi/6.3.1/armv7-m/crti.o
                0x08004fe0                _fini
 .fini          0x08004fe4        0x8 f:/programy/truestudio for stm32 9.0.1/armtools/bin/../lib/gcc/arm-atollic-eabi/6.3.1/armv7-m/crtn.o
                0x08004fec                . = ALIGN (0x4)
                0x08004fec                _etext = .

.vfp11_veneer   0x08004fec        0x0
 .vfp11_veneer  0x08004fec        0x0 linker stubs

.v4_bx          0x08004fec        0x0
 .v4_bx         0x08004fec        0x0 linker stubs

.iplt           0x08004fec        0x0
 .iplt          0x08004fec        0x0 f:/programy/truestudio for stm32 9.0.1/armtools/bin/../lib/gcc/arm-atollic-eabi/6.3.1/armv7-m/crtbegin.o

.rodata         0x08004fec      0x2dc
                0x08004fec                . = ALIGN (0x4)
 *(.rodata)
 .rodata        0x08004fec       0x10 Drivers\STM32F1xx_HAL_Driver\stm32f1xx_hal_rcc.o
 .rodata        0x08004ffc        0xc f:/programy/truestudio for stm32 9.0.1/armtools/bin/../lib/gcc/arm-atollic-eabi/6.3.1/../../../../arm-atollic-eabi/lib/armv7-m\libc_nano.a(lib_a-nano-vfscanf_i.o)
 *(.rodata*)
 .rodata.AHBPrescTable
                0x08005008       0x10 Src\system_stm32f1xx.o
                0x08005008                AHBPrescTable
 .rodata.APBPrescTable
                0x08005018        0x8 Src\system_stm32f1xx.o
                0x08005018                APBPrescTable
 .rodata.DecodeCommand.str1.1
                0x08005020       0x2a Src\usbcommands.o
                                 0x34 (size before relaxing)
 .rodata.DoCommand.str1.1
                0x0800504a       0x5b Src\usbcommands.o
 .rodata.CSWTCH.39
                0x080050a5        0x4 Src\usbd_conf.o
 .rodata.USBD_LL_Init.str1.1
                0x080050a9       0x13 Src\usbd_conf.o
 .rodata.USBD_FS_ConfigStrDescriptor.str1.1
                0x080050bc        0xb Src\usbd_desc.o
 .rodata.USBD_FS_InterfaceStrDescriptor.str1.1
                0x080050c7        0xe Src\usbd_desc.o
 .rodata.USBD_FS_ManufacturerStrDescriptor.str1.1
                0x080050d5       0x13 Src\usbd_desc.o
 .rodata.USBD_FS_ProductStrDescriptor.str1.1
                0x080050e8       0x16 Src\usbd_desc.o
 .rodata.USBD_FS_SerialStrDescriptor.str1.1
                0x080050fe        0xd Src\usbd_desc.o
 .rodata._svfprintf_r.str1.1
                0x0800510b       0x11 f:/programy/truestudio for stm32 9.0.1/armtools/bin/../lib/gcc/arm-atollic-eabi/6.3.1/../../../../arm-atollic-eabi/lib/armv7-m\libc_nano.a(lib_a-nano-svfprintf.o)
 .rodata.__ssvfscanf_r.str1.1
                0x0800511c        0x4 f:/programy/truestudio for stm32 9.0.1/armtools/bin/../lib/gcc/arm-atollic-eabi/6.3.1/../../../../arm-atollic-eabi/lib/armv7-m\libc_nano.a(lib_a-nano-svfscanf.o)
 .rodata._printf_i.str1.1
                0x0800511c       0x22 f:/programy/truestudio for stm32 9.0.1/armtools/bin/../lib/gcc/arm-atollic-eabi/6.3.1/../../../../arm-atollic-eabi/lib/armv7-m\libc_nano.a(lib_a-nano-vfprintf_i.o)
 .rodata._scanf_i.str1.1
                0x0800513e       0x12 f:/programy/truestudio for stm32 9.0.1/armtools/bin/../lib/gcc/arm-atollic-eabi/6.3.1/../../../../arm-atollic-eabi/lib/armv7-m\libc_nano.a(lib_a-nano-vfscanf_i.o)
 .rodata.str1.1
                0x08005150        0x9 f:/programy/truestudio for stm32 9.0.1/armtools/bin/../lib/gcc/arm-atollic-eabi/6.3.1/../../../../arm-atollic-eabi/lib/armv7-m\libc_nano.a(lib_a-nano-vfscanf_i.o)
 *fill*         0x08005159        0x3 
 .rodata.__sf_fake_stderr
                0x0800515c       0x20 f:/programy/truestudio for stm32 9.0.1/armtools/bin/../lib/gcc/arm-atollic-eabi/6.3.1/../../../../arm-atollic-eabi/lib/armv7-m\libc_nano.a(lib_a-findfp.o)
                0x0800515c                __sf_fake_stderr
 .rodata.__sf_fake_stdin
                0x0800517c       0x20 f:/programy/truestudio for stm32 9.0.1/armtools/bin/../lib/gcc/arm-atollic-eabi/6.3.1/../../../../arm-atollic-eabi/lib/armv7-m\libc_nano.a(lib_a-findfp.o)
                0x0800517c                __sf_fake_stdin
 .rodata.__sf_fake_stdout
                0x0800519c       0x20 f:/programy/truestudio for stm32 9.0.1/armtools/bin/../lib/gcc/arm-atollic-eabi/6.3.1/../../../../arm-atollic-eabi/lib/armv7-m\libc_nano.a(lib_a-findfp.o)
                0x0800519c                __sf_fake_stdout
 .rodata._setlocale_r.str1.1
                0x080051bc        0x8 f:/programy/truestudio for stm32 9.0.1/armtools/bin/../lib/gcc/arm-atollic-eabi/6.3.1/../../../../arm-atollic-eabi/lib/armv7-m\libc_nano.a(lib_a-locale.o)
                                  0x9 (size before relaxing)
 .rodata.str1.1
                0x080051c4        0x2 f:/programy/truestudio for stm32 9.0.1/armtools/bin/../lib/gcc/arm-atollic-eabi/6.3.1/../../../../arm-atollic-eabi/lib/armv7-m\libc_nano.a(lib_a-locale.o)
 .rodata._ctype_
                0x080051c6      0x101 f:/programy/truestudio for stm32 9.0.1/armtools/bin/../lib/gcc/arm-atollic-eabi/6.3.1/../../../../arm-atollic-eabi/lib/armv7-m\libc_nano.a(lib_a-ctype_.o)
                0x080051c6                _ctype_
                0x080052c8                . = ALIGN (0x4)
 *fill*         0x080052c7        0x1 

.rel.dyn        0x080052c8        0x0
 .rel.iplt      0x080052c8        0x0 f:/programy/truestudio for stm32 9.0.1/armtools/bin/../lib/gcc/arm-atollic-eabi/6.3.1/armv7-m/crtbegin.o

.ARM.extab
 *(.ARM.extab* .gnu.linkonce.armextab.*)

.ARM            0x080052c8        0x0
                0x080052c8                __exidx_start = .
 *(.ARM.exidx*)
                0x080052c8                __exidx_end = .

.preinit_array  0x080052c8        0x0
                0x080052c8                PROVIDE (__preinit_array_start, .)
 *(.preinit_array*)
                0x080052c8                PROVIDE (__preinit_array_end, .)

.init_array     0x080052c8        0x4
                0x080052c8                PROVIDE (__init_array_start, .)
 *(SORT(.init_array.*))
 *(.init_array*)
 .init_array    0x080052c8        0x4 f:/programy/truestudio for stm32 9.0.1/armtools/bin/../lib/gcc/arm-atollic-eabi/6.3.1/armv7-m/crtbegin.o
                0x080052cc                PROVIDE (__init_array_end, .)

.fini_array     0x080052cc        0x4
                [!provide]                PROVIDE (__fini_array_start, .)
 *(SORT(.fini_array.*))
 *(.fini_array*)
 .fini_array    0x080052cc        0x4 f:/programy/truestudio for stm32 9.0.1/armtools/bin/../lib/gcc/arm-atollic-eabi/6.3.1/armv7-m/crtbegin.o
                [!provide]                PROVIDE (__fini_array_end, .)
                0x080052d0                _sidata = LOADADDR (.data)

.data           0x20000000      0x330 load address 0x080052d0
                0x20000000                . = ALIGN (0x4)
                0x20000000                _sdata = .
 *(.data)
 *(.data*)
 .data.uwTickFreq
                0x20000000        0x1 Drivers\STM32F1xx_HAL_Driver\stm32f1xx_hal.o
                0x20000000                uwTickFreq
 *fill*         0x20000001        0x3 
 .data.uwTickPrio
                0x20000004        0x4 Drivers\STM32F1xx_HAL_Driver\stm32f1xx_hal.o
                0x20000004                uwTickPrio
 .data.USBD_CDC
                0x20000008       0x38 Middlewares\USB_Device_Library\usbd_cdc.o
                0x20000008                USBD_CDC
 .data.USBD_CDC_CfgFSDesc
                0x20000040       0x43 Middlewares\USB_Device_Library\usbd_cdc.o
                0x20000040                USBD_CDC_CfgFSDesc
 *fill*         0x20000083        0x1 
 .data.USBD_CDC_CfgHSDesc
                0x20000084       0x43 Middlewares\USB_Device_Library\usbd_cdc.o
                0x20000084                USBD_CDC_CfgHSDesc
 *fill*         0x200000c7        0x1 
 .data.USBD_CDC_DeviceQualifierDesc
                0x200000c8        0xa Middlewares\USB_Device_Library\usbd_cdc.o
 *fill*         0x200000d2        0x2 
 .data.USBD_CDC_OtherSpeedCfgDesc
                0x200000d4       0x43 Middlewares\USB_Device_Library\usbd_cdc.o
                0x200000d4                USBD_CDC_OtherSpeedCfgDesc
 *fill*         0x20000117        0x1 
 .data.SystemCoreClock
                0x20000118        0x4 Src\system_stm32f1xx.o
                0x20000118                SystemCoreClock
 .data.USBD_Interface_fops_FS
                0x2000011c       0x10 Src\usbd_cdc_if.o
                0x2000011c                USBD_Interface_fops_FS
 .data.FS_Desc  0x2000012c       0x1c Src\usbd_desc.o
                0x2000012c                FS_Desc
 .data.USBD_FS_DeviceDesc
                0x20000148       0x12 Src\usbd_desc.o
                0x20000148                USBD_FS_DeviceDesc
 *fill*         0x2000015a        0x2 
 .data.USBD_LangIDDesc
                0x2000015c        0x4 Src\usbd_desc.o
                0x2000015c                USBD_LangIDDesc
 .data._impure_ptr
                0x20000160        0x4 f:/programy/truestudio for stm32 9.0.1/armtools/bin/../lib/gcc/arm-atollic-eabi/6.3.1/../../../../arm-atollic-eabi/lib/armv7-m\libc_nano.a(lib_a-impure.o)
                0x20000160                _impure_ptr
 .data.impure_data
                0x20000164       0x60 f:/programy/truestudio for stm32 9.0.1/armtools/bin/../lib/gcc/arm-atollic-eabi/6.3.1/../../../../arm-atollic-eabi/lib/armv7-m\libc_nano.a(lib_a-impure.o)
 .data.__global_locale
                0x200001c4      0x16c f:/programy/truestudio for stm32 9.0.1/armtools/bin/../lib/gcc/arm-atollic-eabi/6.3.1/../../../../arm-atollic-eabi/lib/armv7-m\libc_nano.a(lib_a-locale.o)
                0x200001c4                __global_locale
                0x20000330                . = ALIGN (0x4)
                0x20000330                _edata = .

.igot.plt       0x20000330        0x0 load address 0x08005600
 .igot.plt      0x20000330        0x0 f:/programy/truestudio for stm32 9.0.1/armtools/bin/../lib/gcc/arm-atollic-eabi/6.3.1/armv7-m/crtbegin.o
                0x20000330                . = ALIGN (0x4)

.bss            0x20000330     0x1658 load address 0x08005600
                0x20000330                _sbss = .
                0x20000330                __bss_start__ = _sbss
 *(.bss)
 .bss           0x20000330       0x1c f:/programy/truestudio for stm32 9.0.1/armtools/bin/../lib/gcc/arm-atollic-eabi/6.3.1/armv7-m/crtbegin.o
 *(.bss*)
 .bss.ifalt.8436
                0x2000034c        0x1 Middlewares\USB_Device_Library\usbd_cdc.o
 .bss.cfgidx.8441
                0x2000034d        0x1 Middlewares\USB_Device_Library\usbd_ctlreq.o
 .bss.USBtext   0x2000034e      0x100 Src\main.o
                0x2000034e                USBtext
 *fill*         0x2000044e        0x2 
 .bss.delayCounter.8296
                0x20000450        0x4 Src\main.o
 .bss.humi      0x20000454        0x4 Src\main.o
                0x20000454                humi
 .bss.temp      0x20000458        0x4 Src\main.o
                0x20000458                temp
 .bss.PORT      0x2000045c       0x10 Src\myfuncs.o
 .bss.hLSB      0x2000046c        0x1 Src\myfuncs.o
                0x2000046c                hLSB
 .bss.hMSB      0x2000046d        0x1 Src\myfuncs.o
                0x2000046d                hMSB
 .bss.parity_rcv
                0x2000046e        0x1 Src\myfuncs.o
                0x2000046e                parity_rcv
 .bss.tLSB      0x2000046f        0x1 Src\myfuncs.o
                0x2000046f                tLSB
 .bss.tMSB      0x20000470        0x1 Src\myfuncs.o
                0x20000470                tMSB
 *fill*         0x20000471        0x3 
 .bss.mem.8595  0x20000474      0x220 Src\usbd_conf.o
 .bss.__malloc_free_list
                0x20000694        0x4 f:/programy/truestudio for stm32 9.0.1/armtools/bin/../lib/gcc/arm-atollic-eabi/6.3.1/../../../../arm-atollic-eabi/lib/armv7-m\libc_nano.a(lib_a-nano-mallocr.o)
                0x20000694                __malloc_free_list
 .bss.__malloc_sbrk_start
                0x20000698        0x4 f:/programy/truestudio for stm32 9.0.1/armtools/bin/../lib/gcc/arm-atollic-eabi/6.3.1/../../../../arm-atollic-eabi/lib/armv7-m\libc_nano.a(lib_a-nano-mallocr.o)
                0x20000698                __malloc_sbrk_start
 .bss.heap_end.4116
                0x2000069c        0x4 f:/programy/truestudio for stm32 9.0.1/armtools/bin/../lib/gcc/arm-atollic-eabi/6.3.1/../../../../arm-atollic-eabi/lib/armv7-m\libnosys.a(sbrk.o)
 *(COMMON)
 COMMON         0x200006a0        0x4 Drivers\STM32F1xx_HAL_Driver\stm32f1xx_hal.o
                0x200006a0                uwTick
 COMMON         0x200006a4      0x130 Src\main.o
                0x200006a4                hi2c1
                0x200006f8                huart1
                0x20000738                microsecondCounter
                0x2000073c                htim1
                0x2000077c                hspi1
 COMMON         0x200007d4      0x15a Src\myfuncs.o
                0x200007d4                userRxBuf
                0x200008d4                bits
                0x20000924                newUSBCommandReceived
                0x20000926                dateTime
 *fill*         0x2000092e        0x2 
 COMMON         0x20000930      0x224 Src\usb_device.o
                0x20000930                hUsbDeviceFS
 COMMON         0x20000b54      0x7d0 Src\usbd_cdc_if.o
                0x20000b54                UserRxBufferFS
                0x20000f3c                UserTxBufferFS
 COMMON         0x20001324      0x460 Src\usbd_conf.o
                0x20001324                hpcd_USB_FS
 COMMON         0x20001784      0x200 Src\usbd_desc.o
                0x20001784                USBD_StrDesc
 COMMON         0x20001984        0x4 f:/programy/truestudio for stm32 9.0.1/armtools/bin/../lib/gcc/arm-atollic-eabi/6.3.1/../../../../arm-atollic-eabi/lib/armv7-m\libc_nano.a(lib_a-reent.o)
                0x20001984                errno
                0x20001988                . = ALIGN (0x4)
                0x20001988                _ebss = .
                0x20001988                __bss_end__ = _ebss

._user_heap_stack
                0x20001988      0x600 load address 0x08005600
                0x20001988                . = ALIGN (0x4)
                0x20001988                PROVIDE (end, .)
                [!provide]                PROVIDE (_end, .)
                0x20001b88                . = (. + _Min_Heap_Size)
 *fill*         0x20001988      0x200 
                0x20001f88                . = (. + _Min_Stack_Size)
 *fill*         0x20001b88      0x400 
                0x20001f88                . = ALIGN (0x4)

/DISCARD/
 libc.a(*)
 libm.a(*)
 libgcc.a(*)

.ARM.attributes
                0x00000000       0x29
 *(.ARM.attributes)
 .ARM.attributes
                0x00000000       0x1d f:/programy/truestudio for stm32 9.0.1/armtools/bin/../lib/gcc/arm-atollic-eabi/6.3.1/armv7-m/crti.o
 .ARM.attributes
                0x0000001d       0x2d f:/programy/truestudio for stm32 9.0.1/armtools/bin/../lib/gcc/arm-atollic-eabi/6.3.1/armv7-m/crtbegin.o
 .ARM.attributes
                0x0000004a       0x33 Drivers\STM32F1xx_HAL_Driver\stm32f1xx_hal.o
 .ARM.attributes
                0x0000007d       0x33 Drivers\STM32F1xx_HAL_Driver\stm32f1xx_hal_cortex.o
 .ARM.attributes
                0x000000b0       0x33 Drivers\STM32F1xx_HAL_Driver\stm32f1xx_hal_gpio.o
 .ARM.attributes
                0x000000e3       0x33 Drivers\STM32F1xx_HAL_Driver\stm32f1xx_hal_i2c.o
 .ARM.attributes
                0x00000116       0x33 Drivers\STM32F1xx_HAL_Driver\stm32f1xx_hal_pcd.o
 .ARM.attributes
                0x00000149       0x33 Drivers\STM32F1xx_HAL_Driver\stm32f1xx_hal_pcd_ex.o
 .ARM.attributes
                0x0000017c       0x33 Drivers\STM32F1xx_HAL_Driver\stm32f1xx_hal_rcc.o
 .ARM.attributes
                0x000001af       0x33 Drivers\STM32F1xx_HAL_Driver\stm32f1xx_hal_rcc_ex.o
 .ARM.attributes
                0x000001e2       0x33 Drivers\STM32F1xx_HAL_Driver\stm32f1xx_hal_spi_ex.o
 .ARM.attributes
                0x00000215       0x33 Drivers\STM32F1xx_HAL_Driver\stm32f1xx_hal_tim.o
 .ARM.attributes
                0x00000248       0x33 Drivers\STM32F1xx_HAL_Driver\stm32f1xx_hal_tim_ex.o
 .ARM.attributes
                0x0000027b       0x33 Drivers\STM32F1xx_HAL_Driver\stm32f1xx_hal_uart.o
 .ARM.attributes
                0x000002ae       0x33 Drivers\STM32F1xx_HAL_Driver\stm32f1xx_ll_usb.o
 .ARM.attributes
                0x000002e1       0x33 Middlewares\USB_Device_Library\usbd_cdc.o
 .ARM.attributes
                0x00000314       0x33 Middlewares\USB_Device_Library\usbd_core.o
 .ARM.attributes
                0x00000347       0x33 Middlewares\USB_Device_Library\usbd_ctlreq.o
 .ARM.attributes
                0x0000037a       0x33 Middlewares\USB_Device_Library\usbd_ioreq.o
 .ARM.attributes
                0x000003ad       0x33 Src\main.o
 .ARM.attributes
                0x000003e0       0x33 Src\myfuncs.o
 .ARM.attributes
                0x00000413       0x33 Src\stm32f1xx_hal_msp.o
 .ARM.attributes
                0x00000446       0x33 Src\stm32f1xx_it.o
 .ARM.attributes
                0x00000479       0x33 Src\system_stm32f1xx.o
 .ARM.attributes
                0x000004ac       0x33 Src\usb_device.o
 .ARM.attributes
                0x000004df       0x33 Src\usbcommands.o
 .ARM.attributes
                0x00000512       0x33 Src\usbd_cdc_if.o
 .ARM.attributes
                0x00000545       0x33 Src\usbd_conf.o
 .ARM.attributes
                0x00000578       0x33 Src\usbd_desc.o
 .ARM.attributes
                0x000005ab       0x21 startup\startup_stm32f103xb.o
 .ARM.attributes
                0x000005cc       0x2d f:/programy/truestudio for stm32 9.0.1/armtools/bin/../lib/gcc/arm-atollic-eabi/6.3.1/../../../../arm-atollic-eabi/lib/armv7-m\libc_nano.a(lib_a-init.o)
 .ARM.attributes
                0x000005f9       0x2d f:/programy/truestudio for stm32 9.0.1/armtools/bin/../lib/gcc/arm-atollic-eabi/6.3.1/../../../../arm-atollic-eabi/lib/armv7-m\libc_nano.a(lib_a-memcpy-stub.o)
 .ARM.attributes
                0x00000626       0x2d f:/programy/truestudio for stm32 9.0.1/armtools/bin/../lib/gcc/arm-atollic-eabi/6.3.1/../../../../arm-atollic-eabi/lib/armv7-m\libc_nano.a(lib_a-memset.o)
 .ARM.attributes
                0x00000653       0x2d f:/programy/truestudio for stm32 9.0.1/armtools/bin/../lib/gcc/arm-atollic-eabi/6.3.1/../../../../arm-atollic-eabi/lib/armv7-m\libc_nano.a(lib_a-sprintf.o)
 .ARM.attributes
                0x00000680       0x2d f:/programy/truestudio for stm32 9.0.1/armtools/bin/../lib/gcc/arm-atollic-eabi/6.3.1/../../../../arm-atollic-eabi/lib/armv7-m\libc_nano.a(lib_a-sscanf.o)
 .ARM.attributes
                0x000006ad       0x2d f:/programy/truestudio for stm32 9.0.1/armtools/bin/../lib/gcc/arm-atollic-eabi/6.3.1/../../../../arm-atollic-eabi/lib/armv7-m\libc_nano.a(lib_a-stdio.o)
 .ARM.attributes
                0x000006da       0x1b f:/programy/truestudio for stm32 9.0.1/armtools/bin/../lib/gcc/arm-atollic-eabi/6.3.1/../../../../arm-atollic-eabi/lib/armv7-m\libc_nano.a(lib_a-strcmp.o)
 .ARM.attributes
                0x000006f5       0x2d f:/programy/truestudio for stm32 9.0.1/armtools/bin/../lib/gcc/arm-atollic-eabi/6.3.1/../../../../arm-atollic-eabi/lib/armv7-m\libc_nano.a(lib_a-strcpy.o)
 .ARM.attributes
                0x00000722       0x17 f:/programy/truestudio for stm32 9.0.1/armtools/bin/../lib/gcc/arm-atollic-eabi/6.3.1/../../../../arm-atollic-eabi/lib/armv7-m\libc_nano.a(lib_a-strlen.o)
 .ARM.attributes
                0x00000739       0x2d f:/programy/truestudio for stm32 9.0.1/armtools/bin/../lib/gcc/arm-atollic-eabi/6.3.1/../../../../arm-atollic-eabi/lib/armv7-m\libc_nano.a(lib_a-impure.o)
 .ARM.attributes
                0x00000766       0x2d f:/programy/truestudio for stm32 9.0.1/armtools/bin/../lib/gcc/arm-atollic-eabi/6.3.1/../../../../arm-atollic-eabi/lib/armv7-m\libc_nano.a(lib_a-nano-svfprintf.o)
 .ARM.attributes
                0x00000793       0x2d f:/programy/truestudio for stm32 9.0.1/armtools/bin/../lib/gcc/arm-atollic-eabi/6.3.1/../../../../arm-atollic-eabi/lib/armv7-m\libc_nano.a(lib_a-nano-svfscanf.o)
 .ARM.attributes
                0x000007c0       0x2d f:/programy/truestudio for stm32 9.0.1/armtools/bin/../lib/gcc/arm-atollic-eabi/6.3.1/../../../../arm-atollic-eabi/lib/armv7-m\libc_nano.a(lib_a-nano-vfprintf_i.o)
 .ARM.attributes
                0x000007ed       0x2d f:/programy/truestudio for stm32 9.0.1/armtools/bin/../lib/gcc/arm-atollic-eabi/6.3.1/../../../../arm-atollic-eabi/lib/armv7-m\libc_nano.a(lib_a-nano-vfscanf_i.o)
 .ARM.attributes
                0x0000081a       0x2d f:/programy/truestudio for stm32 9.0.1/armtools/bin/../lib/gcc/arm-atollic-eabi/6.3.1/../../../../arm-atollic-eabi/lib/armv7-m\libc_nano.a(lib_a-reent.o)
 .ARM.attributes
                0x00000847       0x2d f:/programy/truestudio for stm32 9.0.1/armtools/bin/../lib/gcc/arm-atollic-eabi/6.3.1/../../../../arm-atollic-eabi/lib/armv7-m\libc_nano.a(lib_a-sccl.o)
 .ARM.attributes
                0x00000874       0x2d f:/programy/truestudio for stm32 9.0.1/armtools/bin/../lib/gcc/arm-atollic-eabi/6.3.1/../../../../arm-atollic-eabi/lib/armv7-m\libc_nano.a(lib_a-strtol.o)
 .ARM.attributes
                0x000008a1       0x2d f:/programy/truestudio for stm32 9.0.1/armtools/bin/../lib/gcc/arm-atollic-eabi/6.3.1/../../../../arm-atollic-eabi/lib/armv7-m\libc_nano.a(lib_a-strtoul.o)
 .ARM.attributes
                0x000008ce       0x2d f:/programy/truestudio for stm32 9.0.1/armtools/bin/../lib/gcc/arm-atollic-eabi/6.3.1/../../../../arm-atollic-eabi/lib/armv7-m\libc_nano.a(lib_a-ungetc.o)
 .ARM.attributes
                0x000008fb       0x2d f:/programy/truestudio for stm32 9.0.1/armtools/bin/../lib/gcc/arm-atollic-eabi/6.3.1/../../../../arm-atollic-eabi/lib/armv7-m\libc_nano.a(lib_a-findfp.o)
 .ARM.attributes
                0x00000928       0x2d f:/programy/truestudio for stm32 9.0.1/armtools/bin/../lib/gcc/arm-atollic-eabi/6.3.1/../../../../arm-atollic-eabi/lib/armv7-m\libc_nano.a(lib_a-locale.o)
 .ARM.attributes
                0x00000955       0x2d f:/programy/truestudio for stm32 9.0.1/armtools/bin/../lib/gcc/arm-atollic-eabi/6.3.1/../../../../arm-atollic-eabi/lib/armv7-m\libc_nano.a(lib_a-mbtowc_r.o)
 .ARM.attributes
                0x00000982       0x2d f:/programy/truestudio for stm32 9.0.1/armtools/bin/../lib/gcc/arm-atollic-eabi/6.3.1/../../../../arm-atollic-eabi/lib/armv7-m\libc_nano.a(lib_a-memchr-stub.o)
 .ARM.attributes
                0x000009af       0x2d f:/programy/truestudio for stm32 9.0.1/armtools/bin/../lib/gcc/arm-atollic-eabi/6.3.1/../../../../arm-atollic-eabi/lib/armv7-m\libc_nano.a(lib_a-memmove.o)
 .ARM.attributes
                0x000009dc       0x2d f:/programy/truestudio for stm32 9.0.1/armtools/bin/../lib/gcc/arm-atollic-eabi/6.3.1/../../../../arm-atollic-eabi/lib/armv7-m\libc_nano.a(lib_a-nano-freer.o)
 .ARM.attributes
                0x00000a09       0x2d f:/programy/truestudio for stm32 9.0.1/armtools/bin/../lib/gcc/arm-atollic-eabi/6.3.1/../../../../arm-atollic-eabi/lib/armv7-m\libc_nano.a(lib_a-nano-mallocr.o)
 .ARM.attributes
                0x00000a36       0x2d f:/programy/truestudio for stm32 9.0.1/armtools/bin/../lib/gcc/arm-atollic-eabi/6.3.1/../../../../arm-atollic-eabi/lib/armv7-m\libc_nano.a(lib_a-nano-reallocr.o)
 .ARM.attributes
                0x00000a63       0x2d f:/programy/truestudio for stm32 9.0.1/armtools/bin/../lib/gcc/arm-atollic-eabi/6.3.1/../../../../arm-atollic-eabi/lib/armv7-m\libc_nano.a(lib_a-sbrkr.o)
 .ARM.attributes
                0x00000a90       0x2d f:/programy/truestudio for stm32 9.0.1/armtools/bin/../lib/gcc/arm-atollic-eabi/6.3.1/../../../../arm-atollic-eabi/lib/armv7-m\libc_nano.a(lib_a-wctomb_r.o)
 .ARM.attributes
                0x00000abd       0x2d f:/programy/truestudio for stm32 9.0.1/armtools/bin/../lib/gcc/arm-atollic-eabi/6.3.1/../../../../arm-atollic-eabi/lib/armv7-m\libc_nano.a(lib_a-ctype_.o)
 .ARM.attributes
                0x00000aea       0x2d f:/programy/truestudio for stm32 9.0.1/armtools/bin/../lib/gcc/arm-atollic-eabi/6.3.1/../../../../arm-atollic-eabi/lib/armv7-m\libc_nano.a(lib_a-mlock.o)
 .ARM.attributes
                0x00000b17       0x2d f:/programy/truestudio for stm32 9.0.1/armtools/bin/../lib/gcc/arm-atollic-eabi/6.3.1/../../../../arm-atollic-eabi/lib/armv7-m\libc_nano.a(lib_a-nano-msizer.o)
 .ARM.attributes
                0x00000b44       0x2d f:/programy/truestudio for stm32 9.0.1/armtools/bin/../lib/gcc/arm-atollic-eabi/6.3.1/../../../../arm-atollic-eabi/lib/armv7-m\libnosys.a(sbrk.o)
 .ARM.attributes
                0x00000b71       0x1d f:/programy/truestudio for stm32 9.0.1/armtools/bin/../lib/gcc/arm-atollic-eabi/6.3.1/armv7-m/crtn.o
OUTPUT(WeatherBlockRT.elf elf32-littlearm)

.debug_info     0x00000000    0x26df4
 .debug_info    0x00000000      0xfba Drivers\STM32F1xx_HAL_Driver\stm32f1xx_hal.o
 .debug_info    0x00000fba     0x1463 Drivers\STM32F1xx_HAL_Driver\stm32f1xx_hal_cortex.o
 .debug_info    0x0000241d      0xe7c Drivers\STM32F1xx_HAL_Driver\stm32f1xx_hal_gpio.o
 .debug_info    0x00003299     0x38a4 Drivers\STM32F1xx_HAL_Driver\stm32f1xx_hal_i2c.o
 .debug_info    0x00006b3d     0x1979 Drivers\STM32F1xx_HAL_Driver\stm32f1xx_hal_pcd.o
 .debug_info    0x000084b6      0xdfd Drivers\STM32F1xx_HAL_Driver\stm32f1xx_hal_pcd_ex.o
 .debug_info    0x000092b3     0x11f7 Drivers\STM32F1xx_HAL_Driver\stm32f1xx_hal_rcc.o
 .debug_info    0x0000a4aa      0xc57 Drivers\STM32F1xx_HAL_Driver\stm32f1xx_hal_rcc_ex.o
 .debug_info    0x0000b101      0xe1b Drivers\STM32F1xx_HAL_Driver\stm32f1xx_hal_spi_ex.o
 .debug_info    0x0000bf1c     0x3b73 Drivers\STM32F1xx_HAL_Driver\stm32f1xx_hal_tim.o
 .debug_info    0x0000fa8f     0x1943 Drivers\STM32F1xx_HAL_Driver\stm32f1xx_hal_tim_ex.o
 .debug_info    0x000113d2     0x1e00 Drivers\STM32F1xx_HAL_Driver\stm32f1xx_hal_uart.o
 .debug_info    0x000131d2     0x1700 Drivers\STM32F1xx_HAL_Driver\stm32f1xx_ll_usb.o
 .debug_info    0x000148d2     0x14f6 Middlewares\USB_Device_Library\usbd_cdc.o
 .debug_info    0x00015dc8     0x1466 Middlewares\USB_Device_Library\usbd_core.o
 .debug_info    0x0001722e     0x1499 Middlewares\USB_Device_Library\usbd_ctlreq.o
 .debug_info    0x000186c7      0xfc5 Middlewares\USB_Device_Library\usbd_ioreq.o
 .debug_info    0x0001968c     0x22bc Src\main.o
 .debug_info    0x0001b948     0x1ca3 Src\myfuncs.o
 .debug_info    0x0001d5eb     0x1c82 Src\stm32f1xx_hal_msp.o
 .debug_info    0x0001f26d     0x12b6 Src\stm32f1xx_it.o
 .debug_info    0x00020523      0xc07 Src\system_stm32f1xx.o
 .debug_info    0x0002112a      0xe80 Src\usb_device.o
 .debug_info    0x00021faa      0xec7 Src\usbcommands.o
 .debug_info    0x00022e71     0x112d Src\usbd_cdc_if.o
 .debug_info    0x00023f9e     0x2060 Src\usbd_conf.o
 .debug_info    0x00025ffe      0xd7a Src\usbd_desc.o
 .debug_info    0x00026d78       0x7c startup\startup_stm32f103xb.o

.debug_abbrev   0x00000000     0x4d69
 .debug_abbrev  0x00000000      0x308 Drivers\STM32F1xx_HAL_Driver\stm32f1xx_hal.o
 .debug_abbrev  0x00000308      0x399 Drivers\STM32F1xx_HAL_Driver\stm32f1xx_hal_cortex.o
 .debug_abbrev  0x000006a1      0x268 Drivers\STM32F1xx_HAL_Driver\stm32f1xx_hal_gpio.o
 .debug_abbrev  0x00000909      0x3c1 Drivers\STM32F1xx_HAL_Driver\stm32f1xx_hal_i2c.o
 .debug_abbrev  0x00000cca      0x39a Drivers\STM32F1xx_HAL_Driver\stm32f1xx_hal_pcd.o
 .debug_abbrev  0x00001064      0x1f5 Drivers\STM32F1xx_HAL_Driver\stm32f1xx_hal_pcd_ex.o
 .debug_abbrev  0x00001259      0x367 Drivers\STM32F1xx_HAL_Driver\stm32f1xx_hal_rcc.o
 .debug_abbrev  0x000015c0      0x277 Drivers\STM32F1xx_HAL_Driver\stm32f1xx_hal_rcc_ex.o
 .debug_abbrev  0x00001837      0x1d8 Drivers\STM32F1xx_HAL_Driver\stm32f1xx_hal_spi_ex.o
 .debug_abbrev  0x00001a0f      0x3bb Drivers\STM32F1xx_HAL_Driver\stm32f1xx_hal_tim.o
 .debug_abbrev  0x00001dca      0x30d Drivers\STM32F1xx_HAL_Driver\stm32f1xx_hal_tim_ex.o
 .debug_abbrev  0x000020d7      0x364 Drivers\STM32F1xx_HAL_Driver\stm32f1xx_hal_uart.o
 .debug_abbrev  0x0000243b      0x31c Drivers\STM32F1xx_HAL_Driver\stm32f1xx_ll_usb.o
 .debug_abbrev  0x00002757      0x2e8 Middlewares\USB_Device_Library\usbd_cdc.o
 .debug_abbrev  0x00002a3f      0x308 Middlewares\USB_Device_Library\usbd_core.o
 .debug_abbrev  0x00002d47      0x3aa Middlewares\USB_Device_Library\usbd_ctlreq.o
 .debug_abbrev  0x000030f1      0x1da Middlewares\USB_Device_Library\usbd_ioreq.o
 .debug_abbrev  0x000032cb      0x33a Src\main.o
 .debug_abbrev  0x00003605      0x411 Src\myfuncs.o
 .debug_abbrev  0x00003a16      0x275 Src\stm32f1xx_hal_msp.o
 .debug_abbrev  0x00003c8b      0x22d Src\stm32f1xx_it.o
 .debug_abbrev  0x00003eb8      0x1eb Src\system_stm32f1xx.o
 .debug_abbrev  0x000040a3      0x1e0 Src\usb_device.o
 .debug_abbrev  0x00004283      0x25a Src\usbcommands.o
 .debug_abbrev  0x000044dd      0x315 Src\usbd_cdc_if.o
 .debug_abbrev  0x000047f2      0x2ea Src\usbd_conf.o
 .debug_abbrev  0x00004adc      0x27b Src\usbd_desc.o
 .debug_abbrev  0x00004d57       0x12 startup\startup_stm32f103xb.o

.debug_loc      0x00000000     0xc8cb
 .debug_loc     0x00000000      0x11b Drivers\STM32F1xx_HAL_Driver\stm32f1xx_hal.o
 .debug_loc     0x0000011b      0x46b Drivers\STM32F1xx_HAL_Driver\stm32f1xx_hal_cortex.o
 .debug_loc     0x00000586      0x36a Drivers\STM32F1xx_HAL_Driver\stm32f1xx_hal_gpio.o
 .debug_loc     0x000008f0     0x2bdf Drivers\STM32F1xx_HAL_Driver\stm32f1xx_hal_i2c.o
 .debug_loc     0x000034cf      0x995 Drivers\STM32F1xx_HAL_Driver\stm32f1xx_hal_pcd.o
 .debug_loc     0x00003e64       0xe0 Drivers\STM32F1xx_HAL_Driver\stm32f1xx_hal_pcd_ex.o
 .debug_loc     0x00003f44      0x4c3 Drivers\STM32F1xx_HAL_Driver\stm32f1xx_hal_rcc.o
 .debug_loc     0x00004407      0x29d Drivers\STM32F1xx_HAL_Driver\stm32f1xx_hal_rcc_ex.o
 .debug_loc     0x000046a4       0x34 Drivers\STM32F1xx_HAL_Driver\stm32f1xx_hal_spi_ex.o
 .debug_loc     0x000046d8     0x300c Drivers\STM32F1xx_HAL_Driver\stm32f1xx_hal_tim.o
 .debug_loc     0x000076e4      0x822 Drivers\STM32F1xx_HAL_Driver\stm32f1xx_hal_tim_ex.o
 .debug_loc     0x00007f06     0x1311 Drivers\STM32F1xx_HAL_Driver\stm32f1xx_hal_uart.o
 .debug_loc     0x00009217      0xb9c Drivers\STM32F1xx_HAL_Driver\stm32f1xx_ll_usb.o
 .debug_loc     0x00009db3      0x4cf Middlewares\USB_Device_Library\usbd_cdc.o
 .debug_loc     0x0000a282      0x5f2 Middlewares\USB_Device_Library\usbd_core.o
 .debug_loc     0x0000a874      0x7cd Middlewares\USB_Device_Library\usbd_ctlreq.o
 .debug_loc     0x0000b041      0x23c Middlewares\USB_Device_Library\usbd_ioreq.o
 .debug_loc     0x0000b27d       0x96 Src\main.o
 .debug_loc     0x0000b313      0x567 Src\myfuncs.o
 .debug_loc     0x0000b87a      0x134 Src\stm32f1xx_hal_msp.o
 .debug_loc     0x0000b9ae       0xcd Src\system_stm32f1xx.o
 .debug_loc     0x0000ba7b      0x14c Src\usbcommands.o
 .debug_loc     0x0000bbc7      0x12c Src\usbd_cdc_if.o
 .debug_loc     0x0000bcf3      0x965 Src\usbd_conf.o
 .debug_loc     0x0000c658      0x273 Src\usbd_desc.o

.debug_aranges  0x00000000     0x1030
 .debug_aranges
                0x00000000       0xc8 Drivers\STM32F1xx_HAL_Driver\stm32f1xx_hal.o
 .debug_aranges
                0x000000c8       0x90 Drivers\STM32F1xx_HAL_Driver\stm32f1xx_hal_cortex.o
 .debug_aranges
                0x00000158       0x58 Drivers\STM32F1xx_HAL_Driver\stm32f1xx_hal_gpio.o
 .debug_aranges
                0x000001b0      0x190 Drivers\STM32F1xx_HAL_Driver\stm32f1xx_hal_i2c.o
 .debug_aranges
                0x00000340       0xc0 Drivers\STM32F1xx_HAL_Driver\stm32f1xx_hal_pcd.o
 .debug_aranges
                0x00000400       0x28 Drivers\STM32F1xx_HAL_Driver\stm32f1xx_hal_pcd_ex.o
 .debug_aranges
                0x00000428       0x88 Drivers\STM32F1xx_HAL_Driver\stm32f1xx_hal_rcc.o
 .debug_aranges
                0x000004b0       0x30 Drivers\STM32F1xx_HAL_Driver\stm32f1xx_hal_rcc_ex.o
 .debug_aranges
                0x000004e0       0x20 Drivers\STM32F1xx_HAL_Driver\stm32f1xx_hal_spi_ex.o
 .debug_aranges
                0x00000500      0x250 Drivers\STM32F1xx_HAL_Driver\stm32f1xx_hal_tim.o
 .debug_aranges
                0x00000750       0xe8 Drivers\STM32F1xx_HAL_Driver\stm32f1xx_hal_tim_ex.o
 .debug_aranges
                0x00000838      0x170 Drivers\STM32F1xx_HAL_Driver\stm32f1xx_hal_uart.o
 .debug_aranges
                0x000009a8       0xe0 Drivers\STM32F1xx_HAL_Driver\stm32f1xx_ll_usb.o
 .debug_aranges
                0x00000a88       0x90 Middlewares\USB_Device_Library\usbd_cdc.o
 .debug_aranges
                0x00000b18       0xa8 Middlewares\USB_Device_Library\usbd_core.o
 .debug_aranges
                0x00000bc0       0x50 Middlewares\USB_Device_Library\usbd_ctlreq.o
 .debug_aranges
                0x00000c10       0x50 Middlewares\USB_Device_Library\usbd_ioreq.o
 .debug_aranges
                0x00000c60       0x30 Src\main.o
 .debug_aranges
                0x00000c90       0xa8 Src\myfuncs.o
 .debug_aranges
                0x00000d38       0x60 Src\stm32f1xx_hal_msp.o
 .debug_aranges
                0x00000d98       0x58 Src\stm32f1xx_it.o
 .debug_aranges
                0x00000df0       0x28 Src\system_stm32f1xx.o
 .debug_aranges
                0x00000e18       0x20 Src\usb_device.o
 .debug_aranges
                0x00000e38       0x30 Src\usbcommands.o
 .debug_aranges
                0x00000e68       0x40 Src\usbd_cdc_if.o
 .debug_aranges
                0x00000ea8      0x110 Src\usbd_conf.o
 .debug_aranges
                0x00000fb8       0x50 Src\usbd_desc.o
 .debug_aranges
                0x00001008       0x28 startup\startup_stm32f103xb.o

.debug_ranges   0x00000000     0x1778
 .debug_ranges  0x00000000       0xb8 Drivers\STM32F1xx_HAL_Driver\stm32f1xx_hal.o
 .debug_ranges  0x000000b8      0x128 Drivers\STM32F1xx_HAL_Driver\stm32f1xx_hal_cortex.o
 .debug_ranges  0x000001e0       0x60 Drivers\STM32F1xx_HAL_Driver\stm32f1xx_hal_gpio.o
 .debug_ranges  0x00000240      0x438 Drivers\STM32F1xx_HAL_Driver\stm32f1xx_hal_i2c.o
 .debug_ranges  0x00000678      0x118 Drivers\STM32F1xx_HAL_Driver\stm32f1xx_hal_pcd.o
 .debug_ranges  0x00000790       0x18 Drivers\STM32F1xx_HAL_Driver\stm32f1xx_hal_pcd_ex.o
 .debug_ranges  0x000007a8       0xa0 Drivers\STM32F1xx_HAL_Driver\stm32f1xx_hal_rcc.o
 .debug_ranges  0x00000848       0x40 Drivers\STM32F1xx_HAL_Driver\stm32f1xx_hal_rcc_ex.o
 .debug_ranges  0x00000888       0x10 Drivers\STM32F1xx_HAL_Driver\stm32f1xx_hal_spi_ex.o
 .debug_ranges  0x00000898      0x340 Drivers\STM32F1xx_HAL_Driver\stm32f1xx_hal_tim.o
 .debug_ranges  0x00000bd8       0xd8 Drivers\STM32F1xx_HAL_Driver\stm32f1xx_hal_tim_ex.o
 .debug_ranges  0x00000cb0      0x190 Drivers\STM32F1xx_HAL_Driver\stm32f1xx_hal_uart.o
 .debug_ranges  0x00000e40      0x260 Drivers\STM32F1xx_HAL_Driver\stm32f1xx_ll_usb.o
 .debug_ranges  0x000010a0       0x80 Middlewares\USB_Device_Library\usbd_cdc.o
 .debug_ranges  0x00001120       0x98 Middlewares\USB_Device_Library\usbd_core.o
 .debug_ranges  0x000011b8       0xc0 Middlewares\USB_Device_Library\usbd_ctlreq.o
 .debug_ranges  0x00001278       0x40 Middlewares\USB_Device_Library\usbd_ioreq.o
 .debug_ranges  0x000012b8       0xc0 Src\main.o
 .debug_ranges  0x00001378       0xb0 Src\myfuncs.o
 .debug_ranges  0x00001428       0xd8 Src\stm32f1xx_hal_msp.o
 .debug_ranges  0x00001500       0x48 Src\stm32f1xx_it.o
 .debug_ranges  0x00001548       0x18 Src\system_stm32f1xx.o
 .debug_ranges  0x00001560       0x10 Src\usb_device.o
 .debug_ranges  0x00001570       0x50 Src\usbcommands.o
 .debug_ranges  0x000015c0       0x30 Src\usbd_cdc_if.o
 .debug_ranges  0x000015f0      0x128 Src\usbd_conf.o
 .debug_ranges  0x00001718       0x40 Src\usbd_desc.o
 .debug_ranges  0x00001758       0x20 startup\startup_stm32f103xb.o

.debug_line     0x00000000     0xb513
 .debug_line    0x00000000      0x506 Drivers\STM32F1xx_HAL_Driver\stm32f1xx_hal.o
 .debug_line    0x00000506      0x4a1 Drivers\STM32F1xx_HAL_Driver\stm32f1xx_hal_cortex.o
 .debug_line    0x000009a7      0x4f2 Drivers\STM32F1xx_HAL_Driver\stm32f1xx_hal_gpio.o
 .debug_line    0x00000e99     0x1b32 Drivers\STM32F1xx_HAL_Driver\stm32f1xx_hal_i2c.o
 .debug_line    0x000029cb      0x796 Drivers\STM32F1xx_HAL_Driver\stm32f1xx_hal_pcd.o
 .debug_line    0x00003161      0x393 Drivers\STM32F1xx_HAL_Driver\stm32f1xx_hal_pcd_ex.o
 .debug_line    0x000034f4      0x6da Drivers\STM32F1xx_HAL_Driver\stm32f1xx_hal_rcc.o
 .debug_line    0x00003bce      0x473 Drivers\STM32F1xx_HAL_Driver\stm32f1xx_hal_rcc_ex.o
 .debug_line    0x00004041      0x399 Drivers\STM32F1xx_HAL_Driver\stm32f1xx_hal_spi_ex.o
 .debug_line    0x000043da     0x11f3 Drivers\STM32F1xx_HAL_Driver\stm32f1xx_hal_tim.o
 .debug_line    0x000055cd      0x795 Drivers\STM32F1xx_HAL_Driver\stm32f1xx_hal_tim_ex.o
 .debug_line    0x00005d62      0xcec Drivers\STM32F1xx_HAL_Driver\stm32f1xx_hal_uart.o
 .debug_line    0x00006a4e      0x6bc Drivers\STM32F1xx_HAL_Driver\stm32f1xx_ll_usb.o
 .debug_line    0x0000710a      0x5d8 Middlewares\USB_Device_Library\usbd_cdc.o
 .debug_line    0x000076e2      0x58a Middlewares\USB_Device_Library\usbd_core.o
 .debug_line    0x00007c6c      0x50a Middlewares\USB_Device_Library\usbd_ctlreq.o
 .debug_line    0x00008176      0x420 Middlewares\USB_Device_Library\usbd_ioreq.o
 .debug_line    0x00008596      0x5ae Src\main.o
 .debug_line    0x00008b44      0x73a Src\myfuncs.o
 .debug_line    0x0000927e      0x49a Src\stm32f1xx_hal_msp.o
 .debug_line    0x00009718      0x3e5 Src\stm32f1xx_it.o
 .debug_line    0x00009afd      0x2bf Src\system_stm32f1xx.o
 .debug_line    0x00009dbc      0x3fb Src\usb_device.o
 .debug_line    0x0000a1b7      0x3d3 Src\usbcommands.o
 .debug_line    0x0000a58a      0x427 Src\usbd_cdc_if.o
 .debug_line    0x0000a9b1      0x71d Src\usbd_conf.o
 .debug_line    0x0000b0ce      0x3c8 Src\usbd_desc.o
 .debug_line    0x0000b496       0x7d startup\startup_stm32f103xb.o

.debug_str      0x00000000     0x5bab
 .debug_str     0x00000000      0xbfe Drivers\STM32F1xx_HAL_Driver\stm32f1xx_hal.o
                                0xcaa (size before relaxing)
 .debug_str     0x00000bfe      0x319 Drivers\STM32F1xx_HAL_Driver\stm32f1xx_hal_cortex.o
                                0xd58 (size before relaxing)
 .debug_str     0x00000f17      0x201 Drivers\STM32F1xx_HAL_Driver\stm32f1xx_hal_gpio.o
                                0x8c5 (size before relaxing)
 .debug_str     0x00001118      0xc5a Drivers\STM32F1xx_HAL_Driver\stm32f1xx_hal_i2c.o
                               0x135b (size before relaxing)
 .debug_str     0x00001d72      0x7cf Drivers\STM32F1xx_HAL_Driver\stm32f1xx_hal_pcd.o
                                0xebf (size before relaxing)
 .debug_str     0x00002541       0x8f Drivers\STM32F1xx_HAL_Driver\stm32f1xx_hal_pcd_ex.o
                                0x9ea (size before relaxing)
 .debug_str     0x000025d0      0x33e Drivers\STM32F1xx_HAL_Driver\stm32f1xx_hal_rcc.o
                                0xaa3 (size before relaxing)
 .debug_str     0x0000290e      0x163 Drivers\STM32F1xx_HAL_Driver\stm32f1xx_hal_rcc_ex.o
                                0x880 (size before relaxing)
 .debug_str     0x00002a71      0x22e Drivers\STM32F1xx_HAL_Driver\stm32f1xx_hal_spi_ex.o
                                0xa80 (size before relaxing)
 .debug_str     0x00002c9f      0xf4b Drivers\STM32F1xx_HAL_Driver\stm32f1xx_hal_tim.o
                               0x17f4 (size before relaxing)
 .debug_str     0x00003bea      0x529 Drivers\STM32F1xx_HAL_Driver\stm32f1xx_hal_tim_ex.o
                               0x1096 (size before relaxing)
 .debug_str     0x00004113      0x6ad Drivers\STM32F1xx_HAL_Driver\stm32f1xx_hal_uart.o
                               0x100d (size before relaxing)
 .debug_str     0x000047c0      0x187 Drivers\STM32F1xx_HAL_Driver\stm32f1xx_ll_usb.o
                                0xbbd (size before relaxing)
 .debug_str     0x00004947      0x677 Middlewares\USB_Device_Library\usbd_cdc.o
                                0xd69 (size before relaxing)
 .debug_str     0x00004fbe      0x2d8 Middlewares\USB_Device_Library\usbd_core.o
                                0xcdb (size before relaxing)
 .debug_str     0x00005296      0x166 Middlewares\USB_Device_Library\usbd_ctlreq.o
                                0xbf5 (size before relaxing)
 .debug_str     0x000053fc       0x89 Middlewares\USB_Device_Library\usbd_ioreq.o
                                0xb22 (size before relaxing)
 .debug_str     0x00005485      0x1ec Src\main.o
                               0x1ac6 (size before relaxing)
 .debug_str     0x00005671      0x165 Src\myfuncs.o
                               0x1111 (size before relaxing)
 .debug_str     0x000057d6       0x37 Src\stm32f1xx_hal_msp.o
                               0x1420 (size before relaxing)
 .debug_str     0x0000580d      0x11f Src\stm32f1xx_it.o
                                0xdd2 (size before relaxing)
 .debug_str     0x0000592c       0x4d Src\system_stm32f1xx.o
                                0x6f6 (size before relaxing)
 .debug_str     0x00005979       0x14 Src\usb_device.o
                                0xa83 (size before relaxing)
 .debug_str     0x0000598d       0x4d Src\usbcommands.o
                                0x732 (size before relaxing)
 .debug_str     0x000059da       0x72 Src\usbd_cdc_if.o
                                0xbaa (size before relaxing)
 .debug_str     0x00005a4c       0x51 Src\usbd_conf.o
                               0x1584 (size before relaxing)
 .debug_str     0x00005a9d      0x10e Src\usbd_desc.o
                                0x85e (size before relaxing)

.comment        0x00000000       0x7c
 .comment       0x00000000       0x7c Drivers\STM32F1xx_HAL_Driver\stm32f1xx_hal.o
                                 0x7d (size before relaxing)
 .comment       0x0000007c       0x7d Drivers\STM32F1xx_HAL_Driver\stm32f1xx_hal_cortex.o
 .comment       0x0000007c       0x7d Drivers\STM32F1xx_HAL_Driver\stm32f1xx_hal_gpio.o
 .comment       0x0000007c       0x7d Drivers\STM32F1xx_HAL_Driver\stm32f1xx_hal_i2c.o
 .comment       0x0000007c       0x7d Drivers\STM32F1xx_HAL_Driver\stm32f1xx_hal_pcd.o
 .comment       0x0000007c       0x7d Drivers\STM32F1xx_HAL_Driver\stm32f1xx_hal_pcd_ex.o
 .comment       0x0000007c       0x7d Drivers\STM32F1xx_HAL_Driver\stm32f1xx_hal_rcc.o
 .comment       0x0000007c       0x7d Drivers\STM32F1xx_HAL_Driver\stm32f1xx_hal_rcc_ex.o
 .comment       0x0000007c       0x7d Drivers\STM32F1xx_HAL_Driver\stm32f1xx_hal_spi_ex.o
 .comment       0x0000007c       0x7d Drivers\STM32F1xx_HAL_Driver\stm32f1xx_hal_tim.o
 .comment       0x0000007c       0x7d Drivers\STM32F1xx_HAL_Driver\stm32f1xx_hal_tim_ex.o
 .comment       0x0000007c       0x7d Drivers\STM32F1xx_HAL_Driver\stm32f1xx_hal_uart.o
 .comment       0x0000007c       0x7d Drivers\STM32F1xx_HAL_Driver\stm32f1xx_ll_usb.o
 .comment       0x0000007c       0x7d Middlewares\USB_Device_Library\usbd_cdc.o
 .comment       0x0000007c       0x7d Middlewares\USB_Device_Library\usbd_core.o
 .comment       0x0000007c       0x7d Middlewares\USB_Device_Library\usbd_ctlreq.o
 .comment       0x0000007c       0x7d Middlewares\USB_Device_Library\usbd_ioreq.o
 .comment       0x0000007c       0x7d Src\main.o
 .comment       0x0000007c       0x7d Src\myfuncs.o
 .comment       0x0000007c       0x7d Src\stm32f1xx_hal_msp.o
 .comment       0x0000007c       0x7d Src\stm32f1xx_it.o
 .comment       0x0000007c       0x7d Src\system_stm32f1xx.o
 .comment       0x0000007c       0x7d Src\usb_device.o
 .comment       0x0000007c       0x7d Src\usbcommands.o
 .comment       0x0000007c       0x7d Src\usbd_cdc_if.o
 .comment       0x0000007c       0x7d Src\usbd_conf.o
 .comment       0x0000007c       0x7d Src\usbd_desc.o

.debug_frame    0x00000000     0x37d0
 .debug_frame   0x00000000      0x1b0 Drivers\STM32F1xx_HAL_Driver\stm32f1xx_hal.o
 .debug_frame   0x000001b0      0x120 Drivers\STM32F1xx_HAL_Driver\stm32f1xx_hal_cortex.o
 .debug_frame   0x000002d0       0xd4 Drivers\STM32F1xx_HAL_Driver\stm32f1xx_hal_gpio.o
 .debug_frame   0x000003a4      0x684 Drivers\STM32F1xx_HAL_Driver\stm32f1xx_hal_i2c.o
 .debug_frame   0x00000a28      0x2c4 Drivers\STM32F1xx_HAL_Driver\stm32f1xx_hal_pcd.o
 .debug_frame   0x00000cec       0x30 Drivers\STM32F1xx_HAL_Driver\stm32f1xx_hal_pcd_ex.o
 .debug_frame   0x00000d1c      0x150 Drivers\STM32F1xx_HAL_Driver\stm32f1xx_hal_rcc.o
 .debug_frame   0x00000e6c       0x6c Drivers\STM32F1xx_HAL_Driver\stm32f1xx_hal_rcc_ex.o
 .debug_frame   0x00000ed8       0x28 Drivers\STM32F1xx_HAL_Driver\stm32f1xx_hal_spi_ex.o
 .debug_frame   0x00000f00      0x854 Drivers\STM32F1xx_HAL_Driver\stm32f1xx_hal_tim.o
 .debug_frame   0x00001754      0x320 Drivers\STM32F1xx_HAL_Driver\stm32f1xx_hal_tim_ex.o
 .debug_frame   0x00001a74      0x4a0 Drivers\STM32F1xx_HAL_Driver\stm32f1xx_hal_uart.o
 .debug_frame   0x00001f14      0x22c Drivers\STM32F1xx_HAL_Driver\stm32f1xx_ll_usb.o
 .debug_frame   0x00002140      0x14c Middlewares\USB_Device_Library\usbd_cdc.o
 .debug_frame   0x0000228c      0x1c0 Middlewares\USB_Device_Library\usbd_core.o
 .debug_frame   0x0000244c       0xcc Middlewares\USB_Device_Library\usbd_ctlreq.o
 .debug_frame   0x00002518       0xb8 Middlewares\USB_Device_Library\usbd_ioreq.o
 .debug_frame   0x000025d0       0x60 Src\main.o
 .debug_frame   0x00002630      0x1d4 Src\myfuncs.o
 .debug_frame   0x00002804       0xd8 Src\stm32f1xx_hal_msp.o
 .debug_frame   0x000028dc       0xfc Src\stm32f1xx_it.o
 .debug_frame   0x000029d8       0x30 Src\system_stm32f1xx.o
 .debug_frame   0x00002a08       0x2c Src\usb_device.o
 .debug_frame   0x00002a34       0x74 Src\usbcommands.o
 .debug_frame   0x00002aa8       0x84 Src\usbd_cdc_if.o
 .debug_frame   0x00002b2c      0x284 Src\usbd_conf.o
 .debug_frame   0x00002db0       0xa8 Src\usbd_desc.o
 .debug_frame   0x00002e58       0x2c f:/programy/truestudio for stm32 9.0.1/armtools/bin/../lib/gcc/arm-atollic-eabi/6.3.1/../../../../arm-atollic-eabi/lib/armv7-m\libc_nano.a(lib_a-init.o)
 .debug_frame   0x00002e84       0x28 f:/programy/truestudio for stm32 9.0.1/armtools/bin/../lib/gcc/arm-atollic-eabi/6.3.1/../../../../arm-atollic-eabi/lib/armv7-m\libc_nano.a(lib_a-memcpy-stub.o)
 .debug_frame   0x00002eac       0x20 f:/programy/truestudio for stm32 9.0.1/armtools/bin/../lib/gcc/arm-atollic-eabi/6.3.1/../../../../arm-atollic-eabi/lib/armv7-m\libc_nano.a(lib_a-memset.o)
 .debug_frame   0x00002ecc       0x70 f:/programy/truestudio for stm32 9.0.1/armtools/bin/../lib/gcc/arm-atollic-eabi/6.3.1/../../../../arm-atollic-eabi/lib/armv7-m\libc_nano.a(lib_a-sprintf.o)
 .debug_frame   0x00002f3c       0x80 f:/programy/truestudio for stm32 9.0.1/armtools/bin/../lib/gcc/arm-atollic-eabi/6.3.1/../../../../arm-atollic-eabi/lib/armv7-m\libc_nano.a(lib_a-sscanf.o)
 .debug_frame   0x00002fbc       0x88 f:/programy/truestudio for stm32 9.0.1/armtools/bin/../lib/gcc/arm-atollic-eabi/6.3.1/../../../../arm-atollic-eabi/lib/armv7-m\libc_nano.a(lib_a-stdio.o)
 .debug_frame   0x00003044       0x20 f:/programy/truestudio for stm32 9.0.1/armtools/bin/../lib/gcc/arm-atollic-eabi/6.3.1/../../../../arm-atollic-eabi/lib/armv7-m\libc_nano.a(lib_a-strcmp.o)
 .debug_frame   0x00003064       0x20 f:/programy/truestudio for stm32 9.0.1/armtools/bin/../lib/gcc/arm-atollic-eabi/6.3.1/../../../../arm-atollic-eabi/lib/armv7-m\libc_nano.a(lib_a-strcpy.o)
 .debug_frame   0x00003084       0x90 f:/programy/truestudio for stm32 9.0.1/armtools/bin/../lib/gcc/arm-atollic-eabi/6.3.1/../../../../arm-atollic-eabi/lib/armv7-m\libc_nano.a(lib_a-nano-svfprintf.o)
 .debug_frame   0x00003114       0x78 f:/programy/truestudio for stm32 9.0.1/armtools/bin/../lib/gcc/arm-atollic-eabi/6.3.1/../../../../arm-atollic-eabi/lib/armv7-m\libc_nano.a(lib_a-nano-svfscanf.o)
 .debug_frame   0x0000318c       0x60 f:/programy/truestudio for stm32 9.0.1/armtools/bin/../lib/gcc/arm-atollic-eabi/6.3.1/../../../../arm-atollic-eabi/lib/armv7-m\libc_nano.a(lib_a-nano-vfprintf_i.o)
 .debug_frame   0x000031ec       0x60 f:/programy/truestudio for stm32 9.0.1/armtools/bin/../lib/gcc/arm-atollic-eabi/6.3.1/../../../../arm-atollic-eabi/lib/armv7-m\libc_nano.a(lib_a-nano-vfscanf_i.o)
 .debug_frame   0x0000324c       0x5c f:/programy/truestudio for stm32 9.0.1/armtools/bin/../lib/gcc/arm-atollic-eabi/6.3.1/../../../../arm-atollic-eabi/lib/armv7-m\libc_nano.a(lib_a-reent.o)
 .debug_frame   0x000032a8       0x2c f:/programy/truestudio for stm32 9.0.1/armtools/bin/../lib/gcc/arm-atollic-eabi/6.3.1/../../../../arm-atollic-eabi/lib/armv7-m\libc_nano.a(lib_a-sccl.o)