Archive member included to satisfy reference by file (symbol)

f:/programy/truestudio for stm32 9.0.1/armtools/bin/../lib/gcc/arm-atollic-eabi/6.3.1/../../../../arm-atollic-eabi/lib/armv7-m\libc_nano.a(lib_a-init.o)
                              startup\startup_stm32f103xb.o (__libc_init_array)
f:/programy/truestudio for stm32 9.0.1/armtools/bin/../lib/gcc/arm-atollic-eabi/6.3.1/../../../../arm-atollic-eabi/lib/armv7-m\libc_nano.a(lib_a-memcpy-stub.o)
                              Src\usbd_cdc_if.o (memcpy)
f:/programy/truestudio for stm32 9.0.1/armtools/bin/../lib/gcc/arm-atollic-eabi/6.3.1/../../../../arm-atollic-eabi/lib/armv7-m\libc_nano.a(lib_a-memset.o)
                              Drivers\STM32F1xx_HAL_Driver\stm32f1xx_hal_rcc.o (memset)
f:/programy/truestudio for stm32 9.0.1/armtools/bin/../lib/gcc/arm-atollic-eabi/6.3.1/../../../../arm-atollic-eabi/lib/armv7-m\libc_nano.a(lib_a-sprintf.o)
                              Src\main.o (sprintf)
f:/programy/truestudio for stm32 9.0.1/armtools/bin/../lib/gcc/arm-atollic-eabi/6.3.1/../../../../arm-atollic-eabi/lib/armv7-m\libc_nano.a(lib_a-sscanf.o)
                              Src\usbcommands.o (sscanf)
f:/programy/truestudio for stm32 9.0.1/armtools/bin/../lib/gcc/arm-atollic-eabi/6.3.1/../../../../arm-atollic-eabi/lib/armv7-m\libc_nano.a(lib_a-stdio.o)
                              f:/programy/truestudio for stm32 9.0.1/armtools/bin/../lib/gcc/arm-atollic-eabi/6.3.1/../../../../arm-atollic-eabi/lib/armv7-m\libc_nano.a(lib_a-sscanf.o) (__seofread)
f:/programy/truestudio for stm32 9.0.1/armtools/bin/../lib/gcc/arm-atollic-eabi/6.3.1/../../../../arm-atollic-eabi/lib/armv7-m\libc_nano.a(lib_a-strcmp.o)
                              Src\usbcommands.o (strcmp)
f:/programy/truestudio for stm32 9.0.1/armtools/bin/../lib/gcc/arm-atollic-eabi/6.3.1/../../../../arm-atollic-eabi/lib/armv7-m\libc_nano.a(lib_a-strcpy.o)
                              Src\main.o (strcpy)
f:/programy/truestudio for stm32 9.0.1/armtools/bin/../lib/gcc/arm-atollic-eabi/6.3.1/../../../../arm-atollic-eabi/lib/armv7-m\libc_nano.a(lib_a-strlen.o)
                              Src\myfuncs.o (strlen)
f:/programy/truestudio for stm32 9.0.1/armtools/bin/../lib/gcc/arm-atollic-eabi/6.3.1/../../../../arm-atollic-eabi/lib/armv7-m\libc_nano.a(lib_a-writer.o)
                              f:/programy/truestudio for stm32 9.0.1/armtools/bin/../lib/gcc/arm-atollic-eabi/6.3.1/../../../../arm-atollic-eabi/lib/armv7-m\libc_nano.a(lib_a-stdio.o) (_write_r)
f:/programy/truestudio for stm32 9.0.1/armtools/bin/../lib/gcc/arm-atollic-eabi/6.3.1/../../../../arm-atollic-eabi/lib/armv7-m\libc_nano.a(lib_a-closer.o)
                              f:/programy/truestudio for stm32 9.0.1/armtools/bin/../lib/gcc/arm-atollic-eabi/6.3.1/../../../../arm-atollic-eabi/lib/armv7-m\libc_nano.a(lib_a-stdio.o) (_close_r)
f:/programy/truestudio for stm32 9.0.1/armtools/bin/../lib/gcc/arm-atollic-eabi/6.3.1/../../../../arm-atollic-eabi/lib/armv7-m\libc_nano.a(lib_a-impure.o)
                              f:/programy/truestudio for stm32 9.0.1/armtools/bin/../lib/gcc/arm-atollic-eabi/6.3.1/../../../../arm-atollic-eabi/lib/armv7-m\libc_nano.a(lib_a-sprintf.o) (_impure_ptr)
f:/programy/truestudio for stm32 9.0.1/armtools/bin/../lib/gcc/arm-atollic-eabi/6.3.1/../../../../arm-atollic-eabi/lib/armv7-m\libc_nano.a(lib_a-lseekr.o)
                              f:/programy/truestudio for stm32 9.0.1/armtools/bin/../lib/gcc/arm-atollic-eabi/6.3.1/../../../../arm-atollic-eabi/lib/armv7-m\libc_nano.a(lib_a-stdio.o) (_lseek_r)
f:/programy/truestudio for stm32 9.0.1/armtools/bin/../lib/gcc/arm-atollic-eabi/6.3.1/../../../../arm-atollic-eabi/lib/armv7-m\libc_nano.a(lib_a-nano-svfprintf.o)
                              f:/programy/truestudio for stm32 9.0.1/armtools/bin/../lib/gcc/arm-atollic-eabi/6.3.1/../../../../arm-atollic-eabi/lib/armv7-m\libc_nano.a(lib_a-sprintf.o) (_svfprintf_r)
f:/programy/truestudio for stm32 9.0.1/armtools/bin/../lib/gcc/arm-atollic-eabi/6.3.1/../../../../arm-atollic-eabi/lib/armv7-m\libc_nano.a(lib_a-nano-svfscanf.o)
                              f:/programy/truestudio for stm32 9.0.1/armtools/bin/../lib/gcc/arm-atollic-eabi/6.3.1/../../../../arm-atollic-eabi/lib/armv7-m\libc_nano.a(lib_a-sscanf.o) (__ssvfscanf_r)
f:/programy/truestudio for stm32 9.0.1/armtools/bin/../lib/gcc/arm-atollic-eabi/6.3.1/../../../../arm-atollic-eabi/lib/armv7-m\libc_nano.a(lib_a-nano-vfprintf_i.o)
                              f:/programy/truestudio for stm32 9.0.1/armtools/bin/../lib/gcc/arm-atollic-eabi/6.3.1/../../../../arm-atollic-eabi/lib/armv7-m\libc_nano.a(lib_a-nano-svfprintf.o) (_printf_i)
f:/programy/truestudio for stm32 9.0.1/armtools/bin/../lib/gcc/arm-atollic-eabi/6.3.1/../../../../arm-atollic-eabi/lib/armv7-m\libc_nano.a(lib_a-nano-vfscanf_i.o)
[...]
Memory Configuration

Name             Origin             Length             Attributes
RAM              0x20000000         0x00005000         xrw
FLASH            0x08000000         0x00010000         xr
*default*        0x00000000         0xffffffff

Linker script and memory map

LOAD f:/programy/truestudio for stm32 9.0.1/armtools/bin/../lib/gcc/arm-atollic-eabi/6.3.1/armv7-m/crti.o
LOAD f:/programy/truestudio for stm32 9.0.1/armtools/bin/../lib/gcc/arm-atollic-eabi/6.3.1/armv7-m/crtbegin.o
LOAD Drivers\STM32F1xx_HAL_Driver\stm32f1xx_hal.o
LOAD Drivers\STM32F1xx_HAL_Driver\stm32f1xx_hal_cortex.o
LOAD Drivers\STM32F1xx_HAL_Driver\stm32f1xx_hal_dma.o
LOAD Drivers\STM32F1xx_HAL_Driver\stm32f1xx_hal_flash.o
LOAD Drivers\STM32F1xx_HAL_Driver\stm32f1xx_hal_flash_ex.o
LOAD Drivers\STM32F1xx_HAL_Driver\stm32f1xx_hal_gpio.o
LOAD Drivers\STM32F1xx_HAL_Driver\stm32f1xx_hal_gpio_ex.o
LOAD Drivers\STM32F1xx_HAL_Driver\stm32f1xx_hal_i2c.o
LOAD Drivers\STM32F1xx_HAL_Driver\stm32f1xx_hal_pcd.o
LOAD Drivers\STM32F1xx_HAL_Driver\stm32f1xx_hal_pcd_ex.o
LOAD Drivers\STM32F1xx_HAL_Driver\stm32f1xx_hal_pwr.o
LOAD Drivers\STM32F1xx_HAL_Driver\stm32f1xx_hal_rcc.o
LOAD Drivers\STM32F1xx_HAL_Driver\stm32f1xx_hal_rcc_ex.o
LOAD Drivers\STM32F1xx_HAL_Driver\stm32f1xx_hal_spi.o
LOAD Drivers\STM32F1xx_HAL_Driver\stm32f1xx_hal_spi_ex.o
LOAD Drivers\STM32F1xx_HAL_Driver\stm32f1xx_hal_tim.o
LOAD Drivers\STM32F1xx_HAL_Driver\stm32f1xx_hal_tim_ex.o
LOAD Drivers\STM32F1xx_HAL_Driver\stm32f1xx_hal_uart.o
LOAD Drivers\STM32F1xx_HAL_Driver\stm32f1xx_ll_usb.o
LOAD Middlewares\USB_Device_Library\usbd_cdc.o
LOAD Middlewares\USB_Device_Library\usbd_core.o
LOAD Middlewares\USB_Device_Library\usbd_ctlreq.o
LOAD Middlewares\USB_Device_Library\usbd_ioreq.o
LOAD Src\fonts.o
LOAD Src\ili9341_LCD.o
LOAD Src\main.o
LOAD Src\myfuncs.o
LOAD Src\printtext.o
LOAD Src\stm32f1xx_hal_msp.o
LOAD Src\stm32f1xx_it.o
LOAD Src\system_stm32f1xx.o
LOAD Src\usb_device.o
LOAD Src\usbcommands.o
LOAD Src\usbd_cdc_if.o
LOAD Src\usbd_conf.o
LOAD Src\usbd_desc.o
LOAD startup\startup_stm32f103xb.o
                0x00000080                malloc_getpagesize_P = 0x80
START GROUP
LOAD f:/programy/truestudio for stm32 9.0.1/armtools/bin/../lib/gcc/arm-atollic-eabi/6.3.1/../../../../arm-atollic-eabi/lib/armv7-m\libc_nano.a
LOAD f:/programy/truestudio for stm32 9.0.1/armtools/bin/../lib/gcc/arm-atollic-eabi/6.3.1/../../../../arm-atollic-eabi/lib/armv7-m\libm.a
END GROUP
START GROUP
LOAD f:/programy/truestudio for stm32 9.0.1/armtools/bin/../lib/gcc/arm-atollic-eabi/6.3.1/armv7-m\libgcc.a
LOAD f:/programy/truestudio for stm32 9.0.1/armtools/bin/../lib/gcc/arm-atollic-eabi/6.3.1/../../../../arm-atollic-eabi/lib/armv7-m\libc_nano.a
END GROUP
START GROUP
LOAD f:/programy/truestudio for stm32 9.0.1/armtools/bin/../lib/gcc/arm-atollic-eabi/6.3.1/armv7-m\libgcc.a
LOAD f:/programy/truestudio for stm32 9.0.1/armtools/bin/../lib/gcc/arm-atollic-eabi/6.3.1/../../../../arm-atollic-eabi/lib/armv7-m\libc_nano.a
LOAD f:/programy/truestudio for stm32 9.0.1/armtools/bin/../lib/gcc/arm-atollic-eabi/6.3.1/../../../../arm-atollic-eabi/lib/armv7-m\libnosys.a
END GROUP
START GROUP
LOAD f:/programy/truestudio for stm32 9.0.1/armtools/bin/../lib/gcc/arm-atollic-eabi/6.3.1/armv7-m\libgcc.a
LOAD f:/programy/truestudio for stm32 9.0.1/armtools/bin/../lib/gcc/arm-atollic-eabi/6.3.1/../../../../arm-atollic-eabi/lib/armv7-m\libc_nano.a
LOAD f:/programy/truestudio for stm32 9.0.1/armtools/bin/../lib/gcc/arm-atollic-eabi/6.3.1/../../../../arm-atollic-eabi/lib/armv7-m\libnosys.a
END GROUP
LOAD f:/programy/truestudio for stm32 9.0.1/armtools/bin/../lib/gcc/arm-atollic-eabi/6.3.1/armv7-m/crtend.o
LOAD f:/programy/truestudio for stm32 9.0.1/armtools/bin/../lib/gcc/arm-atollic-eabi/6.3.1/armv7-m/crtn.o
                0x20005000                _estack = 0x20005000
                0x00000200                _Min_Heap_Size = 0x200
                0x00000400                _Min_Stack_Size = 0x400

.isr_vector     0x08000000      0x10c
                0x08000000                . = ALIGN (0x4)
 *(.isr_vector)
 .isr_vector    0x08000000      0x10c startup\startup_stm32f103xb.o
                0x08000000                g_pfnVectors
                0x0800010c                . = ALIGN (0x4)

.text           0x0800010c     0x5e68
                0x0800010c                . = ALIGN (0x4)
 *(.text)
 .text          0x0800010c       0x40 f:/programy/truestudio for stm32 9.0.1/armtools/bin/../lib/gcc/arm-atollic-eabi/6.3.1/armv7-m/crtbegin.o
 .text          0x0800014c       0x14 f:/programy/truestudio for stm32 9.0.1/armtools/bin/../lib/gcc/arm-atollic-eabi/6.3.1/../../../../arm-atollic-eabi/lib/armv7-m\libc_nano.a(lib_a-strcmp.o)
                0x0800014c                strcmp
 .text          0x08000160       0x10 f:/programy/truestudio for stm32 9.0.1/armtools/bin/../lib/gcc/arm-atollic-eabi/6.3.1/../../../../arm-atollic-eabi/lib/armv7-m\libc_nano.a(lib_a-strlen.o)
                0x08000160                strlen
 *(.text*)
 .text.HAL_InitTick
                0x08000170       0x48 Drivers\STM32F1xx_HAL_Driver\stm32f1xx_hal.o
                0x08000170                HAL_InitTick
 .text.HAL_Init
                0x080001b8       0x24 Drivers\STM32F1xx_HAL_Driver\stm32f1xx_hal.o
                0x080001b8                HAL_Init
 .text.HAL_IncTick
                0x080001dc       0x18 Drivers\STM32F1xx_HAL_Driver\stm32f1xx_hal.o
                0x080001dc                HAL_IncTick
 .text.HAL_GetTick
                0x080001f4        0xc Drivers\STM32F1xx_HAL_Driver\stm32f1xx_hal.o
                0x080001f4                HAL_GetTick
 .text.HAL_Delay
                0x08000200       0x24 Drivers\STM32F1xx_HAL_Driver\stm32f1xx_hal.o
                0x08000200                HAL_Delay
 .text.HAL_NVIC_SetPriorityGrouping
                0x08000224       0x24 Drivers\STM32F1xx_HAL_Driver\stm32f1xx_hal_cortex.o
                0x08000224                HAL_NVIC_SetPriorityGrouping
 .text.HAL_NVIC_SetPriority
                0x08000248       0x68 Drivers\STM32F1xx_HAL_Driver\stm32f1xx_hal_cortex.o
                0x08000248                HAL_NVIC_SetPriority
 .text.HAL_NVIC_EnableIRQ
                0x080002b0       0x18 Drivers\STM32F1xx_HAL_Driver\stm32f1xx_hal_cortex.o
                0x080002b0                HAL_NVIC_EnableIRQ
 .text.HAL_SYSTICK_Config
                0x080002c8       0x2c Drivers\STM32F1xx_HAL_Driver\stm32f1xx_hal_cortex.o
                0x080002c8                HAL_SYSTICK_Config
 .text.HAL_SYSTICK_CLKSourceConfig
                0x080002f4       0x18 Drivers\STM32F1xx_HAL_Driver\stm32f1xx_hal_cortex.o
                0x080002f4                HAL_SYSTICK_CLKSourceConfig
 .text.HAL_SYSTICK_Callback
                0x0800030c        0x2 Drivers\STM32F1xx_HAL_Driver\stm32f1xx_hal_cortex.o
                0x0800030c                HAL_SYSTICK_Callback
 .text.HAL_SYSTICK_IRQHandler
                0x0800030e        0x8 Drivers\STM32F1xx_HAL_Driver\stm32f1xx_hal_cortex.o
                0x0800030e                HAL_SYSTICK_IRQHandler
 *fill*         0x08000316        0x2 
 .text.HAL_GPIO_Init
                0x08000318      0x1c0 Drivers\STM32F1xx_HAL_Driver\stm32f1xx_hal_gpio.o
                0x08000318                HAL_GPIO_Init
 .text.HAL_GPIO_WritePin
                0x080004d8        0xa Drivers\STM32F1xx_HAL_Driver\stm32f1xx_hal_gpio.o
                0x080004d8                HAL_GPIO_WritePin
 .text.I2C_IsAcknowledgeFailed
                0x080004e2       0x2a Drivers\STM32F1xx_HAL_Driver\stm32f1xx_hal_i2c.o
 .text.I2C_WaitOnMasterAddressFlagUntilTimeout
                0x0800050c       0x80 Drivers\STM32F1xx_HAL_Driver\stm32f1xx_hal_i2c.o
 .text.I2C_WaitOnFlagUntilTimeout
                0x0800058c       0x5c Drivers\STM32F1xx_HAL_Driver\stm32f1xx_hal_i2c.o
 .text.I2C_WaitOnTXEFlagUntilTimeout
                0x080005e8       0x4c Drivers\STM32F1xx_HAL_Driver\stm32f1xx_hal_i2c.o
 .text.I2C_WaitOnRXNEFlagUntilTimeout
                0x08000634       0x5a Drivers\STM32F1xx_HAL_Driver\stm32f1xx_hal_i2c.o
 .text.I2C_WaitOnBTFFlagUntilTimeout
                0x0800068e       0x4c Drivers\STM32F1xx_HAL_Driver\stm32f1xx_hal_i2c.o
 *fill*         0x080006da        0x2 
 .text.HAL_I2C_Init
                0x080006dc      0x100 Drivers\STM32F1xx_HAL_Driver\stm32f1xx_hal_i2c.o
                0x080006dc                HAL_I2C_Init
 .text.HAL_I2C_Master_Transmit
                0x080007dc      0x1ac Drivers\STM32F1xx_HAL_Driver\stm32f1xx_hal_i2c.o
                0x080007dc                HAL_I2C_Master_Transmit
 .text.HAL_I2C_Master_Receive
                0x08000988      0x304 Drivers\STM32F1xx_HAL_Driver\stm32f1xx_hal_i2c.o
                0x08000988                HAL_I2C_Master_Receive
 .text.HAL_PCD_Init
                0x08000c8c       0xd2 Drivers\STM32F1xx_HAL_Driver\stm32f1xx_hal_pcd.o
                0x08000c8c                HAL_PCD_Init
 .text.HAL_PCD_Start
                0x08000d5e       0x2e Drivers\STM32F1xx_HAL_Driver\stm32f1xx_hal_pcd.o
                0x08000d5e                HAL_PCD_Start
 .text.HAL_PCD_SetAddress
                0x08000d8c       0x28 Drivers\STM32F1xx_HAL_Driver\stm32f1xx_hal_pcd.o
                0x08000d8c                HAL_PCD_SetAddress
 .text.HAL_PCD_EP_Open
                0x08000db4       0x46 Drivers\STM32F1xx_HAL_Driver\stm32f1xx_hal_pcd.o
                0x08000db4                HAL_PCD_EP_Open
 .text.HAL_PCD_EP_Close
                0x08000dfa       0x42 Drivers\STM32F1xx_HAL_Driver\stm32f1xx_hal_pcd.o
                0x08000dfa                HAL_PCD_EP_Close
 .text.HAL_PCD_EP_Receive
                0x08000e3c       0x30 Drivers\STM32F1xx_HAL_Driver\stm32f1xx_hal_pcd.o
                0x08000e3c                HAL_PCD_EP_Receive
 .text.HAL_PCD_EP_GetRxCount
                0x08000e6c        0xe Drivers\STM32F1xx_HAL_Driver\stm32f1xx_hal_pcd.o
                0x08000e6c                HAL_PCD_EP_GetRxCount
 .text.HAL_PCD_EP_Transmit
                0x08000e7a       0x2c Drivers\STM32F1xx_HAL_Driver\stm32f1xx_hal_pcd.o
                0x08000e7a                HAL_PCD_EP_Transmit
 *fill*         0x08000ea6        0x2 
 .text.HAL_PCD_IRQHandler
                0x08000ea8      0x4f0 Drivers\STM32F1xx_HAL_Driver\stm32f1xx_hal_pcd.o
                0x08000ea8                HAL_PCD_IRQHandler
 .text.HAL_PCD_EP_SetStall
                0x08001398       0x52 Drivers\STM32F1xx_HAL_Driver\stm32f1xx_hal_pcd.o
                0x08001398                HAL_PCD_EP_SetStall
 .text.HAL_PCD_EP_ClrStall
                0x080013ea       0x46 Drivers\STM32F1xx_HAL_Driver\stm32f1xx_hal_pcd.o
                0x080013ea                HAL_PCD_EP_ClrStall
 .text.HAL_PCDEx_PMAConfig
                0x08001430       0x30 Drivers\STM32F1xx_HAL_Driver\stm32f1xx_hal_pcd_ex.o
                0x08001430                HAL_PCDEx_PMAConfig
 .text.HAL_RCC_OscConfig
                0x08001460      0x318 Drivers\STM32F1xx_HAL_Driver\stm32f1xx_hal_rcc.o
                0x08001460                HAL_RCC_OscConfig
 .text.HAL_RCC_GetSysClockFreq
                0x08001778       0x78 Drivers\STM32F1xx_HAL_Driver\stm32f1xx_hal_rcc.o
                0x08001778                HAL_RCC_GetSysClockFreq
 .text.HAL_RCC_ClockConfig
                0x080017f0      0x148 Drivers\STM32F1xx_HAL_Driver\stm32f1xx_hal_rcc.o
                0x080017f0                HAL_RCC_ClockConfig
 .text.HAL_RCC_GetHCLKFreq
                0x08001938        0xc Drivers\STM32F1xx_HAL_Driver\stm32f1xx_hal_rcc.o
                0x08001938                HAL_RCC_GetHCLKFreq
 .text.HAL_RCC_GetPCLK1Freq
                0x08001944       0x20 Drivers\STM32F1xx_HAL_Driver\stm32f1xx_hal_rcc.o
                0x08001944                HAL_RCC_GetPCLK1Freq
 .text.HAL_RCC_GetPCLK2Freq
                0x08001964       0x20 Drivers\STM32F1xx_HAL_Driver\stm32f1xx_hal_rcc.o
                0x08001964                HAL_RCC_GetPCLK2Freq
 .text.HAL_RCCEx_PeriphCLKConfig
                0x08001984       0xf0 Drivers\STM32F1xx_HAL_Driver\stm32f1xx_hal_rcc_ex.o
                0x08001984                HAL_RCCEx_PeriphCLKConfig
 .text.SPI_WaitFlagStateUntilTimeout
                0x08001a74       0x8e Drivers\STM32F1xx_HAL_Driver\stm32f1xx_hal_spi.o
 .text.SPI_CheckFlag_BSY
                0x08001b02       0x20 Drivers\STM32F1xx_HAL_Driver\stm32f1xx_hal_spi.o
 .text.HAL_SPI_Transmit
                0x08001b22      0x152 Drivers\STM32F1xx_HAL_Driver\stm32f1xx_hal_spi.o
                0x08001b22                HAL_SPI_Transmit
 .text.HAL_SPI_Init
                0x08001c74       0x76 Drivers\STM32F1xx_HAL_Driver\stm32f1xx_hal_spi_ex.o
                0x08001c74                HAL_SPI_Init
 .text.HAL_TIM_ConfigClockSource
                0x08001cea      0x172 Drivers\STM32F1xx_HAL_Driver\stm32f1xx_hal_tim.o
                0x08001cea                HAL_TIM_ConfigClockSource
 .text.HAL_TIM_PeriodElapsedCallback
                0x08001e5c        0x2 Drivers\STM32F1xx_HAL_Driver\stm32f1xx_hal_tim.o
                0x08001e5c                HAL_TIM_PeriodElapsedCallback
 .text.HAL_TIM_OC_DelayElapsedCallback
                0x08001e5e        0x2 Drivers\STM32F1xx_HAL_Driver\stm32f1xx_hal_tim.o
                0x08001e5e                HAL_TIM_OC_DelayElapsedCallback
 .text.HAL_TIM_IC_CaptureCallback
                0x08001e60        0x2 Drivers\STM32F1xx_HAL_Driver\stm32f1xx_hal_tim.o
                0x08001e60                HAL_TIM_IC_CaptureCallback
 .text.HAL_TIM_PWM_PulseFinishedCallback
                0x08001e62        0x2 Drivers\STM32F1xx_HAL_Driver\stm32f1xx_hal_tim.o
                0x08001e62                HAL_TIM_PWM_PulseFinishedCallback
 .text.HAL_TIM_TriggerCallback
                0x08001e64        0x2 Drivers\STM32F1xx_HAL_Driver\stm32f1xx_hal_tim.o
                0x08001e64                HAL_TIM_TriggerCallback
 .text.HAL_TIM_IRQHandler
                0x08001e66      0x144 Drivers\STM32F1xx_HAL_Driver\stm32f1xx_hal_tim.o
                0x08001e66                HAL_TIM_IRQHandler
 *fill*         0x08001faa        0x2 
 .text.TIM_Base_SetConfig
                0x08001fac       0x70 Drivers\STM32F1xx_HAL_Driver\stm32f1xx_hal_tim.o
                0x08001fac                TIM_Base_SetConfig
 .text.HAL_TIM_Base_Init
                0x0800201c       0x34 Drivers\STM32F1xx_HAL_Driver\stm32f1xx_hal_tim.o
                0x0800201c                HAL_TIM_Base_Init
 .text.HAL_TIMEx_MasterConfigSynchronization
                0x08002050       0x44 Drivers\STM32F1xx_HAL_Driver\stm32f1xx_hal_tim_ex.o
                0x08002050                HAL_TIMEx_MasterConfigSynchronization
 .text.HAL_TIMEx_CommutationCallback
                0x08002094        0x2 Drivers\STM32F1xx_HAL_Driver\stm32f1xx_hal_tim_ex.o
                0x08002094                HAL_TIMEx_CommutationCallback
 .text.HAL_TIMEx_BreakCallback
                0x08002096        0x2 Drivers\STM32F1xx_HAL_Driver\stm32f1xx_hal_tim_ex.o
                0x08002096                HAL_TIMEx_BreakCallback
 .text.UART_SetConfig
                0x08002098      0x13c Drivers\STM32F1xx_HAL_Driver\stm32f1xx_hal_uart.o
 .text.HAL_UART_Init
                0x080021d4       0x5c Drivers\STM32F1xx_HAL_Driver\stm32f1xx_hal_uart.o
                0x080021d4                HAL_UART_Init
 .text.USB_CoreInit
                0x08002230        0xe Drivers\STM32F1xx_HAL_Driver\stm32f1xx_ll_usb.o
                0x08002230                USB_CoreInit
 .text.USB_EnableGlobalInt
                0x0800223e       0x12 Drivers\STM32F1xx_HAL_Driver\stm32f1xx_ll_usb.o
                0x0800223e                USB_EnableGlobalInt
 .text.USB_DisableGlobalInt
                0x08002250       0x14 Drivers\STM32F1xx_HAL_Driver\stm32f1xx_ll_usb.o
                0x08002250                USB_DisableGlobalInt
 .text.USB_SetCurrentMode
                0x08002264        0x4 Drivers\STM32F1xx_HAL_Driver\stm32f1xx_ll_usb.o
                0x08002264                USB_SetCurrentMode
 .text.USB_DevInit
                0x08002268       0x36 Drivers\STM32F1xx_HAL_Driver\stm32f1xx_ll_usb.o
                0x08002268                USB_DevInit
 *fill*         0x0800229e        0x2 
 .text.USB_ActivateEndpoint
                0x080022a0      0x2e4 Drivers\STM32F1xx_HAL_Driver\stm32f1xx_ll_usb.o
                0x080022a0                USB_ActivateEndpoint
 .text.USB_DeactivateEndpoint
                0x08002584      0x19c Drivers\STM32F1xx_HAL_Driver\stm32f1xx_ll_usb.o
                0x08002584                USB_DeactivateEndpoint
 .text.USB_EPSetStall
                0x08002720       0x64 Drivers\STM32F1xx_HAL_Driver\stm32f1xx_ll_usb.o
                0x08002720                USB_EPSetStall
 .text.USB_EPClearStall
                0x08002784       0x84 Drivers\STM32F1xx_HAL_Driver\stm32f1xx_ll_usb.o
                0x08002784                USB_EPClearStall
 .text.USB_SetDevAddress
                0x08002808        0xc Drivers\STM32F1xx_HAL_Driver\stm32f1xx_ll_usb.o
                0x08002808                USB_SetDevAddress
 .text.USB_DevConnect
                0x08002814        0x4 Drivers\STM32F1xx_HAL_Driver\stm32f1xx_ll_usb.o
                0x08002814                USB_DevConnect
 .text.USB_DevDisconnect
                0x08002818        0x4 Drivers\STM32F1xx_HAL_Driver\stm32f1xx_ll_usb.o
                0x08002818                USB_DevDisconnect
 .text.USB_ReadInterrupts
                0x0800281c        0x8 Drivers\STM32F1xx_HAL_Driver\stm32f1xx_ll_usb.o
                0x0800281c                USB_ReadInterrupts
 .text.USB_EP0_OutStart
                0x08002824        0x4 Drivers\STM32F1xx_HAL_Driver\stm32f1xx_ll_usb.o
                0x08002824                USB_EP0_OutStart
 .text.USB_WritePMA
                0x08002828       0x22 Drivers\STM32F1xx_HAL_Driver\stm32f1xx_ll_usb.o
                0x08002828                USB_WritePMA
 *fill*         0x0800284a        0x2 
 .text.USB_EPStartXfer
                0x0800284c      0x200 Drivers\STM32F1xx_HAL_Driver\stm32f1xx_ll_usb.o
                0x0800284c                USB_EPStartXfer
 .text.USB_ReadPMA
                0x08002a4c       0x22 Drivers\STM32F1xx_HAL_Driver\stm32f1xx_ll_usb.o
                0x08002a4c                USB_ReadPMA
 .text.USBD_CDC_DataIn
                0x08002a6e       0x12 Middlewares\USB_Device_Library\usbd_cdc.o
 .text.USBD_CDC_EP0_RxReady
                0x08002a80       0x28 Middlewares\USB_Device_Library\usbd_cdc.o
 .text.USBD_CDC_GetFSCfgDesc
                0x08002aa8        0xc Middlewares\USB_Device_Library\usbd_cdc.o
 .text.USBD_CDC_GetHSCfgDesc
                0x08002ab4        0xc Middlewares\USB_Device_Library\usbd_cdc.o
 .text.USBD_CDC_GetOtherSpeedCfgDesc
                0x08002ac0        0xc Middlewares\USB_Device_Library\usbd_cdc.o
 .text.USBD_CDC_GetDeviceQualifierDescriptor
                0x08002acc        0xc Middlewares\USB_Device_Library\usbd_cdc.o
                0x08002acc                USBD_CDC_GetDeviceQualifierDescriptor
 .text.USBD_CDC_DataOut
                0x08002ad8       0x2e Middlewares\USB_Device_Library\usbd_cdc.o
 *fill*         0x08002b06        0x2 
 .text.USBD_CDC_Setup
                0x08002b08       0x68 Middlewares\USB_Device_Library\usbd_cdc.o
 .text.USBD_CDC_DeInit
                0x08002b70       0x3a Middlewares\USB_Device_Library\usbd_cdc.o
 .text.USBD_CDC_Init
                0x08002baa       0x8c Middlewares\USB_Device_Library\usbd_cdc.o
 .text.USBD_CDC_RegisterInterface
                0x08002c36        0xe Middlewares\USB_Device_Library\usbd_cdc.o
                0x08002c36                USBD_CDC_RegisterInterface
 .text.USBD_CDC_SetTxBuffer
                0x08002c44       0x10 Middlewares\USB_Device_Library\usbd_cdc.o
                0x08002c44                USBD_CDC_SetTxBuffer
 .text.USBD_CDC_SetRxBuffer
                0x08002c54        0xc Middlewares\USB_Device_Library\usbd_cdc.o
                0x08002c54                USBD_CDC_SetRxBuffer
 .text.USBD_CDC_TransmitPacket
                0x08002c60       0x2e Middlewares\USB_Device_Library\usbd_cdc.o
                0x08002c60                USBD_CDC_TransmitPacket
 .text.USBD_CDC_ReceivePacket
                0x08002c8e       0x26 Middlewares\USB_Device_Library\usbd_cdc.o
                0x08002c8e                USBD_CDC_ReceivePacket
 .text.USBD_Init
                0x08002cb4       0x2a Middlewares\USB_Device_Library\usbd_core.o
                0x08002cb4                USBD_Init
 .text.USBD_RegisterClass
                0x08002cde        0xe Middlewares\USB_Device_Library\usbd_core.o
                0x08002cde                USBD_RegisterClass
 .text.USBD_Start
                0x08002cec        0xa Middlewares\USB_Device_Library\usbd_core.o
                0x08002cec                USBD_Start
 .text.USBD_SetClassConfig
                0x08002cf6       0x16 Middlewares\USB_Device_Library\usbd_core.o
                0x08002cf6                USBD_SetClassConfig
 .text.USBD_ClrClassConfig
                0x08002d0c        0xe Middlewares\USB_Device_Library\usbd_core.o
                0x08002d0c                USBD_ClrClassConfig
 .text.USBD_LL_SetupStage
                0x08002d1a       0x5a Middlewares\USB_Device_Library\usbd_core.o
                0x08002d1a                USBD_LL_SetupStage
 .text.USBD_LL_DataOutStage
                0x08002d74       0x64 Middlewares\USB_Device_Library\usbd_core.o
                0x08002d74                USBD_LL_DataOutStage
 .text.USBD_LL_DataInStage
                0x08002dd8       0x9e Middlewares\USB_Device_Library\usbd_core.o
                0x08002dd8                USBD_LL_DataInStage
 .text.USBD_LL_Reset
                0x08002e76       0x3e Middlewares\USB_Device_Library\usbd_core.o
                0x08002e76                USBD_LL_Reset
 .text.USBD_LL_SetSpeed
                0x08002eb4        0x6 Middlewares\USB_Device_Library\usbd_core.o
                0x08002eb4                USBD_LL_SetSpeed
 .text.USBD_LL_Suspend
                0x08002eba       0x12 Middlewares\USB_Device_Library\usbd_core.o
                0x08002eba                USBD_LL_Suspend
 .text.USBD_LL_Resume
                0x08002ecc        0xc Middlewares\USB_Device_Library\usbd_core.o
                0x08002ecc                USBD_LL_Resume
 .text.USBD_LL_SOF
                0x08002ed8       0x18 Middlewares\USB_Device_Library\usbd_core.o
                0x08002ed8                USBD_LL_SOF
 .text.USBD_CtlError.constprop.0
                0x08002ef0       0x16 Middlewares\USB_Device_Library\usbd_ctlreq.o
 *fill*         0x08002f06        0x2 
 .text.USBD_StdDevReq
                0x08002f08      0x1f4 Middlewares\USB_Device_Library\usbd_ctlreq.o
                0x08002f08                USBD_StdDevReq
 .text.USBD_StdItfReq
                0x080030fc       0x30 Middlewares\USB_Device_Library\usbd_ctlreq.o
                0x080030fc                USBD_StdItfReq
 .text.USBD_StdEPReq
                0x0800312c       0xc6 Middlewares\USB_Device_Library\usbd_ctlreq.o
                0x0800312c                USBD_StdEPReq
 .text.USBD_ParseSetupRequest
                0x080031f2       0x28 Middlewares\USB_Device_Library\usbd_ctlreq.o
                0x080031f2                USBD_ParseSetupRequest
 .text.USBD_GetString
                0x0800321a       0x38 Middlewares\USB_Device_Library\usbd_ctlreq.o
                0x0800321a                USBD_GetString
 .text.USBD_CtlSendData
                0x08003252       0x1a Middlewares\USB_Device_Library\usbd_ioreq.o
                0x08003252                USBD_CtlSendData
 .text.USBD_CtlContinueSendData
                0x0800326c       0x10 Middlewares\USB_Device_Library\usbd_ioreq.o
                0x0800326c                USBD_CtlContinueSendData
 .text.USBD_CtlPrepareRx
                0x0800327c       0x1e Middlewares\USB_Device_Library\usbd_ioreq.o
                0x0800327c                USBD_CtlPrepareRx
 .text.USBD_CtlContinueRx
                0x0800329a       0x10 Middlewares\USB_Device_Library\usbd_ioreq.o
                0x0800329a                USBD_CtlContinueRx
 .text.USBD_CtlSendStatus
                0x080032aa       0x16 Middlewares\USB_Device_Library\usbd_ioreq.o
                0x080032aa                USBD_CtlSendStatus
 .text.USBD_CtlReceiveStatus
                0x080032c0       0x16 Middlewares\USB_Device_Library\usbd_ioreq.o
                0x080032c0                USBD_CtlReceiveStatus
 *fill*         0x080032d6        0x2 
 .text.ILI9341_SPI_Init
                0x080032d8       0x10 Src\ili9341_LCD.o
                0x080032d8                ILI9341_SPI_Init
 .text.ILI9341_SPI_Send
                0x080032e8       0x1c Src\ili9341_LCD.o
                0x080032e8                ILI9341_SPI_Send
 .text.ILI9341_Write_Command
                0x08003304       0x38 Src\ili9341_LCD.o
                0x08003304                ILI9341_Write_Command
 .text.ILI9341_Write_Data
                0x0800333c       0x38 Src\ili9341_LCD.o
                0x0800333c                ILI9341_Write_Data
 .text.ILI9341_Set_Address
                0x08003374       0x50 Src\ili9341_LCD.o
                0x08003374                ILI9341_Set_Address
 .text.ILI9341_Reset
                0x080033c4       0x3c Src\ili9341_LCD.o
                0x080033c4                ILI9341_Reset
 .text.ILI9341_Set_Rotation
                0x08003400       0x54 Src\ili9341_LCD.o
                0x08003400                ILI9341_Set_Rotation
 .text.ILI9341_Enable
                0x08003454       0x10 Src\ili9341_LCD.o
                0x08003454                ILI9341_Enable
 .text.ILI9341_Init
                0x08003464      0x218 Src\ili9341_LCD.o
                0x08003464                ILI9341_Init
 .text.ILI9341_Draw_Colour_Burst
                0x0800367c       0xa8 Src\ili9341_LCD.o
                0x0800367c                ILI9341_Draw_Colour_Burst
 .text.ILI9341_Fill_Screen
                0x08003724       0x34 Src\ili9341_LCD.o
                0x08003724                ILI9341_Fill_Screen
 .text.ILI9341_Draw_Pixel
                0x08003758      0x180 Src\ili9341_LCD.o
                0x08003758                ILI9341_Draw_Pixel
 .text.ILI9341_Draw_Rectangle
                0x080038d8       0x74 Src\ili9341_LCD.o
                0x080038d8                ILI9341_Draw_Rectangle
 .text.ILI9341_Draw_Horizontal_Line
                0x0800394c       0x50 Src\ili9341_LCD.o
                0x0800394c                ILI9341_Draw_Horizontal_Line
 .text.ILI9341_Draw_Vertical_Line
                0x0800399c       0x50 Src\ili9341_LCD.o
                0x0800399c                ILI9341_Draw_Vertical_Line
 .text.SystemClock_Config
                0x080039ec       0x7e Src\main.o
                0x080039ec                SystemClock_Config
 *fill*         0x08003a6a        0x2 
 .text.startup.main
                0x08003a6c      0x424 Src\main.o
                0x08003a6c                main
 .text._Error_Handler
                0x08003e90        0x2 Src\main.o
                0x08003e90                _Error_Handler
 .text.Delay_us
                0x08003e92       0x16 Src\myfuncs.o
                0x08003e92                Delay_us
 .text.DHT22_GetHumidity
                0x08003ea8       0x18 Src\myfuncs.o
                0x08003ea8                DHT22_GetHumidity
 .text.DHT22_GetTemperature
                0x08003ec0       0x18 Src\myfuncs.o
                0x08003ec0                DHT22_GetTemperature
 .text.readDHT22Data
                0x08003ed8      0x130 Src\myfuncs.o
                0x08003ed8                readDHT22Data
 .text.DHT22_DecodeReadings
                0x08004008       0xd4 Src\myfuncs.o
                0x08004008                DHT22_DecodeReadings
 .text.readUSBSerial
                0x080040dc       0x20 Src\myfuncs.o
                0x080040dc                readUSBSerial
 .text.writeUSBSerial
                0x080040fc       0x14 Src\myfuncs.o
                0x080040fc                writeUSBSerial
 .text.getCurrentDate
                0x08004110       0xa8 Src\myfuncs.o
                0x08004110                getCurrentDate
 .text.MinToBIN
                0x080041b8       0x12 Src\myfuncs.o
                0x080041b8                MinToBIN
 .text.HourToBIN
                0x080041ca       0x2e Src\myfuncs.o
                0x080041ca                HourToBIN
 .text.setCurrentTime
                0x080041f8       0x48 Src\myfuncs.o
                0x080041f8                setCurrentTime
 .text.BINtoMin
                0x08004240       0x12 Src\myfuncs.o
                0x08004240                BINtoMin
 .text.BINtoHour
                0x08004252       0x40 Src\myfuncs.o
                0x08004252                BINtoHour
 *fill*         0x08004292        0x2 
 .text.getCurrentTime
                0x08004294       0x64 Src\myfuncs.o
                0x08004294                getCurrentTime
 .text.setCurrentColor
                0x080042f8        0xc Src\printtext.o
                0x080042f8                setCurrentColor
 .text.setCurrentBGColor
                0x08004304        0xc Src\printtext.o
                0x08004304                setCurrentBGColor
 .text.outcharxy32x
                0x08004310       0x74 Src\printtext.o
                0x08004310                outcharxy32x
 .text.outtextxy32x
                0x08004384       0x38 Src\printtext.o
                0x08004384                outtextxy32x
 .text.HAL_MspInit
                0x080043bc       0x8c Src\stm32f1xx_hal_msp.o
                0x080043bc                HAL_MspInit
 .text.HAL_I2C_MspInit
                0x08004448       0x44 Src\stm32f1xx_hal_msp.o
                0x08004448                HAL_I2C_MspInit
 .text.HAL_SPI_MspInit
                0x0800448c       0x54 Src\stm32f1xx_hal_msp.o
                0x0800448c                HAL_SPI_MspInit
 .text.HAL_TIM_Base_MspInit
                0x080044e0       0x6c Src\stm32f1xx_hal_msp.o
                0x080044e0                HAL_TIM_Base_MspInit
 .text.HAL_UART_MspInit
                0x0800454c       0x58 Src\stm32f1xx_hal_msp.o
                0x0800454c                HAL_UART_MspInit
 .text.NMI_Handler
                0x080045a4        0x2 Src\stm32f1xx_it.o
                0x080045a4                NMI_Handler
 .text.HardFault_Handler
                0x080045a6        0x2 Src\stm32f1xx_it.o
                0x080045a6                HardFault_Handler
 .text.MemManage_Handler
                0x080045a8        0x2 Src\stm32f1xx_it.o
                0x080045a8                MemManage_Handler
 .text.BusFault_Handler
                0x080045aa        0x2 Src\stm32f1xx_it.o
                0x080045aa                BusFault_Handler
 .text.UsageFault_Handler
                0x080045ac        0x2 Src\stm32f1xx_it.o
                0x080045ac                UsageFault_Handler
 .text.SVC_Handler
                0x080045ae        0x2 Src\stm32f1xx_it.o
                0x080045ae                SVC_Handler
 .text.DebugMon_Handler
                0x080045b0        0x2 Src\stm32f1xx_it.o
                0x080045b0                DebugMon_Handler
 .text.PendSV_Handler
                0x080045b2        0x2 Src\stm32f1xx_it.o
                0x080045b2                PendSV_Handler
 .text.SysTick_Handler
                0x080045b4        0xe Src\stm32f1xx_it.o
                0x080045b4                SysTick_Handler
 *fill*         0x080045c2        0x2 
 .text.USB_LP_CAN1_RX0_IRQHandler
                0x080045c4        0xc Src\stm32f1xx_it.o
                0x080045c4                USB_LP_CAN1_RX0_IRQHandler
 .text.TIM1_CC_IRQHandler
                0x080045d0        0xc Src\stm32f1xx_it.o
                0x080045d0                TIM1_CC_IRQHandler
 .text.TIM1_TRG_COM_IRQHandler
                0x080045dc        0x4 Src\stm32f1xx_it.o
                0x080045dc                TIM1_TRG_COM_IRQHandler
 .text.TIM1_UP_IRQHandler
                0x080045e0        0x4 Src\stm32f1xx_it.o
                0x080045e0                TIM1_UP_IRQHandler
 .text.TIM1_BRK_IRQHandler
                0x080045e4        0x4 Src\stm32f1xx_it.o
                0x080045e4                TIM1_BRK_IRQHandler
 .text.SystemInit
                0x080045e8       0x4c Src\system_stm32f1xx.o
                0x080045e8                SystemInit
 .text.MX_USB_DEVICE_Init
                0x08004634       0x38 Src\usb_device.o
                0x08004634                MX_USB_DEVICE_Init
 .text.DoCommand
                0x0800466c      0x120 Src\usbcommands.o
                0x0800466c                DoCommand
 .text.GetFirstWord
                0x0800478c       0x5c Src\usbcommands.o
                0x0800478c                GetFirstWord
 .text.DecodeCommand
                0x080047e8       0xc8 Src\usbcommands.o
                0x080047e8                DecodeCommand
 .text.CDC_DeInit_FS
                0x080048b0        0x4 Src\usbd_cdc_if.o
 .text.CDC_Control_FS
                0x080048b4        0x4 Src\usbd_cdc_if.o
 .text.CDC_Init_FS
                0x080048b8       0x28 Src\usbd_cdc_if.o
 .text.CDC_Receive_FS
                0x080048e0       0x4c Src\usbd_cdc_if.o
 .text.CDC_Transmit_FS
                0x0800492c       0x2c Src\usbd_cdc_if.o
                0x0800492c                CDC_Transmit_FS
 .text.HAL_PCD_MspInit
                0x08004958       0x3c Src\usbd_conf.o
                0x08004958                HAL_PCD_MspInit
 .text.HAL_PCD_SetupStageCallback
                0x08004994        0xc Src\usbd_conf.o
                0x08004994                HAL_PCD_SetupStageCallback
 .text.HAL_PCD_DataOutStageCallback
                0x080049a0       0x10 Src\usbd_conf.o
                0x080049a0                HAL_PCD_DataOutStageCallback
 .text.HAL_PCD_DataInStageCallback
                0x080049b0        0xe Src\usbd_conf.o
                0x080049b0                HAL_PCD_DataInStageCallback
 .text.HAL_PCD_SOFCallback
                0x080049be        0x8 Src\usbd_conf.o
                0x080049be                HAL_PCD_SOFCallback
 .text.HAL_PCD_ResetCallback
                0x080049c6       0x1a Src\usbd_conf.o
                0x080049c6                HAL_PCD_ResetCallback
 .text.HAL_PCD_SuspendCallback
                0x080049e0       0x20 Src\usbd_conf.o
                0x080049e0                HAL_PCD_SuspendCallback
 .text.HAL_PCD_ResumeCallback
                0x08004a00        0x8 Src\usbd_conf.o
                0x08004a00                HAL_PCD_ResumeCallback
 .text.USBD_LL_Init
                0x08004a08       0x90 Src\usbd_conf.o
                0x08004a08                USBD_LL_Init
 .text.USBD_LL_Start
                0x08004a98       0x1c Src\usbd_conf.o
                0x08004a98                USBD_LL_Start
 .text.USBD_LL_OpenEP
                0x08004ab4       0x20 Src\usbd_conf.o
                0x08004ab4                USBD_LL_OpenEP
 .text.USBD_LL_CloseEP
                0x08004ad4       0x1c Src\usbd_conf.o
                0x08004ad4                USBD_LL_CloseEP
 .text.USBD_LL_StallEP
                0x08004af0       0x1c Src\usbd_conf.o
                0x08004af0                USBD_LL_StallEP
 .text.USBD_LL_ClearStallEP
                0x08004b0c       0x1c Src\usbd_conf.o
                0x08004b0c                USBD_LL_ClearStallEP
 .text.USBD_LL_IsStallEP
                0x08004b28       0x20 Src\usbd_conf.o
                0x08004b28                USBD_LL_IsStallEP
 .text.USBD_LL_SetUSBAddress
                0x08004b48       0x1c Src\usbd_conf.o
                0x08004b48                USBD_LL_SetUSBAddress
 .text.USBD_LL_Transmit
                0x08004b64       0x1c Src\usbd_conf.o
                0x08004b64                USBD_LL_Transmit
 .text.USBD_LL_PrepareReceive
                0x08004b80       0x1c Src\usbd_conf.o
                0x08004b80                USBD_LL_PrepareReceive
 .text.USBD_LL_GetRxDataSize
                0x08004b9c        0xc Src\usbd_conf.o
                0x08004b9c                USBD_LL_GetRxDataSize
 .text.USBD_static_malloc
                0x08004ba8        0x8 Src\usbd_conf.o
                0x08004ba8                USBD_static_malloc
 .text.USBD_static_free
                0x08004bb0        0x2 Src\usbd_conf.o
                0x08004bb0                USBD_static_free
 .text.HAL_PCDEx_SetConnectionState
                0x08004bb2        0x2 Src\usbd_conf.o
                0x08004bb2                HAL_PCDEx_SetConnectionState
 .text.USBD_FS_DeviceDescriptor
                0x08004bb4        0xc Src\usbd_desc.o
                0x08004bb4                USBD_FS_DeviceDescriptor
 .text.USBD_FS_LangIDStrDescriptor
                0x08004bc0        0xc Src\usbd_desc.o
                0x08004bc0                USBD_FS_LangIDStrDescriptor
 .text.USBD_FS_ManufacturerStrDescriptor
                0x08004bcc       0x1c Src\usbd_desc.o
                0x08004bcc                USBD_FS_ManufacturerStrDescriptor
 .text.USBD_FS_ProductStrDescriptor
                0x08004be8       0x1c Src\usbd_desc.o
                0x08004be8                USBD_FS_ProductStrDescriptor
 .text.USBD_FS_SerialStrDescriptor
                0x08004c04       0x1c Src\usbd_desc.o
                0x08004c04                USBD_FS_SerialStrDescriptor
 .text.USBD_FS_ConfigStrDescriptor
                0x08004c20       0x1c Src\usbd_desc.o
                0x08004c20                USBD_FS_ConfigStrDescriptor
 .text.USBD_FS_InterfaceStrDescriptor
                0x08004c3c       0x1c Src\usbd_desc.o
                0x08004c3c                USBD_FS_InterfaceStrDescriptor
 .text.Reset_Handler
                0x08004c58       0x48 startup\startup_stm32f103xb.o
                0x08004c58                Reset_Handler
 .text.Default_Handler
                0x08004ca0        0x2 startup\startup_stm32f103xb.o
                0x08004ca0                RTC_Alarm_IRQHandler
                0x08004ca0                EXTI2_IRQHandler
                0x08004ca0                PVD_IRQHandler
                0x08004ca0                EXTI3_IRQHandler
                0x08004ca0                EXTI0_IRQHandler
                0x08004ca0                I2C2_EV_IRQHandler
                0x08004ca0                ADC1_2_IRQHandler
                0x08004ca0                SPI1_IRQHandler
                0x08004ca0                TAMPER_IRQHandler
                0x08004ca0                DMA1_Channel4_IRQHandler
                0x08004ca0                USART3_IRQHandler
                0x08004ca0                RTC_IRQHandler
                0x08004ca0                DMA1_Channel7_IRQHandler
                0x08004ca0                CAN1_RX1_IRQHandler
                0x08004ca0                TIM4_IRQHandler
                0x08004ca0                I2C1_EV_IRQHandler
                0x08004ca0                DMA1_Channel6_IRQHandler
                0x08004ca0                TIM3_IRQHandler
                0x08004ca0                RCC_IRQHandler
                0x08004ca0                DMA1_Channel1_IRQHandler
                0x08004ca0                Default_Handler
                0x08004ca0                EXTI15_10_IRQHandler
                0x08004ca0                EXTI9_5_IRQHandler
                0x08004ca0                SPI2_IRQHandler
                0x08004ca0                DMA1_Channel5_IRQHandler
                0x08004ca0                EXTI4_IRQHandler
                0x08004ca0                USB_HP_CAN1_TX_IRQHandler
                0x08004ca0                DMA1_Channel3_IRQHandler
                0x08004ca0                WWDG_IRQHandler
                0x08004ca0                TIM2_IRQHandler
                0x08004ca0                EXTI1_IRQHandler
                0x08004ca0                USART2_IRQHandler
                0x08004ca0                I2C2_ER_IRQHandler
                0x08004ca0                DMA1_Channel2_IRQHandler
                0x08004ca0                CAN1_SCE_IRQHandler
                0x08004ca0                FLASH_IRQHandler
                0x08004ca0                USART1_IRQHandler
                0x08004ca0                I2C1_ER_IRQHandler
                0x08004ca0                USBWakeUp_IRQHandler
 *fill*         0x08004ca2        0x2 
 .text.__libc_init_array
                0x08004ca4       0x48 f:/programy/truestudio for stm32 9.0.1/armtools/bin/../lib/gcc/arm-atollic-eabi/6.3.1/../../../../arm-atollic-eabi/lib/armv7-m\libc_nano.a(lib_a-init.o)
                0x08004ca4                __libc_init_array
 .text.memcpy   0x08004cec       0x16 f:/programy/truestudio for stm32 9.0.1/armtools/bin/../lib/gcc/arm-atollic-eabi/6.3.1/../../../../arm-atollic-eabi/lib/armv7-m\libc_nano.a(lib_a-memcpy-stub.o)
                0x08004cec                memcpy
 .text.memset   0x08004d02       0x10 f:/programy/truestudio for stm32 9.0.1/armtools/bin/../lib/gcc/arm-atollic-eabi/6.3.1/../../../../arm-atollic-eabi/lib/armv7-m\libc_nano.a(lib_a-memset.o)
                0x08004d02                memset
 *fill*         0x08004d12        0x2 
 .text.sprintf  0x08004d14       0x48 f:/programy/truestudio for stm32 9.0.1/armtools/bin/../lib/gcc/arm-atollic-eabi/6.3.1/../../../../arm-atollic-eabi/lib/armv7-m\libc_nano.a(lib_a-sprintf.o)
                0x08004d14                siprintf
                0x08004d14                sprintf
 .text.sscanf   0x08004d5c       0x54 f:/programy/truestudio for stm32 9.0.1/armtools/bin/../lib/gcc/arm-atollic-eabi/6.3.1/../../../../arm-atollic-eabi/lib/armv7-m\libc_nano.a(lib_a-sscanf.o)
                0x08004d5c                siscanf
                0x08004d5c                sscanf
 .text.__seofread
                0x08004db0        0x4 f:/programy/truestudio for stm32 9.0.1/armtools/bin/../lib/gcc/arm-atollic-eabi/6.3.1/../../../../arm-atollic-eabi/lib/armv7-m\libc_nano.a(lib_a-stdio.o)
                0x08004db0                __seofread
 .text.strcpy   0x08004db4       0x10 f:/programy/truestudio for stm32 9.0.1/armtools/bin/../lib/gcc/arm-atollic-eabi/6.3.1/../../../../arm-atollic-eabi/lib/armv7-m\libc_nano.a(lib_a-strcpy.o)
                0x08004db4                strcpy
 .text.__ssputs_r
                0x08004dc4       0xb6 f:/programy/truestudio for stm32 9.0.1/armtools/bin/../lib/gcc/arm-atollic-eabi/6.3.1/../../../../arm-atollic-eabi/lib/armv7-m\libc_nano.a(lib_a-nano-svfprintf.o)
                0x08004dc4                __ssputs_r
 *fill*         0x08004e7a        0x2 
 .text._svfprintf_r
                0x08004e7c      0x1e8 f:/programy/truestudio for stm32 9.0.1/armtools/bin/../lib/gcc/arm-atollic-eabi/6.3.1/../../../../arm-atollic-eabi/lib/armv7-m\libc_nano.a(lib_a-nano-svfprintf.o)
                0x08004e7c                _svfiprintf_r
                0x08004e7c                _svfprintf_r
 .text._sungetc_r
                0x08005064       0x7a f:/programy/truestudio for stm32 9.0.1/armtools/bin/../lib/gcc/arm-atollic-eabi/6.3.1/../../../../arm-atollic-eabi/lib/armv7-m\libc_nano.a(lib_a-nano-svfscanf.o)
                0x08005064                _sungetc_r
 .text.__ssrefill_r
                0x080050de       0x3a f:/programy/truestudio for stm32 9.0.1/armtools/bin/../lib/gcc/arm-atollic-eabi/6.3.1/../../../../arm-atollic-eabi/lib/armv7-m\libc_nano.a(lib_a-nano-svfscanf.o)
                0x080050de                __ssrefill_r
 .text.__ssvfscanf_r
                0x08005118      0x2a8 f:/programy/truestudio for stm32 9.0.1/armtools/bin/../lib/gcc/arm-atollic-eabi/6.3.1/../../../../arm-atollic-eabi/lib/armv7-m\libc_nano.a(lib_a-nano-svfscanf.o)
                0x08005118                __ssvfiscanf_r
                0x08005118                __ssvfscanf_r
 .text._printf_common
                0x080053c0       0xee f:/programy/truestudio for stm32 9.0.1/armtools/bin/../lib/gcc/arm-atollic-eabi/6.3.1/../../../../arm-atollic-eabi/lib/armv7-m\libc_nano.a(lib_a-nano-vfprintf_i.o)
                0x080053c0                _printf_common
 *fill*         0x080054ae        0x2 
 .text._printf_i
                0x080054b0      0x240 f:/programy/truestudio for stm32 9.0.1/armtools/bin/../lib/gcc/arm-atollic-eabi/6.3.1/../../../../arm-atollic-eabi/lib/armv7-m\libc_nano.a(lib_a-nano-vfprintf_i.o)
                0x080054b0                _printf_i
 .text._scanf_chars
                0x080056f0       0xc6 f:/programy/truestudio for stm32 9.0.1/armtools/bin/../lib/gcc/arm-atollic-eabi/6.3.1/../../../../arm-atollic-eabi/lib/armv7-m\libc_nano.a(lib_a-nano-vfscanf_i.o)
                0x080056f0                _scanf_chars
 *fill*         0x080057b6        0x2 
 .text._scanf_i
                0x080057b8      0x1ec f:/programy/truestudio for stm32 9.0.1/armtools/bin/../lib/gcc/arm-atollic-eabi/6.3.1/../../../../arm-atollic-eabi/lib/armv7-m\libc_nano.a(lib_a-nano-vfscanf_i.o)
                0x080057b8                _scanf_i
 .text.__sccl   0x080059a4       0x5e f:/programy/truestudio for stm32 9.0.1/armtools/bin/../lib/gcc/arm-atollic-eabi/6.3.1/../../../../arm-atollic-eabi/lib/armv7-m\libc_nano.a(lib_a-sccl.o)
                0x080059a4                __sccl
 .text._strtol_l.isra.0
                0x08005a02      0x100 f:/programy/truestudio for stm32 9.0.1/armtools/bin/../lib/gcc/arm-atollic-eabi/6.3.1/../../../../arm-atollic-eabi/lib/armv7-m\libc_nano.a(lib_a-strtol.o)
 *fill*         0x08005b02        0x2 
 .text._strtol_r
                0x08005b04       0x24 f:/programy/truestudio for stm32 9.0.1/armtools/bin/../lib/gcc/arm-atollic-eabi/6.3.1/../../../../arm-atollic-eabi/lib/armv7-m\libc_nano.a(lib_a-strtol.o)
                0x08005b04                _strtol_r
 .text._strtoul_l.isra.0
                0x08005b28       0xfa f:/programy/truestudio for stm32 9.0.1/armtools/bin/../lib/gcc/arm-atollic-eabi/6.3.1/../../../../arm-atollic-eabi/lib/armv7-m\libc_nano.a(lib_a-strtoul.o)
 *fill*         0x08005c22        0x2 
 .text._strtoul_r
                0x08005c24       0x24 f:/programy/truestudio for stm32 9.0.1/armtools/bin/../lib/gcc/arm-atollic-eabi/6.3.1/../../../../arm-atollic-eabi/lib/armv7-m\libc_nano.a(lib_a-strtoul.o)
                0x08005c24                _strtoul_r
 .text.__submore
                0x08005c48       0x72 f:/programy/truestudio for stm32 9.0.1/armtools/bin/../lib/gcc/arm-atollic-eabi/6.3.1/../../../../arm-atollic-eabi/lib/armv7-m\libc_nano.a(lib_a-ungetc.o)
                0x08005c48                __submore
 .text.__locale_ctype_ptr_l
                0x08005cba        0x6 f:/programy/truestudio for stm32 9.0.1/armtools/bin/../lib/gcc/arm-atollic-eabi/6.3.1/../../../../arm-atollic-eabi/lib/armv7-m\libc_nano.a(lib_a-locale.o)
                0x08005cba                __locale_ctype_ptr_l
 .text.__locale_ctype_ptr
                0x08005cc0       0x1c f:/programy/truestudio for stm32 9.0.1/armtools/bin/../lib/gcc/arm-atollic-eabi/6.3.1/../../../../arm-atollic-eabi/lib/armv7-m\libc_nano.a(lib_a-locale.o)
                0x08005cc0                __locale_ctype_ptr
 .text.__ascii_mbtowc
                0x08005cdc       0x24 f:/programy/truestudio for stm32 9.0.1/armtools/bin/../lib/gcc/arm-atollic-eabi/6.3.1/../../../../arm-atollic-eabi/lib/armv7-m\libc_nano.a(lib_a-mbtowc_r.o)
                0x08005cdc                __ascii_mbtowc
 .text.memchr   0x08005d00       0x1c f:/programy/truestudio for stm32 9.0.1/armtools/bin/../lib/gcc/arm-atollic-eabi/6.3.1/../../../../arm-atollic-eabi/lib/armv7-m\libc_nano.a(lib_a-memchr-stub.o)
                0x08005d00                memchr
 .text.memmove  0x08005d1c       0x34 f:/programy/truestudio for stm32 9.0.1/armtools/bin/../lib/gcc/arm-atollic-eabi/6.3.1/../../../../arm-atollic-eabi/lib/armv7-m\libc_nano.a(lib_a-memmove.o)
                0x08005d1c                memmove
 .text._free_r  0x08005d50       0x98 f:/programy/truestudio for stm32 9.0.1/armtools/bin/../lib/gcc/arm-atollic-eabi/6.3.1/../../../../arm-atollic-eabi/lib/armv7-m\libc_nano.a(lib_a-nano-freer.o)
                0x08005d50                _free_r
 .text._malloc_r
                0x08005de8       0xbc f:/programy/truestudio for stm32 9.0.1/armtools/bin/../lib/gcc/arm-atollic-eabi/6.3.1/../../../../arm-atollic-eabi/lib/armv7-m\libc_nano.a(lib_a-nano-mallocr.o)
                0x08005de8                _malloc_r
 .text._realloc_r
                0x08005ea4       0x4c f:/programy/truestudio for stm32 9.0.1/armtools/bin/../lib/gcc/arm-atollic-eabi/6.3.1/../../../../arm-atollic-eabi/lib/armv7-m\libc_nano.a(lib_a-nano-reallocr.o)
                0x08005ea4                _realloc_r
 .text._sbrk_r  0x08005ef0       0x20 f:/programy/truestudio for stm32 9.0.1/armtools/bin/../lib/gcc/arm-atollic-eabi/6.3.1/../../../../arm-atollic-eabi/lib/armv7-m\libc_nano.a(lib_a-sbrkr.o)
                0x08005ef0                _sbrk_r
 .text.__ascii_wctomb
                0x08005f10       0x1a f:/programy/truestudio for stm32 9.0.1/armtools/bin/../lib/gcc/arm-atollic-eabi/6.3.1/../../../../arm-atollic-eabi/lib/armv7-m\libc_nano.a(lib_a-wctomb_r.o)
                0x08005f10                __ascii_wctomb
 .text.__malloc_lock
                0x08005f2a        0x2 f:/programy/truestudio for stm32 9.0.1/armtools/bin/../lib/gcc/arm-atollic-eabi/6.3.1/../../../../arm-atollic-eabi/lib/armv7-m\libc_nano.a(lib_a-mlock.o)
                0x08005f2a                __malloc_lock
 .text.__malloc_unlock
                0x08005f2c        0x2 f:/programy/truestudio for stm32 9.0.1/armtools/bin/../lib/gcc/arm-atollic-eabi/6.3.1/../../../../arm-atollic-eabi/lib/armv7-m\libc_nano.a(lib_a-mlock.o)
                0x08005f2c                __malloc_unlock
 .text._malloc_usable_size_r
                0x08005f2e       0x12 f:/programy/truestudio for stm32 9.0.1/armtools/bin/../lib/gcc/arm-atollic-eabi/6.3.1/../../../../arm-atollic-eabi/lib/armv7-m\libc_nano.a(lib_a-nano-msizer.o)
                0x08005f2e                _malloc_usable_size_r
 .text._sbrk    0x08005f40       0x1c f:/programy/truestudio for stm32 9.0.1/armtools/bin/../lib/gcc/arm-atollic-eabi/6.3.1/../../../../arm-atollic-eabi/lib/armv7-m\libnosys.a(sbrk.o)
                0x08005f40                _sbrk
 *(.glue_7)
 .glue_7        0x08005f5c        0x0 linker stubs
 *(.glue_7t)
 .glue_7t       0x08005f5c        0x0 linker stubs
 *(.eh_frame)
 .eh_frame      0x08005f5c        0x0 f:/programy/truestudio for stm32 9.0.1/armtools/bin/../lib/gcc/arm-atollic-eabi/6.3.1/armv7-m/crtbegin.o
 *(.init)
 .init          0x08005f5c        0x4 f:/programy/truestudio for stm32 9.0.1/armtools/bin/../lib/gcc/arm-atollic-eabi/6.3.1/armv7-m/crti.o
                0x08005f5c                _init
 .init          0x08005f60        0x8 f:/programy/truestudio for stm32 9.0.1/armtools/bin/../lib/gcc/arm-atollic-eabi/6.3.1/armv7-m/crtn.o
 *(.fini)
 .fini          0x08005f68        0x4 f:/programy/truestudio for stm32 9.0.1/armtools/bin/../lib/gcc/arm-atollic-eabi/6.3.1/armv7-m/crti.o
                0x08005f68                _fini
 .fini          0x08005f6c        0x8 f:/programy/truestudio for stm32 9.0.1/armtools/bin/../lib/gcc/arm-atollic-eabi/6.3.1/armv7-m/crtn.o
                0x08005f74                . = ALIGN (0x4)
                0x08005f74                _etext = .

.vfp11_veneer   0x08005f74        0x0
 .vfp11_veneer  0x08005f74        0x0 linker stubs

.v4_bx          0x08005f74        0x0
 .v4_bx         0x08005f74        0x0 linker stubs

.iplt           0x08005f74        0x0
 .iplt          0x08005f74        0x0 f:/programy/truestudio for stm32 9.0.1/armtools/bin/../lib/gcc/arm-atollic-eabi/6.3.1/armv7-m/crtbegin.o

.rodata         0x08005f74      0x330
                0x08005f74                . = ALIGN (0x4)
 *(.rodata)
 .rodata        0x08005f74       0x10 Drivers\STM32F1xx_HAL_Driver\stm32f1xx_hal_rcc.o
 .rodata        0x08005f84        0xc f:/programy/truestudio for stm32 9.0.1/armtools/bin/../lib/gcc/arm-atollic-eabi/6.3.1/../../../../arm-atollic-eabi/lib/armv7-m\libc_nano.a(lib_a-nano-vfscanf_i.o)
 *(.rodata*)
 .rodata.main.str1.1
                0x08005f90       0x56 Src\main.o
 .rodata.AHBPrescTable
                0x08005fe6       0x10 Src\system_stm32f1xx.o
                0x08005fe6                AHBPrescTable
 .rodata.APBPrescTable
                0x08005ff6        0x8 Src\system_stm32f1xx.o
                0x08005ff6                APBPrescTable
 .rodata.DecodeCommand.str1.1
                0x08005ffe       0x2a Src\usbcommands.o
                                 0x34 (size before relaxing)
 .rodata.DoCommand.str1.1
                0x08006028       0x5b Src\usbcommands.o
 .rodata.CSWTCH.39
                0x08006083        0x4 Src\usbd_conf.o
 .rodata.USBD_LL_Init.str1.1
                0x08006087       0x13 Src\usbd_conf.o
 .rodata.USBD_FS_ConfigStrDescriptor.str1.1
                0x0800609a        0xb Src\usbd_desc.o
 .rodata.USBD_FS_InterfaceStrDescriptor.str1.1
                0x080060a5        0xe Src\usbd_desc.o
 .rodata.USBD_FS_ManufacturerStrDescriptor.str1.1
                0x080060b3       0x13 Src\usbd_desc.o
 .rodata.USBD_FS_ProductStrDescriptor.str1.1
                0x080060c6       0x16 Src\usbd_desc.o
 .rodata.USBD_FS_SerialStrDescriptor.str1.1
                0x080060dc        0xd Src\usbd_desc.o
 .rodata._svfprintf_r.str1.1
                0x080060e9       0x11 f:/programy/truestudio for stm32 9.0.1/armtools/bin/../lib/gcc/arm-atollic-eabi/6.3.1/../../../../arm-atollic-eabi/lib/armv7-m\libc_nano.a(lib_a-nano-svfprintf.o)
 .rodata.__ssvfscanf_r.str1.1
                0x080060fa        0x4 f:/programy/truestudio for stm32 9.0.1/armtools/bin/../lib/gcc/arm-atollic-eabi/6.3.1/../../../../arm-atollic-eabi/lib/armv7-m\libc_nano.a(lib_a-nano-svfscanf.o)
 .rodata._printf_i.str1.1
                0x080060fa       0x22 f:/programy/truestudio for stm32 9.0.1/armtools/bin/../lib/gcc/arm-atollic-eabi/6.3.1/../../../../arm-atollic-eabi/lib/armv7-m\libc_nano.a(lib_a-nano-vfprintf_i.o)
 .rodata._scanf_i.str1.1
                0x0800611c       0x12 f:/programy/truestudio for stm32 9.0.1/armtools/bin/../lib/gcc/arm-atollic-eabi/6.3.1/../../../../arm-atollic-eabi/lib/armv7-m\libc_nano.a(lib_a-nano-vfscanf_i.o)
 .rodata.str1.1
                0x0800612e        0x9 f:/programy/truestudio for stm32 9.0.1/armtools/bin/../lib/gcc/arm-atollic-eabi/6.3.1/../../../../arm-atollic-eabi/lib/armv7-m\libc_nano.a(lib_a-nano-vfscanf_i.o)
 *fill*         0x08006137        0x1 
 .rodata.__sf_fake_stderr
                0x08006138       0x20 f:/programy/truestudio for stm32 9.0.1/armtools/bin/../lib/gcc/arm-atollic-eabi/6.3.1/../../../../arm-atollic-eabi/lib/armv7-m\libc_nano.a(lib_a-findfp.o)
                0x08006138                __sf_fake_stderr
 .rodata.__sf_fake_stdin
                0x08006158       0x20 f:/programy/truestudio for stm32 9.0.1/armtools/bin/../lib/gcc/arm-atollic-eabi/6.3.1/../../../../arm-atollic-eabi/lib/armv7-m\libc_nano.a(lib_a-findfp.o)
                0x08006158                __sf_fake_stdin
 .rodata.__sf_fake_stdout
                0x08006178       0x20 f:/programy/truestudio for stm32 9.0.1/armtools/bin/../lib/gcc/arm-atollic-eabi/6.3.1/../../../../arm-atollic-eabi/lib/armv7-m\libc_nano.a(lib_a-findfp.o)
                0x08006178                __sf_fake_stdout
 .rodata._setlocale_r.str1.1
                0x08006198        0x6 f:/programy/truestudio for stm32 9.0.1/armtools/bin/../lib/gcc/arm-atollic-eabi/6.3.1/../../../../arm-atollic-eabi/lib/armv7-m\libc_nano.a(lib_a-locale.o)
                                  0x9 (size before relaxing)
 .rodata.str1.1
                0x0800619e        0x2 f:/programy/truestudio for stm32 9.0.1/armtools/bin/../lib/gcc/arm-atollic-eabi/6.3.1/../../../../arm-atollic-eabi/lib/armv7-m\libc_nano.a(lib_a-locale.o)
 .rodata._ctype_
                0x080061a0      0x101 f:/programy/truestudio for stm32 9.0.1/armtools/bin/../lib/gcc/arm-atollic-eabi/6.3.1/../../../../arm-atollic-eabi/lib/armv7-m\libc_nano.a(lib_a-ctype_.o)
                0x080061a0                _ctype_
                0x080062a4                . = ALIGN (0x4)
 *fill*         0x080062a1        0x3 

.rel.dyn        0x080062a4        0x0
 .rel.iplt      0x080062a4        0x0 f:/programy/truestudio for stm32 9.0.1/armtools/bin/../lib/gcc/arm-atollic-eabi/6.3.1/armv7-m/crtbegin.o

.ARM.extab
 *(.ARM.extab* .gnu.linkonce.armextab.*)

.ARM            0x080062a4        0x0
                0x080062a4                __exidx_start = .
 *(.ARM.exidx*)
                0x080062a4                __exidx_end = .

.preinit_array  0x080062a4        0x0
                0x080062a4                PROVIDE (__preinit_array_start, .)
 *(.preinit_array*)
                0x080062a4                PROVIDE (__preinit_array_end, .)

.init_array     0x080062a4        0x4
                0x080062a4                PROVIDE (__init_array_start, .)
 *(SORT(.init_array.*))
 *(.init_array*)
 .init_array    0x080062a4        0x4 f:/programy/truestudio for stm32 9.0.1/armtools/bin/../lib/gcc/arm-atollic-eabi/6.3.1/armv7-m/crtbegin.o
                0x080062a8                PROVIDE (__init_array_end, .)

.fini_array     0x080062a8        0x4
                [!provide]                PROVIDE (__fini_array_start, .)
 *(SORT(.fini_array.*))
 *(.fini_array*)
 .fini_array    0x080062a8        0x4 f:/programy/truestudio for stm32 9.0.1/armtools/bin/../lib/gcc/arm-atollic-eabi/6.3.1/armv7-m/crtbegin.o
                [!provide]                PROVIDE (__fini_array_end, .)
                0x080062ac                _sidata = LOADADDR (.data)

.data           0x20000000     0x1afc load address 0x080062ac
                0x20000000                . = ALIGN (0x4)
                0x20000000                _sdata = .
 *(.data)
 *(.data*)
 .data.uwTickFreq
                0x20000000        0x1 Drivers\STM32F1xx_HAL_Driver\stm32f1xx_hal.o
                0x20000000                uwTickFreq
 *fill*         0x20000001        0x3 
 .data.uwTickPrio
                0x20000004        0x4 Drivers\STM32F1xx_HAL_Driver\stm32f1xx_hal.o
                0x20000004                uwTickPrio
 .data.USBD_CDC
                0x20000008       0x38 Middlewares\USB_Device_Library\usbd_cdc.o
                0x20000008                USBD_CDC
 .data.USBD_CDC_CfgFSDesc
                0x20000040       0x43 Middlewares\USB_Device_Library\usbd_cdc.o
                0x20000040                USBD_CDC_CfgFSDesc
 *fill*         0x20000083        0x1 
 .data.USBD_CDC_CfgHSDesc
                0x20000084       0x43 Middlewares\USB_Device_Library\usbd_cdc.o
                0x20000084                USBD_CDC_CfgHSDesc
 *fill*         0x200000c7        0x1 
 .data.USBD_CDC_DeviceQualifierDesc
                0x200000c8        0xa Middlewares\USB_Device_Library\usbd_cdc.o
 *fill*         0x200000d2        0x2 
 .data.USBD_CDC_OtherSpeedCfgDesc
                0x200000d4       0x43 Middlewares\USB_Device_Library\usbd_cdc.o
                0x200000d4                USBD_CDC_OtherSpeedCfgDesc
 *fill*         0x20000117        0x1 
 .data.currentBGColor
                0x20000118        0x2 Src\fonts.o
                0x20000118                currentBGColor
 .data.LCD_HEIGHT
                0x2000011a        0x2 Src\ili9341_LCD.o
                0x2000011a                LCD_HEIGHT
 .data.LCD_WIDTH
                0x2000011c        0x2 Src\ili9341_LCD.o
                0x2000011c                LCD_WIDTH
 *fill*         0x2000011e        0x2 
 .data.delayCounter.8392
                0x20000120        0x4 Src\main.o
 .data.xbmFont  0x20000124     0x17c0 Src\printtext.o
                0x20000124                xbmFont
 .data.SystemCoreClock
                0x200018e4        0x4 Src\system_stm32f1xx.o
                0x200018e4                SystemCoreClock
 .data.USBD_Interface_fops_FS
                0x200018e8       0x10 Src\usbd_cdc_if.o
                0x200018e8                USBD_Interface_fops_FS
 .data.FS_Desc  0x200018f8       0x1c Src\usbd_desc.o
                0x200018f8                FS_Desc
 .data.USBD_FS_DeviceDesc
                0x20001914       0x12 Src\usbd_desc.o
                0x20001914                USBD_FS_DeviceDesc
 *fill*         0x20001926        0x2 
 .data.USBD_LangIDDesc
                0x20001928        0x4 Src\usbd_desc.o
                0x20001928                USBD_LangIDDesc
 .data._impure_ptr
                0x2000192c        0x4 f:/programy/truestudio for stm32 9.0.1/armtools/bin/../lib/gcc/arm-atollic-eabi/6.3.1/../../../../arm-atollic-eabi/lib/armv7-m\libc_nano.a(lib_a-impure.o)
                0x2000192c                _impure_ptr
 .data.impure_data
                0x20001930       0x60 f:/programy/truestudio for stm32 9.0.1/armtools/bin/../lib/gcc/arm-atollic-eabi/6.3.1/../../../../arm-atollic-eabi/lib/armv7-m\libc_nano.a(lib_a-impure.o)
 .data.__global_locale
                0x20001990      0x16c f:/programy/truestudio for stm32 9.0.1/armtools/bin/../lib/gcc/arm-atollic-eabi/6.3.1/../../../../arm-atollic-eabi/lib/armv7-m\libc_nano.a(lib_a-locale.o)
                0x20001990                __global_locale
                0x20001afc                . = ALIGN (0x4)
                0x20001afc                _edata = .

.igot.plt       0x20001afc        0x0 load address 0x08007da8
 .igot.plt      0x20001afc        0x0 f:/programy/truestudio for stm32 9.0.1/armtools/bin/../lib/gcc/arm-atollic-eabi/6.3.1/armv7-m/crtbegin.o
                0x20001afc                . = ALIGN (0x4)

.bss            0x20001afc     0x1654 load address 0x08007da8
                0x20001afc                _sbss = .
                0x20001afc                __bss_start__ = _sbss
 *(.bss)
 .bss           0x20001afc       0x1c f:/programy/truestudio for stm32 9.0.1/armtools/bin/../lib/gcc/arm-atollic-eabi/6.3.1/armv7-m/crtbegin.o
 *(.bss*)
 .bss.ifalt.8436
                0x20001b18        0x1 Middlewares\USB_Device_Library\usbd_cdc.o
 .bss.cfgidx.8441
                0x20001b19        0x1 Middlewares\USB_Device_Library\usbd_ctlreq.o
 .bss.currentColor
                0x20001b1a        0x2 Src\fonts.o
                0x20001b1a                currentColor
 .bss.USBtext   0x20001b1c      0x100 Src\main.o
                0x20001b1c                USBtext
 .bss.PORT      0x20001c1c       0x10 Src\myfuncs.o
 .bss.hLSB      0x20001c2c        0x1 Src\myfuncs.o
                0x20001c2c                hLSB
 .bss.hMSB      0x20001c2d        0x1 Src\myfuncs.o
                0x20001c2d                hMSB
 .bss.parity_rcv
                0x20001c2e        0x1 Src\myfuncs.o
                0x20001c2e                parity_rcv
 .bss.tLSB      0x20001c2f        0x1 Src\myfuncs.o
                0x20001c2f                tLSB
 .bss.tMSB      0x20001c30        0x1 Src\myfuncs.o
                0x20001c30                tMSB
 *fill*         0x20001c31        0x3 
 .bss.mem.8595  0x20001c34      0x220 Src\usbd_conf.o
 .bss.__malloc_free_list
                0x20001e54        0x4 f:/programy/truestudio for stm32 9.0.1/armtools/bin/../lib/gcc/arm-atollic-eabi/6.3.1/../../../../arm-atollic-eabi/lib/armv7-m\libc_nano.a(lib_a-nano-mallocr.o)
                0x20001e54                __malloc_free_list
 .bss.__malloc_sbrk_start
                0x20001e58        0x4 f:/programy/truestudio for stm32 9.0.1/armtools/bin/../lib/gcc/arm-atollic-eabi/6.3.1/../../../../arm-atollic-eabi/lib/armv7-m\libc_nano.a(lib_a-nano-mallocr.o)
                0x20001e58                __malloc_sbrk_start
 .bss.heap_end.4116
                0x20001e5c        0x4 f:/programy/truestudio for stm32 9.0.1/armtools/bin/../lib/gcc/arm-atollic-eabi/6.3.1/../../../../arm-atollic-eabi/lib/armv7-m\libnosys.a(sbrk.o)
 *(COMMON)
 COMMON         0x20001e60        0x4 Drivers\STM32F1xx_HAL_Driver\stm32f1xx_hal.o
                0x20001e60                uwTick
 COMMON         0x20001e64       0x58 Src\ili9341_LCD.o
                0x20001e64                hspi1
 COMMON         0x20001ebc       0xe0 Src\main.o
                0x20001ebc                humi
                0x20001ec0                hi2c1
                0x20001f14                temp
                0x20001f18                huart1
                0x20001f58                microsecondCounter
                0x20001f5c                htim1
 COMMON         0x20001f9c      0x15a Src\myfuncs.o
                0x20001f9c                userRxBuf
                0x2000209c                bits
                0x200020ec                newUSBCommandReceived
                0x200020ee                dateTime
 *fill*         0x200020f6        0x2 
 COMMON         0x200020f8      0x224 Src\usb_device.o
                0x200020f8                hUsbDeviceFS
 COMMON         0x2000231c      0x7d0 Src\usbd_cdc_if.o
                0x2000231c                UserRxBufferFS
                0x20002704                UserTxBufferFS
 COMMON         0x20002aec      0x460 Src\usbd_conf.o
                0x20002aec                hpcd_USB_FS
 COMMON         0x20002f4c      0x200 Src\usbd_desc.o
                0x20002f4c                USBD_StrDesc
 COMMON         0x2000314c        0x4 f:/programy/truestudio for stm32 9.0.1/armtools/bin/../lib/gcc/arm-atollic-eabi/6.3.1/../../../../arm-atollic-eabi/lib/armv7-m\libc_nano.a(lib_a-reent.o)
                0x2000314c                errno
                0x20003150                . = ALIGN (0x4)
                0x20003150                _ebss = .
                0x20003150                __bss_end__ = _ebss

._user_heap_stack
                0x20003150      0x600 load address 0x08007da8
                0x20003150                . = ALIGN (0x4)
                0x20003150                PROVIDE (end, .)
                [!provide]                PROVIDE (_end, .)
                0x20003350                . = (. + _Min_Heap_Size)
 *fill*         0x20003150      0x200 
                0x20003750                . = (. + _Min_Stack_Size)
 *fill*         0x20003350      0x400 
                0x20003750                . = ALIGN (0x4)

/DISCARD/
 libc.a(*)
 libm.a(*)
 libgcc.a(*)

.ARM.attributes
                0x00000000       0x29
 *(.ARM.attributes)
 .ARM.attributes
                0x00000000       0x1d f:/programy/truestudio for stm32 9.0.1/armtools/bin/../lib/gcc/arm-atollic-eabi/6.3.1/armv7-m/crti.o
 .ARM.attributes
                0x0000001d       0x2d f:/programy/truestudio for stm32 9.0.1/armtools/bin/../lib/gcc/arm-atollic-eabi/6.3.1/armv7-m/crtbegin.o
 .ARM.attributes
                0x0000004a       0x33 Drivers\STM32F1xx_HAL_Driver\stm32f1xx_hal.o
 .ARM.attributes
                0x0000007d       0x33 Drivers\STM32F1xx_HAL_Driver\stm32f1xx_hal_cortex.o
 .ARM.attributes
                0x000000b0       0x33 Drivers\STM32F1xx_HAL_Driver\stm32f1xx_hal_gpio.o
 .ARM.attributes
                0x000000e3       0x33 Drivers\STM32F1xx_HAL_Driver\stm32f1xx_hal_i2c.o
 .ARM.attributes
                0x00000116       0x33 Drivers\STM32F1xx_HAL_Driver\stm32f1xx_hal_pcd.o
 .ARM.attributes
                0x00000149       0x33 Drivers\STM32F1xx_HAL_Driver\stm32f1xx_hal_pcd_ex.o
 .ARM.attributes
                0x0000017c       0x33 Drivers\STM32F1xx_HAL_Driver\stm32f1xx_hal_rcc.o
 .ARM.attributes
                0x000001af       0x33 Drivers\STM32F1xx_HAL_Driver\stm32f1xx_hal_rcc_ex.o
 .ARM.attributes
                0x000001e2       0x33 Drivers\STM32F1xx_HAL_Driver\stm32f1xx_hal_spi.o
 .ARM.attributes
                0x00000215       0x33 Drivers\STM32F1xx_HAL_Driver\stm32f1xx_hal_spi_ex.o
 .ARM.attributes
                0x00000248       0x33 Drivers\STM32F1xx_HAL_Driver\stm32f1xx_hal_tim.o
 .ARM.attributes
                0x0000027b       0x33 Drivers\STM32F1xx_HAL_Driver\stm32f1xx_hal_tim_ex.o
 .ARM.attributes
                0x000002ae       0x33 Drivers\STM32F1xx_HAL_Driver\stm32f1xx_hal_uart.o
 .ARM.attributes
                0x000002e1       0x33 Drivers\STM32F1xx_HAL_Driver\stm32f1xx_ll_usb.o
 .ARM.attributes
                0x00000314       0x33 Middlewares\USB_Device_Library\usbd_cdc.o
 .ARM.attributes
                0x00000347       0x33 Middlewares\USB_Device_Library\usbd_core.o
 .ARM.attributes
                0x0000037a       0x33 Middlewares\USB_Device_Library\usbd_ctlreq.o
 .ARM.attributes
                0x000003ad       0x33 Middlewares\USB_Device_Library\usbd_ioreq.o
 .ARM.attributes
                0x000003e0       0x33 Src\fonts.o
 .ARM.attributes
                0x00000413       0x33 Src\ili9341_LCD.o
 .ARM.attributes
                0x00000446       0x33 Src\main.o
 .ARM.attributes
                0x00000479       0x33 Src\myfuncs.o
 .ARM.attributes
                0x000004ac       0x33 Src\printtext.o
 .ARM.attributes
                0x000004df       0x33 Src\stm32f1xx_hal_msp.o
 .ARM.attributes
                0x00000512       0x33 Src\stm32f1xx_it.o
 .ARM.attributes
                0x00000545       0x33 Src\system_stm32f1xx.o
 .ARM.attributes
                0x00000578       0x33 Src\usb_device.o
 .ARM.attributes
                0x000005ab       0x33 Src\usbcommands.o
 .ARM.attributes
                0x000005de       0x33 Src\usbd_cdc_if.o
 .ARM.attributes
                0x00000611       0x33 Src\usbd_conf.o
 .ARM.attributes
                0x00000644       0x33 Src\usbd_desc.o
 .ARM.attributes
                0x00000677       0x21 startup\startup_stm32f103xb.o
 .ARM.attributes
                0x00000698       0x2d f:/programy/truestudio for stm32 9.0.1/armtools/bin/../lib/gcc/arm-atollic-eabi/6.3.1/../../../../arm-atollic-eabi/lib/armv7-m\libc_nano.a(lib_a-init.o)
 .ARM.attributes
                0x000006c5       0x2d f:/programy/truestudio for stm32 9.0.1/armtools/bin/../lib/gcc/arm-atollic-eabi/6.3.1/../../../../arm-atollic-eabi/lib/armv7-m\libc_nano.a(lib_a-memcpy-stub.o)
 .ARM.attributes
                0x000006f2       0x2d f:/programy/truestudio for stm32 9.0.1/armtools/bin/../lib/gcc/arm-atollic-eabi/6.3.1/../../../../arm-atollic-eabi/lib/armv7-m\libc_nano.a(lib_a-memset.o)
 .ARM.attributes
                0x0000071f       0x2d f:/programy/truestudio for stm32 9.0.1/armtools/bin/../lib/gcc/arm-atollic-eabi/6.3.1/../../../../arm-atollic-eabi/lib/armv7-m\libc_nano.a(lib_a-sprintf.o)
 .ARM.attributes
                0x0000074c       0x2d f:/programy/truestudio for stm32 9.0.1/armtools/bin/../lib/gcc/arm-atollic-eabi/6.3.1/../../../../arm-atollic-eabi/lib/armv7-m\libc_nano.a(lib_a-sscanf.o)
 .ARM.attributes
                0x00000779       0x2d f:/programy/truestudio for stm32 9.0.1/armtools/bin/../lib/gcc/arm-atollic-eabi/6.3.1/../../../../arm-atollic-eabi/lib/armv7-m\libc_nano.a(lib_a-stdio.o)
 .ARM.attributes
                0x000007a6       0x1b f:/programy/truestudio for stm32 9.0.1/armtools/bin/../lib/gcc/arm-atollic-eabi/6.3.1/../../../../arm-atollic-eabi/lib/armv7-m\libc_nano.a(lib_a-strcmp.o)
 .ARM.attributes
                0x000007c1       0x2d f:/programy/truestudio for stm32 9.0.1/armtools/bin/../lib/gcc/arm-atollic-eabi/6.3.1/../../../../arm-atollic-eabi/lib/armv7-m\libc_nano.a(lib_a-strcpy.o)
 .ARM.attributes
                0x000007ee       0x17 f:/programy/truestudio for stm32 9.0.1/armtools/bin/../lib/gcc/arm-atollic-eabi/6.3.1/../../../../arm-atollic-eabi/lib/armv7-m\libc_nano.a(lib_a-strlen.o)
 .ARM.attributes
                0x00000805       0x2d f:/programy/truestudio for stm32 9.0.1/armtools/bin/../lib/gcc/arm-atollic-eabi/6.3.1/../../../../arm-atollic-eabi/lib/armv7-m\libc_nano.a(lib_a-impure.o)
 .ARM.attributes
                0x00000832       0x2d f:/programy/truestudio for stm32 9.0.1/armtools/bin/../lib/gcc/arm-atollic-eabi/6.3.1/../../../../arm-atollic-eabi/lib/armv7-m\libc_nano.a(lib_a-nano-svfprintf.o)
 .ARM.attributes
                0x0000085f       0x2d f:/programy/truestudio for stm32 9.0.1/armtools/bin/../lib/gcc/arm-atollic-eabi/6.3.1/../../../../arm-atollic-eabi/lib/armv7-m\libc_nano.a(lib_a-nano-svfscanf.o)
 .ARM.attributes
                0x0000088c       0x2d f:/programy/truestudio for stm32 9.0.1/armtools/bin/../lib/gcc/arm-atollic-eabi/6.3.1/../../../../arm-atollic-eabi/lib/armv7-m\libc_nano.a(lib_a-nano-vfprintf_i.o)
 .ARM.attributes
                0x000008b9       0x2d f:/programy/truestudio for stm32 9.0.1/armtools/bin/../lib/gcc/arm-atollic-eabi/6.3.1/../../../../arm-atollic-eabi/lib/armv7-m\libc_nano.a(lib_a-nano-vfscanf_i.o)
 .ARM.attributes
                0x000008e6       0x2d f:/programy/truestudio for stm32 9.0.1/armtools/bin/../lib/gcc/arm-atollic-eabi/6.3.1/../../../../arm-atollic-eabi/lib/armv7-m\libc_nano.a(lib_a-reent.o)
 .ARM.attributes
                0x00000913       0x2d f:/programy/truestudio for stm32 9.0.1/armtools/bin/../lib/gcc/arm-atollic-eabi/6.3.1/../../../../arm-atollic-eabi/lib/armv7-m\libc_nano.a(lib_a-sccl.o)
 .ARM.attributes
                0x00000940       0x2d f:/programy/truestudio for stm32 9.0.1/armtools/bin/../lib/gcc/arm-atollic-eabi/6.3.1/../../../../arm-atollic-eabi/lib/armv7-m\libc_nano.a(lib_a-strtol.o)
 .ARM.attributes
                0x0000096d       0x2d f:/programy/truestudio for stm32 9.0.1/armtools/bin/../lib/gcc/arm-atollic-eabi/6.3.1/../../../../arm-atollic-eabi/lib/armv7-m\libc_nano.a(lib_a-strtoul.o)
 .ARM.attributes
                0x0000099a       0x2d f:/programy/truestudio for stm32 9.0.1/armtools/bin/../lib/gcc/arm-atollic-eabi/6.3.1/../../../../arm-atollic-eabi/lib/armv7-m\libc_nano.a(lib_a-ungetc.o)
 .ARM.attributes
                0x000009c7       0x2d f:/programy/truestudio for stm32 9.0.1/armtools/bin/../lib/gcc/arm-atollic-eabi/6.3.1/../../../../arm-atollic-eabi/lib/armv7-m\libc_nano.a(lib_a-findfp.o)
 .ARM.attributes
                0x000009f4       0x2d f:/programy/truestudio for stm32 9.0.1/armtools/bin/../lib/gcc/arm-atollic-eabi/6.3.1/../../../../arm-atollic-eabi/lib/armv7-m\libc_nano.a(lib_a-locale.o)
 .ARM.attributes
                0x00000a21       0x2d f:/programy/truestudio for stm32 9.0.1/armtools/bin/../lib/gcc/arm-atollic-eabi/6.3.1/../../../../arm-atollic-eabi/lib/armv7-m\libc_nano.a(lib_a-mbtowc_r.o)
 .ARM.attributes
                0x00000a4e       0x2d f:/programy/truestudio for stm32 9.0.1/armtools/bin/../lib/gcc/arm-atollic-eabi/6.3.1/../../../../arm-atollic-eabi/lib/armv7-m\libc_nano.a(lib_a-memchr-stub.o)
 .ARM.attributes
                0x00000a7b       0x2d f:/programy/truestudio for stm32 9.0.1/armtools/bin/../lib/gcc/arm-atollic-eabi/6.3.1/../../../../arm-atollic-eabi/lib/armv7-m\libc_nano.a(lib_a-memmove.o)
 .ARM.attributes
                0x00000aa8       0x2d f:/programy/truestudio for stm32 9.0.1/armtools/bin/../lib/gcc/arm-atollic-eabi/6.3.1/../../../../arm-atollic-eabi/lib/armv7-m\libc_nano.a(lib_a-nano-freer.o)
 .ARM.attributes
                0x00000ad5       0x2d f:/programy/truestudio for stm32 9.0.1/armtools/bin/../lib/gcc/arm-atollic-eabi/6.3.1/../../../../arm-atollic-eabi/lib/armv7-m\libc_nano.a(lib_a-nano-mallocr.o)
 .ARM.attributes
                0x00000b02       0x2d f:/programy/truestudio for stm32 9.0.1/armtools/bin/../lib/gcc/arm-atollic-eabi/6.3.1/../../../../arm-atollic-eabi/lib/armv7-m\libc_nano.a(lib_a-nano-reallocr.o)
 .ARM.attributes
                0x00000b2f       0x2d f:/programy/truestudio for stm32 9.0.1/armtools/bin/../lib/gcc/arm-atollic-eabi/6.3.1/../../../../arm-atollic-eabi/lib/armv7-m\libc_nano.a(lib_a-sbrkr.o)
 .ARM.attributes
                0x00000b5c       0x2d f:/programy/truestudio for stm32 9.0.1/armtools/bin/../lib/gcc/arm-atollic-eabi/6.3.1/../../../../arm-atollic-eabi/lib/armv7-m\libc_nano.a(lib_a-wctomb_r.o)
 .ARM.attributes
                0x00000b89       0x2d f:/programy/truestudio for stm32 9.0.1/armtools/bin/../lib/gcc/arm-atollic-eabi/6.3.1/../../../../arm-atollic-eabi/lib/armv7-m\libc_nano.a(lib_a-ctype_.o)
 .ARM.attributes
                0x00000bb6       0x2d f:/programy/truestudio for stm32 9.0.1/armtools/bin/../lib/gcc/arm-atollic-eabi/6.3.1/../../../../arm-atollic-eabi/lib/armv7-m\libc_nano.a(lib_a-mlock.o)
 .ARM.attributes
                0x00000be3       0x2d f:/programy/truestudio for stm32 9.0.1/armtools/bin/../lib/gcc/arm-atollic-eabi/6.3.1/../../../../arm-atollic-eabi/lib/armv7-m\libc_nano.a(lib_a-nano-msizer.o)
 .ARM.attributes
                0x00000c10       0x2d f:/programy/truestudio for stm32 9.0.1/armtools/bin/../lib/gcc/arm-atollic-eabi/6.3.1/../../../../arm-atollic-eabi/lib/armv7-m\libnosys.a(sbrk.o)
 .ARM.attributes
                0x00000c3d       0x1d f:/programy/truestudio for stm32 9.0.1/armtools/bin/../lib/gcc/arm-atollic-eabi/6.3.1/armv7-m/crtn.o
OUTPUT(WeatherBlockRT.elf elf32-littlearm)

.debug_info     0x00000000    0x2c972
 .debug_info    0x00000000      0xfba Drivers\STM32F1xx_HAL_Driver\stm32f1xx_hal.o
 .debug_info    0x00000fba     0x1463 Drivers\STM32F1xx_HAL_Driver\stm32f1xx_hal_cortex.o
 .debug_info    0x0000241d      0xe7c Drivers\STM32F1xx_HAL_Driver\stm32f1xx_hal_gpio.o
 .debug_info    0x00003299     0x38a4 Drivers\STM32F1xx_HAL_Driver\stm32f1xx_hal_i2c.o
 .debug_info    0x00006b3d     0x1979 Drivers\STM32F1xx_HAL_Driver\stm32f1xx_hal_pcd.o
 .debug_info    0x000084b6      0xdfd Drivers\STM32F1xx_HAL_Driver\stm32f1xx_hal_pcd_ex.o
 .debug_info    0x000092b3     0x11f7 Drivers\STM32F1xx_HAL_Driver\stm32f1xx_hal_rcc.o
 .debug_info    0x0000a4aa      0xc57 Drivers\STM32F1xx_HAL_Driver\stm32f1xx_hal_rcc_ex.o
 .debug_info    0x0000b101     0x2318 Drivers\STM32F1xx_HAL_Driver\stm32f1xx_hal_spi.o
 .debug_info    0x0000d419      0xe1b Drivers\STM32F1xx_HAL_Driver\stm32f1xx_hal_spi_ex.o
 .debug_info    0x0000e234     0x3b73 Drivers\STM32F1xx_HAL_Driver\stm32f1xx_hal_tim.o
 .debug_info    0x00011da7     0x1943 Drivers\STM32F1xx_HAL_Driver\stm32f1xx_hal_tim_ex.o
 .debug_info    0x000136ea     0x1e00 Drivers\STM32F1xx_HAL_Driver\stm32f1xx_hal_uart.o
 .debug_info    0x000154ea     0x1700 Drivers\STM32F1xx_HAL_Driver\stm32f1xx_ll_usb.o
 .debug_info    0x00016bea     0x14f6 Middlewares\USB_Device_Library\usbd_cdc.o
 .debug_info    0x000180e0     0x1466 Middlewares\USB_Device_Library\usbd_core.o
 .debug_info    0x00019546     0x1499 Middlewares\USB_Device_Library\usbd_ctlreq.o
 .debug_info    0x0001a9df      0xfc5 Middlewares\USB_Device_Library\usbd_ioreq.o
 .debug_info    0x0001b9a4       0xbc Src\fonts.o
 .debug_info    0x0001ba60     0x2119 Src\ili9341_LCD.o
 .debug_info    0x0001db79     0x28ca Src\main.o
 .debug_info    0x00020443     0x1cb3 Src\myfuncs.o
 .debug_info    0x000220f6     0x1073 Src\printtext.o
 .debug_info    0x00023169     0x1c82 Src\stm32f1xx_hal_msp.o
 .debug_info    0x00024deb     0x12b6 Src\stm32f1xx_it.o
 .debug_info    0x000260a1      0xc07 Src\system_stm32f1xx.o
 .debug_info    0x00026ca8      0xe80 Src\usb_device.o
 .debug_info    0x00027b28      0xec7 Src\usbcommands.o
 .debug_info    0x000289ef     0x112d Src\usbd_cdc_if.o
 .debug_info    0x00029b1c     0x2060 Src\usbd_conf.o
 .debug_info    0x0002bb7c      0xd7a Src\usbd_desc.o
 .debug_info    0x0002c8f6       0x7c startup\startup_stm32f103xb.o

.debug_abbrev   0x00000000     0x579f
 .debug_abbrev  0x00000000      0x308 Drivers\STM32F1xx_HAL_Driver\stm32f1xx_hal.o
 .debug_abbrev  0x00000308      0x399 Drivers\STM32F1xx_HAL_Driver\stm32f1xx_hal_cortex.o
 .debug_abbrev  0x000006a1      0x268 Drivers\STM32F1xx_HAL_Driver\stm32f1xx_hal_gpio.o
 .debug_abbrev  0x00000909      0x3c1 Drivers\STM32F1xx_HAL_Driver\stm32f1xx_hal_i2c.o
 .debug_abbrev  0x00000cca      0x39a Drivers\STM32F1xx_HAL_Driver\stm32f1xx_hal_pcd.o
 .debug_abbrev  0x00001064      0x1f5 Drivers\STM32F1xx_HAL_Driver\stm32f1xx_hal_pcd_ex.o
 .debug_abbrev  0x00001259      0x367 Drivers\STM32F1xx_HAL_Driver\stm32f1xx_hal_rcc.o
 .debug_abbrev  0x000015c0      0x277 Drivers\STM32F1xx_HAL_Driver\stm32f1xx_hal_rcc_ex.o
 .debug_abbrev  0x00001837      0x39b Drivers\STM32F1xx_HAL_Driver\stm32f1xx_hal_spi.o
 .debug_abbrev  0x00001bd2      0x1d8 Drivers\STM32F1xx_HAL_Driver\stm32f1xx_hal_spi_ex.o
 .debug_abbrev  0x00001daa      0x3bb Drivers\STM32F1xx_HAL_Driver\stm32f1xx_hal_tim.o
 .debug_abbrev  0x00002165      0x30d Drivers\STM32F1xx_HAL_Driver\stm32f1xx_hal_tim_ex.o
 .debug_abbrev  0x00002472      0x364 Drivers\STM32F1xx_HAL_Driver\stm32f1xx_hal_uart.o
 .debug_abbrev  0x000027d6      0x31c Drivers\STM32F1xx_HAL_Driver\stm32f1xx_ll_usb.o
 .debug_abbrev  0x00002af2      0x2e8 Middlewares\USB_Device_Library\usbd_cdc.o
 .debug_abbrev  0x00002dda      0x308 Middlewares\USB_Device_Library\usbd_core.o
 .debug_abbrev  0x000030e2      0x3aa Middlewares\USB_Device_Library\usbd_ctlreq.o
 .debug_abbrev  0x0000348c      0x1da Middlewares\USB_Device_Library\usbd_ioreq.o
 .debug_abbrev  0x00003666       0x58 Src\fonts.o
 .debug_abbrev  0x000036be      0x329 Src\ili9341_LCD.o
 .debug_abbrev  0x000039e7      0x381 Src\main.o
 .debug_abbrev  0x00003d68      0x411 Src\myfuncs.o
 .debug_abbrev  0x00004179      0x2d3 Src\printtext.o
 .debug_abbrev  0x0000444c      0x275 Src\stm32f1xx_hal_msp.o
 .debug_abbrev  0x000046c1      0x22d Src\stm32f1xx_it.o
 .debug_abbrev  0x000048ee      0x1eb Src\system_stm32f1xx.o
 .debug_abbrev  0x00004ad9      0x1e0 Src\usb_device.o
 .debug_abbrev  0x00004cb9      0x25a Src\usbcommands.o
 .debug_abbrev  0x00004f13      0x315 Src\usbd_cdc_if.o
 .debug_abbrev  0x00005228      0x2ea Src\usbd_conf.o
 .debug_abbrev  0x00005512      0x27b Src\usbd_desc.o
 .debug_abbrev  0x0000578d       0x12 startup\startup_stm32f103xb.o

.debug_loc      0x00000000     0xec86
 .debug_loc     0x00000000      0x11b Drivers\STM32F1xx_HAL_Driver\stm32f1xx_hal.o
 .debug_loc     0x0000011b      0x46b Drivers\STM32F1xx_HAL_Driver\stm32f1xx_hal_cortex.o
 .debug_loc     0x00000586      0x36a Drivers\STM32F1xx_HAL_Driver\stm32f1xx_hal_gpio.o
 .debug_loc     0x000008f0     0x2bdf Drivers\STM32F1xx_HAL_Driver\stm32f1xx_hal_i2c.o
 .debug_loc     0x000034cf      0x995 Drivers\STM32F1xx_HAL_Driver\stm32f1xx_hal_pcd.o
 .debug_loc     0x00003e64       0xe0 Drivers\STM32F1xx_HAL_Driver\stm32f1xx_hal_pcd_ex.o
 .debug_loc     0x00003f44      0x4c3 Drivers\STM32F1xx_HAL_Driver\stm32f1xx_hal_rcc.o
 .debug_loc     0x00004407      0x29d Drivers\STM32F1xx_HAL_Driver\stm32f1xx_hal_rcc_ex.o
 .debug_loc     0x000046a4     0x1525 Drivers\STM32F1xx_HAL_Driver\stm32f1xx_hal_spi.o
 .debug_loc     0x00005bc9       0x34 Drivers\STM32F1xx_HAL_Driver\stm32f1xx_hal_spi_ex.o
 .debug_loc     0x00005bfd     0x300c Drivers\STM32F1xx_HAL_Driver\stm32f1xx_hal_tim.o
 .debug_loc     0x00008c09      0x822 Drivers\STM32F1xx_HAL_Driver\stm32f1xx_hal_tim_ex.o
 .debug_loc     0x0000942b     0x1311 Drivers\STM32F1xx_HAL_Driver\stm32f1xx_hal_uart.o
 .debug_loc     0x0000a73c      0xb9c Drivers\STM32F1xx_HAL_Driver\stm32f1xx_ll_usb.o
 .debug_loc     0x0000b2d8      0x4cf Middlewares\USB_Device_Library\usbd_cdc.o
 .debug_loc     0x0000b7a7      0x5f2 Middlewares\USB_Device_Library\usbd_core.o
 .debug_loc     0x0000bd99      0x7cd Middlewares\USB_Device_Library\usbd_ctlreq.o
 .debug_loc     0x0000c566      0x23c Middlewares\USB_Device_Library\usbd_ioreq.o
 .debug_loc     0x0000c7a2      0x63b Src\ili9341_LCD.o
 .debug_loc     0x0000cddd      0x11c Src\main.o
 .debug_loc     0x0000cef9      0x567 Src\myfuncs.o
 .debug_loc     0x0000d460      0x7d5 Src\printtext.o
 .debug_loc     0x0000dc35      0x134 Src\stm32f1xx_hal_msp.o
 .debug_loc     0x0000dd69       0xcd Src\system_stm32f1xx.o
 .debug_loc     0x0000de36      0x14c Src\usbcommands.o
 .debug_loc     0x0000df82      0x12c Src\usbd_cdc_if.o
 .debug_loc     0x0000e0ae      0x965 Src\usbd_conf.o
 .debug_loc     0x0000ea13      0x273 Src\usbd_desc.o

.debug_aranges  0x00000000     0x12e8
 .debug_aranges
                0x00000000       0xc8 Drivers\STM32F1xx_HAL_Driver\stm32f1xx_hal.o
 .debug_aranges
                0x000000c8       0x90 Drivers\STM32F1xx_HAL_Driver\stm32f1xx_hal_cortex.o
 .debug_aranges
                0x00000158       0x58 Drivers\STM32F1xx_HAL_Driver\stm32f1xx_hal_gpio.o
 .debug_aranges
                0x000001b0      0x190 Drivers\STM32F1xx_HAL_Driver\stm32f1xx_hal_i2c.o
 .debug_aranges
                0x00000340       0xc0 Drivers\STM32F1xx_HAL_Driver\stm32f1xx_hal_pcd.o
 .debug_aranges
                0x00000400       0x28 Drivers\STM32F1xx_HAL_Driver\stm32f1xx_hal_pcd_ex.o
 .debug_aranges
                0x00000428       0x88 Drivers\STM32F1xx_HAL_Driver\stm32f1xx_hal_rcc.o
 .debug_aranges
                0x000004b0       0x30 Drivers\STM32F1xx_HAL_Driver\stm32f1xx_hal_rcc_ex.o
 .debug_aranges
                0x000004e0      0x188 Drivers\STM32F1xx_HAL_Driver\stm32f1xx_hal_spi.o
 .debug_aranges
                0x00000668       0x20 Drivers\STM32F1xx_HAL_Driver\stm32f1xx_hal_spi_ex.o
 .debug_aranges
                0x00000688      0x250 Drivers\STM32F1xx_HAL_Driver\stm32f1xx_hal_tim.o
 .debug_aranges
                0x000008d8       0xe8 Drivers\STM32F1xx_HAL_Driver\stm32f1xx_hal_tim_ex.o
 .debug_aranges
                0x000009c0      0x170 Drivers\STM32F1xx_HAL_Driver\stm32f1xx_hal_uart.o
 .debug_aranges
                0x00000b30       0xe0 Drivers\STM32F1xx_HAL_Driver\stm32f1xx_ll_usb.o
 .debug_aranges
                0x00000c10       0x90 Middlewares\USB_Device_Library\usbd_cdc.o
 .debug_aranges
                0x00000ca0       0xa8 Middlewares\USB_Device_Library\usbd_core.o
 .debug_aranges
                0x00000d48       0x50 Middlewares\USB_Device_Library\usbd_ctlreq.o
 .debug_aranges
                0x00000d98       0x50 Middlewares\USB_Device_Library\usbd_ioreq.o
 .debug_aranges
                0x00000de8       0x18 Src\fonts.o
 .debug_aranges
                0x00000e00       0x98 Src\ili9341_LCD.o
 .debug_aranges
                0x00000e98       0x30 Src\main.o
 .debug_aranges
                0x00000ec8       0xa8 Src\myfuncs.o
 .debug_aranges
                0x00000f70       0x80 Src\printtext.o
 .debug_aranges
                0x00000ff0       0x60 Src\stm32f1xx_hal_msp.o
 .debug_aranges
                0x00001050       0x58 Src\stm32f1xx_it.o
 .debug_aranges
                0x000010a8       0x28 Src\system_stm32f1xx.o
 .debug_aranges
                0x000010d0       0x20 Src\usb_device.o
 .debug_aranges
                0x000010f0       0x30 Src\usbcommands.o
 .debug_aranges
                0x00001120       0x40 Src\usbd_cdc_if.o
 .debug_aranges
                0x00001160      0x110 Src\usbd_conf.o
 .debug_aranges
                0x00001270       0x50 Src\usbd_desc.o
 .debug_aranges
                0x000012c0       0x28 startup\startup_stm32f103xb.o

.debug_ranges   0x00000000     0x1be0
 .debug_ranges  0x00000000       0xb8 Drivers\STM32F1xx_HAL_Driver\stm32f1xx_hal.o
 .debug_ranges  0x000000b8      0x128 Drivers\STM32F1xx_HAL_Driver\stm32f1xx_hal_cortex.o
 .debug_ranges  0x000001e0       0x60 Drivers\STM32F1xx_HAL_Driver\stm32f1xx_hal_gpio.o
 .debug_ranges  0x00000240      0x438 Drivers\STM32F1xx_HAL_Driver\stm32f1xx_hal_i2c.o
 .debug_ranges  0x00000678      0x118 Drivers\STM32F1xx_HAL_Driver\stm32f1xx_hal_pcd.o
 .debug_ranges  0x00000790       0x18 Drivers\STM32F1xx_HAL_Driver\stm32f1xx_hal_pcd_ex.o
 .debug_ranges  0x000007a8       0xa0 Drivers\STM32F1xx_HAL_Driver\stm32f1xx_hal_rcc.o
 .debug_ranges  0x00000848       0x40 Drivers\STM32F1xx_HAL_Driver\stm32f1xx_hal_rcc_ex.o
 .debug_ranges  0x00000888      0x1d8 Drivers\STM32F1xx_HAL_Driver\stm32f1xx_hal_spi.o
 .debug_ranges  0x00000a60       0x10 Drivers\STM32F1xx_HAL_Driver\stm32f1xx_hal_spi_ex.o
 .debug_ranges  0x00000a70      0x340 Drivers\STM32F1xx_HAL_Driver\stm32f1xx_hal_tim.o
 .debug_ranges  0x00000db0       0xd8 Drivers\STM32F1xx_HAL_Driver\stm32f1xx_hal_tim_ex.o
 .debug_ranges  0x00000e88      0x190 Drivers\STM32F1xx_HAL_Driver\stm32f1xx_hal_uart.o
 .debug_ranges  0x00001018      0x260 Drivers\STM32F1xx_HAL_Driver\stm32f1xx_ll_usb.o
 .debug_ranges  0x00001278       0x80 Middlewares\USB_Device_Library\usbd_cdc.o
 .debug_ranges  0x000012f8       0x98 Middlewares\USB_Device_Library\usbd_core.o
 .debug_ranges  0x00001390       0xc0 Middlewares\USB_Device_Library\usbd_ctlreq.o
 .debug_ranges  0x00001450       0x40 Middlewares\USB_Device_Library\usbd_ioreq.o
 .debug_ranges  0x00001490       0xa8 Src\ili9341_LCD.o
 .debug_ranges  0x00001538       0xe0 Src\main.o
 .debug_ranges  0x00001618       0xb0 Src\myfuncs.o
 .debug_ranges  0x000016c8      0x1c8 Src\printtext.o
 .debug_ranges  0x00001890       0xd8 Src\stm32f1xx_hal_msp.o
 .debug_ranges  0x00001968       0x48 Src\stm32f1xx_it.o
 .debug_ranges  0x000019b0       0x18 Src\system_stm32f1xx.o
 .debug_ranges  0x000019c8       0x10 Src\usb_device.o
 .debug_ranges  0x000019d8       0x50 Src\usbcommands.o
 .debug_ranges  0x00001a28       0x30 Src\usbd_cdc_if.o
 .debug_ranges  0x00001a58      0x128 Src\usbd_conf.o
 .debug_ranges  0x00001b80       0x40 Src\usbd_desc.o
 .debug_ranges  0x00001bc0       0x20 startup\startup_stm32f103xb.o

.debug_line     0x00000000     0xccde
 .debug_line    0x00000000      0x506 Drivers\STM32F1xx_HAL_Driver\stm32f1xx_hal.o
 .debug_line    0x00000506      0x4a1 Drivers\STM32F1xx_HAL_Driver\stm32f1xx_hal_cortex.o
 .debug_line    0x000009a7      0x4f2 Drivers\STM32F1xx_HAL_Driver\stm32f1xx_hal_gpio.o
 .debug_line    0x00000e99     0x1b32 Drivers\STM32F1xx_HAL_Driver\stm32f1xx_hal_i2c.o
 .debug_line    0x000029cb      0x796 Drivers\STM32F1xx_HAL_Driver\stm32f1xx_hal_pcd.o
 .debug_line    0x00003161      0x393 Drivers\STM32F1xx_HAL_Driver\stm32f1xx_hal_pcd_ex.o
 .debug_line    0x000034f4      0x6da Drivers\STM32F1xx_HAL_Driver\stm32f1xx_hal_rcc.o
 .debug_line    0x00003bce      0x473 Drivers\STM32F1xx_HAL_Driver\stm32f1xx_hal_rcc_ex.o
 .debug_line    0x00004041      0xc92 Drivers\STM32F1xx_HAL_Driver\stm32f1xx_hal_spi.o
 .debug_line    0x00004cd3      0x399 Drivers\STM32F1xx_HAL_Driver\stm32f1xx_hal_spi_ex.o
 .debug_line    0x0000506c     0x11f3 Drivers\STM32F1xx_HAL_Driver\stm32f1xx_hal_tim.o
 .debug_line    0x0000625f      0x795 Drivers\STM32F1xx_HAL_Driver\stm32f1xx_hal_tim_ex.o
 .debug_line    0x000069f4      0xcec Drivers\STM32F1xx_HAL_Driver\stm32f1xx_hal_uart.o
 .debug_line    0x000076e0      0x6bc Drivers\STM32F1xx_HAL_Driver\stm32f1xx_ll_usb.o
 .debug_line    0x00007d9c      0x5d8 Middlewares\USB_Device_Library\usbd_cdc.o
 .debug_line    0x00008374      0x58a Middlewares\USB_Device_Library\usbd_core.o
 .debug_line    0x000088fe      0x50a Middlewares\USB_Device_Library\usbd_ctlreq.o
 .debug_line    0x00008e08      0x420 Middlewares\USB_Device_Library\usbd_ioreq.o
 .debug_line    0x00009228       0x2f Src\fonts.o
 .debug_line    0x00009257      0x59b Src\ili9341_LCD.o
 .debug_line    0x000097f2      0x676 Src\main.o
 .debug_line    0x00009e68      0x740 Src\myfuncs.o
 .debug_line    0x0000a5a8      0x4a1 Src\printtext.o
 .debug_line    0x0000aa49      0x49a Src\stm32f1xx_hal_msp.o
 .debug_line    0x0000aee3      0x3e5 Src\stm32f1xx_it.o
 .debug_line    0x0000b2c8      0x2bf Src\system_stm32f1xx.o
 .debug_line    0x0000b587      0x3fb Src\usb_device.o
 .debug_line    0x0000b982      0x3d3 Src\usbcommands.o
 .debug_line    0x0000bd55      0x427 Src\usbd_cdc_if.o
 .debug_line    0x0000c17c      0x71d Src\usbd_conf.o
 .debug_line    0x0000c899      0x3c8 Src\usbd_desc.o
 .debug_line    0x0000cc61       0x7d startup\startup_stm32f103xb.o

.debug_str      0x00000000     0x6430
 .debug_str     0x00000000      0xbfe Drivers\STM32F1xx_HAL_Driver\stm32f1xx_hal.o
                                0xcaa (size before relaxing)
 .debug_str     0x00000bfe      0x319 Drivers\STM32F1xx_HAL_Driver\stm32f1xx_hal_cortex.o
                                0xd58 (size before relaxing)
 .debug_str     0x00000f17      0x201 Drivers\STM32F1xx_HAL_Driver\stm32f1xx_hal_gpio.o
                                0x8c5 (size before relaxing)
 .debug_str     0x00001118      0xc5a Drivers\STM32F1xx_HAL_Driver\stm32f1xx_hal_i2c.o
                               0x135b (size before relaxing)
 .debug_str     0x00001d72      0x7cf Drivers\STM32F1xx_HAL_Driver\stm32f1xx_hal_pcd.o
                                0xebf (size before relaxing)
 .debug_str     0x00002541       0x8f Drivers\STM32F1xx_HAL_Driver\stm32f1xx_hal_pcd_ex.o
                                0x9ea (size before relaxing)
 .debug_str     0x000025d0      0x33e Drivers\STM32F1xx_HAL_Driver\stm32f1xx_hal_rcc.o
                                0xaa3 (size before relaxing)
 .debug_str     0x0000290e      0x163 Drivers\STM32F1xx_HAL_Driver\stm32f1xx_hal_rcc_ex.o
                                0x880 (size before relaxing)
 .debug_str     0x00002a71      0x6cf Drivers\STM32F1xx_HAL_Driver\stm32f1xx_hal_spi.o
                                0xf98 (size before relaxing)
 .debug_str     0x00003140       0x73 Drivers\STM32F1xx_HAL_Driver\stm32f1xx_hal_spi_ex.o
                                0xa80 (size before relaxing)
 .debug_str     0x000031b3      0xf3d Drivers\STM32F1xx_HAL_Driver\stm32f1xx_hal_tim.o
                               0x17f4 (size before relaxing)
 .debug_str     0x000040f0      0x529 Drivers\STM32F1xx_HAL_Driver\stm32f1xx_hal_tim_ex.o
                               0x1096 (size before relaxing)
 .debug_str     0x00004619      0x6ad Drivers\STM32F1xx_HAL_Driver\stm32f1xx_hal_uart.o
                               0x100d (size before relaxing)
 .debug_str     0x00004cc6      0x187 Drivers\STM32F1xx_HAL_Driver\stm32f1xx_ll_usb.o
                                0xbbd (size before relaxing)
 .debug_str     0x00004e4d      0x677 Middlewares\USB_Device_Library\usbd_cdc.o
                                0xd69 (size before relaxing)
 .debug_str     0x000054c4      0x2d8 Middlewares\USB_Device_Library\usbd_core.o
                                0xcdb (size before relaxing)
 .debug_str     0x0000579c      0x166 Middlewares\USB_Device_Library\usbd_ctlreq.o
                                0xbf5 (size before relaxing)
 .debug_str     0x00005902       0x89 Middlewares\USB_Device_Library\usbd_ioreq.o
                                0xb22 (size before relaxing)
 .debug_str     0x0000598b       0x4f Src\fonts.o
                                0x14b (size before relaxing)
 .debug_str     0x000059da      0x21d Src\ili9341_LCD.o
                                0xc52 (size before relaxing)
 .debug_str     0x00005bf7      0x261 Src\main.o
                               0x1ce7 (size before relaxing)
 .debug_str     0x00005e58      0x14f Src\myfuncs.o
                               0x1111 (size before relaxing)
 .debug_str     0x00005fa7       0xc8 Src\printtext.o
                                0x764 (size before relaxing)
 .debug_str     0x0000606f       0x25 Src\stm32f1xx_hal_msp.o
                               0x1420 (size before relaxing)
 .debug_str     0x00006094      0x11f Src\stm32f1xx_it.o
                                0xdd2 (size before relaxing)
 .debug_str     0x000061b3       0x4d Src\system_stm32f1xx.o
                                0x6f6 (size before relaxing)
 .debug_str     0x00006200       0x14 Src\usb_device.o
                                0xa83 (size before relaxing)
 .debug_str     0x00006214       0x45 Src\usbcommands.o
                                0x732 (size before relaxing)
 .debug_str     0x00006259       0x78 Src\usbd_cdc_if.o
                                0xbaa (size before relaxing)
 .debug_str     0x000062d1       0x51 Src\usbd_conf.o
                               0x1584 (size before relaxing)