myfuncs.c:31:6:Delay_us	0	static
myfuncs.c:75:10:DHT22_GetHumidity	0	static
myfuncs.c:80:10:DHT22_GetTemperature	0	static
myfuncs.c:87:5:readDHT22Data	24	static
myfuncs.c:153:10:DHT22_DecodeReadings	20	static
myfuncs.c:192:5:readUSBSerial	8	static
myfuncs.c:211:5:writeUSBSerial	8	static
myfuncs.c:279:5:getCurrentDate	32	static
myfuncs.c:342:15:MinToBIN	0	static
myfuncs.c:335:15:SecToBIN	0	static
myfuncs.c:349:15:HourToBIN	0	static
myfuncs.c:258:5:setCurrentTime	32	static
myfuncs.c:366:15:BINtoMin	0	static
myfuncs.c:359:15:BINtoSec	0	static
myfuncs.c:373:15:BINtoHour	0	static
myfuncs.c:222:5:getCurrentTime	32	static
myfuncs.c:382:5:BINtoDate	8	static
myfuncs.c:392:5:DatetoBIN	24	static
myfuncs.c:306:5:setCurrentDate	40	static
myfuncs.c:413:5:paintInterface	0	static
